Archive member included to satisfy reference by file (symbol)

/home/sae512/.arduino15/packages/RMESS/tools/gcc-arm-none-eabi/5_2-2015q4/bin/../lib/gcc/arm-none-eabi/5.2.1/../../../../arm-none-eabi/lib/armv7e-m/fpu/libm.a(lib_a-w_log10.o)
                              /tmp/arduino/sketches/6410D19507041D3191A7EECFF5040193/libraries/DecaDuino/DecaDuino.cpp.o (log10)
/home/sae512/.arduino15/packages/RMESS/tools/gcc-arm-none-eabi/5_2-2015q4/bin/../lib/gcc/arm-none-eabi/5.2.1/../../../../arm-none-eabi/lib/armv7e-m/fpu/libm.a(lib_a-e_log10.o)
                              /home/sae512/.arduino15/packages/RMESS/tools/gcc-arm-none-eabi/5_2-2015q4/bin/../lib/gcc/arm-none-eabi/5.2.1/../../../../arm-none-eabi/lib/armv7e-m/fpu/libm.a(lib_a-w_log10.o) (__ieee754_log10)
/home/sae512/.arduino15/packages/RMESS/tools/gcc-arm-none-eabi/5_2-2015q4/bin/../lib/gcc/arm-none-eabi/5.2.1/../../../../arm-none-eabi/lib/armv7e-m/fpu/libm.a(lib_a-s_fpclassify.o)
                              /home/sae512/.arduino15/packages/RMESS/tools/gcc-arm-none-eabi/5_2-2015q4/bin/../lib/gcc/arm-none-eabi/5.2.1/../../../../arm-none-eabi/lib/armv7e-m/fpu/libm.a(lib_a-w_log10.o) (__fpclassifyd)
/home/sae512/.arduino15/packages/RMESS/tools/gcc-arm-none-eabi/5_2-2015q4/bin/../lib/gcc/arm-none-eabi/5.2.1/../../../../arm-none-eabi/lib/armv7e-m/fpu/libm.a(lib_a-s_lib_ver.o)
                              /home/sae512/.arduino15/packages/RMESS/tools/gcc-arm-none-eabi/5_2-2015q4/bin/../lib/gcc/arm-none-eabi/5.2.1/../../../../arm-none-eabi/lib/armv7e-m/fpu/libm.a(lib_a-w_log10.o) (__fdlib_version)
/home/sae512/.arduino15/packages/RMESS/tools/gcc-arm-none-eabi/5_2-2015q4/bin/../lib/gcc/arm-none-eabi/5.2.1/../../../../arm-none-eabi/lib/armv7e-m/fpu/libm.a(lib_a-s_matherr.o)
                              /home/sae512/.arduino15/packages/RMESS/tools/gcc-arm-none-eabi/5_2-2015q4/bin/../lib/gcc/arm-none-eabi/5.2.1/../../../../arm-none-eabi/lib/armv7e-m/fpu/libm.a(lib_a-w_log10.o) (matherr)
/home/sae512/.arduino15/packages/RMESS/tools/gcc-arm-none-eabi/5_2-2015q4/bin/../lib/gcc/arm-none-eabi/5.2.1/../../../../arm-none-eabi/lib/armv7e-m/fpu/libm.a(lib_a-s_nan.o)
                              /home/sae512/.arduino15/packages/RMESS/tools/gcc-arm-none-eabi/5_2-2015q4/bin/../lib/gcc/arm-none-eabi/5.2.1/../../../../arm-none-eabi/lib/armv7e-m/fpu/libm.a(lib_a-w_log10.o) (nan)
/home/sae512/.arduino15/packages/RMESS/tools/gcc-arm-none-eabi/5_2-2015q4/bin/../lib/gcc/arm-none-eabi/5.2.1/../../../../arm-none-eabi/lib/armv7e-m/fpu/libm.a(lib_a-e_log.o)
                              /home/sae512/.arduino15/packages/RMESS/tools/gcc-arm-none-eabi/5_2-2015q4/bin/../lib/gcc/arm-none-eabi/5.2.1/../../../../arm-none-eabi/lib/armv7e-m/fpu/libm.a(lib_a-e_log10.o) (__ieee754_log)
/tmp/arduino/sketches/6410D19507041D3191A7EECFF5040193/../../cores/RMESS_nRF5_DWM1001-DEV_softdevice_none_a3bb6c47e8a15569f3a1fd5e1f800b74/core.a(Print.cpp.o)
                              /tmp/arduino/sketches/6410D19507041D3191A7EECFF5040193/libraries/printfToSerial/printfToSerial.cpp.o (Print::write(unsigned char const*, unsigned int))
/tmp/arduino/sketches/6410D19507041D3191A7EECFF5040193/../../cores/RMESS_nRF5_DWM1001-DEV_softdevice_none_a3bb6c47e8a15569f3a1fd5e1f800b74/core.a(gcc_startup_nrf52.S.o)
                              (Reset_Handler)
/tmp/arduino/sketches/6410D19507041D3191A7EECFF5040193/../../cores/RMESS_nRF5_DWM1001-DEV_softdevice_none_a3bb6c47e8a15569f3a1fd5e1f800b74/core.a(system_nrf52.c.o)
                              /tmp/arduino/sketches/6410D19507041D3191A7EECFF5040193/../../cores/RMESS_nRF5_DWM1001-DEV_softdevice_none_a3bb6c47e8a15569f3a1fd5e1f800b74/core.a(gcc_startup_nrf52.S.o) (SystemInit)
/tmp/arduino/sketches/6410D19507041D3191A7EECFF5040193/../../cores/RMESS_nRF5_DWM1001-DEV_softdevice_none_a3bb6c47e8a15569f3a1fd5e1f800b74/core.a(Uart.cpp.o)
                              /tmp/arduino/sketches/6410D19507041D3191A7EECFF5040193/sketch/ODS_AR.ino.cpp.o (Uart::begin(unsigned long))
/tmp/arduino/sketches/6410D19507041D3191A7EECFF5040193/../../cores/RMESS_nRF5_DWM1001-DEV_softdevice_none_a3bb6c47e8a15569f3a1fd5e1f800b74/core.a(WInterrupts.c.o)
                              /tmp/arduino/sketches/6410D19507041D3191A7EECFF5040193/libraries/DecaDuino/DecaDuino.cpp.o (attachInterrupt)
/tmp/arduino/sketches/6410D19507041D3191A7EECFF5040193/../../cores/RMESS_nRF5_DWM1001-DEV_softdevice_none_a3bb6c47e8a15569f3a1fd5e1f800b74/core.a(abi.cpp.o)
                              /tmp/arduino/sketches/6410D19507041D3191A7EECFF5040193/../../cores/RMESS_nRF5_DWM1001-DEV_softdevice_none_a3bb6c47e8a15569f3a1fd5e1f800b74/core.a(Print.cpp.o) (__cxa_pure_virtual)
/tmp/arduino/sketches/6410D19507041D3191A7EECFF5040193/../../cores/RMESS_nRF5_DWM1001-DEV_softdevice_none_a3bb6c47e8a15569f3a1fd5e1f800b74/core.a(delay.c.o)
                              /tmp/arduino/sketches/6410D19507041D3191A7EECFF5040193/sketch/ODS_AR.ino.cpp.o (millis)
[...]
Memory Configuration

Name             Origin             Length             Attributes
FLASH            0x00000000         0x00080000         xr
RAM              0x20000000         0x00010000         xrw
CODE_RAM         0x00800000         0x00010000         xrw
*default*        0x00000000         0xffffffff

Linker script and memory map

LOAD /home/sae512/.arduino15/packages/RMESS/tools/gcc-arm-none-eabi/5_2-2015q4/bin/../lib/gcc/arm-none-eabi/5.2.1/armv7e-m/fpu/crti.o
LOAD /home/sae512/.arduino15/packages/RMESS/tools/gcc-arm-none-eabi/5_2-2015q4/bin/../lib/gcc/arm-none-eabi/5.2.1/armv7e-m/fpu/crtbegin.o
LOAD /home/sae512/.arduino15/packages/RMESS/tools/gcc-arm-none-eabi/5_2-2015q4/bin/../lib/gcc/arm-none-eabi/5.2.1/../../../../arm-none-eabi/lib/armv7e-m/fpu/crt0.o
LOAD /tmp/arduino/sketches/6410D19507041D3191A7EECFF5040193/sketch/ODS_AR.ino.cpp.o
LOAD /tmp/arduino/sketches/6410D19507041D3191A7EECFF5040193/libraries/SPI/SPI.cpp.o
LOAD /tmp/arduino/sketches/6410D19507041D3191A7EECFF5040193/libraries/DecaDuino/DecaDuino.cpp.o
LOAD /tmp/arduino/sketches/6410D19507041D3191A7EECFF5040193/libraries/printfToSerial/printfToSerial.cpp.o
LOAD /tmp/arduino/sketches/6410D19507041D3191A7EECFF5040193/core/variant.cpp.o
START GROUP
LOAD /home/sae512/.arduino15/packages/RMESS/tools/gcc-arm-none-eabi/5_2-2015q4/bin/../lib/gcc/arm-none-eabi/5.2.1/../../../../arm-none-eabi/lib/armv7e-m/fpu/libm.a
LOAD /tmp/arduino/sketches/6410D19507041D3191A7EECFF5040193/../../cores/RMESS_nRF5_DWM1001-DEV_softdevice_none_a3bb6c47e8a15569f3a1fd5e1f800b74/core.a
END GROUP
START GROUP
LOAD /home/sae512/.arduino15/packages/RMESS/tools/gcc-arm-none-eabi/5_2-2015q4/bin/../lib/gcc/arm-none-eabi/5.2.1/armv7e-m/fpu/libgcc.a
LOAD /home/sae512/.arduino15/packages/RMESS/tools/gcc-arm-none-eabi/5_2-2015q4/bin/../lib/gcc/arm-none-eabi/5.2.1/../../../../arm-none-eabi/lib/armv7e-m/fpu/libc_nano.a
END GROUP
START GROUP
LOAD /home/sae512/.arduino15/packages/RMESS/tools/gcc-arm-none-eabi/5_2-2015q4/bin/../lib/gcc/arm-none-eabi/5.2.1/armv7e-m/fpu/libgcc.a
LOAD /home/sae512/.arduino15/packages/RMESS/tools/gcc-arm-none-eabi/5_2-2015q4/bin/../lib/gcc/arm-none-eabi/5.2.1/../../../../arm-none-eabi/lib/armv7e-m/fpu/libc_nano.a
LOAD /home/sae512/.arduino15/packages/RMESS/tools/gcc-arm-none-eabi/5_2-2015q4/bin/../lib/gcc/arm-none-eabi/5.2.1/../../../../arm-none-eabi/lib/armv7e-m/fpu/libnosys.a
END GROUP
START GROUP
LOAD /home/sae512/.arduino15/packages/RMESS/tools/gcc-arm-none-eabi/5_2-2015q4/bin/../lib/gcc/arm-none-eabi/5.2.1/armv7e-m/fpu/libgcc.a
LOAD /home/sae512/.arduino15/packages/RMESS/tools/gcc-arm-none-eabi/5_2-2015q4/bin/../lib/gcc/arm-none-eabi/5.2.1/../../../../arm-none-eabi/lib/armv7e-m/fpu/libc_nano.a
LOAD /home/sae512/.arduino15/packages/RMESS/tools/gcc-arm-none-eabi/5_2-2015q4/bin/../lib/gcc/arm-none-eabi/5.2.1/../../../../arm-none-eabi/lib/armv7e-m/fpu/libnosys.a
END GROUP
LOAD /home/sae512/.arduino15/packages/RMESS/tools/gcc-arm-none-eabi/5_2-2015q4/bin/../lib/gcc/arm-none-eabi/5.2.1/armv7e-m/fpu/crtend.o
LOAD /home/sae512/.arduino15/packages/RMESS/tools/gcc-arm-none-eabi/5_2-2015q4/bin/../lib/gcc/arm-none-eabi/5.2.1/armv7e-m/fpu/crtn.o
START GROUP
LOAD /home/sae512/.arduino15/packages/RMESS/tools/gcc-arm-none-eabi/5_2-2015q4/bin/../lib/gcc/arm-none-eabi/5.2.1/armv7e-m/fpu/libgcc.a
LOAD /home/sae512/.arduino15/packages/RMESS/tools/gcc-arm-none-eabi/5_2-2015q4/bin/../lib/gcc/arm-none-eabi/5.2.1/../../../../arm-none-eabi/lib/armv7e-m/fpu/libc.a
LOAD /home/sae512/.arduino15/packages/RMESS/tools/gcc-arm-none-eabi/5_2-2015q4/bin/../lib/gcc/arm-none-eabi/5.2.1/../../../../arm-none-eabi/lib/armv7e-m/fpu/libnosys.a
END GROUP

.text           0x00000000     0x63d0
 *(.isr_vector)
 .isr_vector    0x00000000      0x200 /tmp/arduino/sketches/6410D19507041D3191A7EECFF5040193/../../cores/RMESS_nRF5_DWM1001-DEV_softdevice_none_a3bb6c47e8a15569f3a1fd5e1f800b74/core.a(gcc_startup_nrf52.S.o)
                0x00000000                __isr_vector
 *(.text*)
 .text          0x00000200       0xa4 /home/sae512/.arduino15/packages/RMESS/tools/gcc-arm-none-eabi/5_2-2015q4/bin/../lib/gcc/arm-none-eabi/5.2.1/armv7e-m/fpu/crtbegin.o
 .text          0x000002a4       0x74 /home/sae512/.arduino15/packages/RMESS/tools/gcc-arm-none-eabi/5_2-2015q4/bin/../lib/gcc/arm-none-eabi/5.2.1/../../../../arm-none-eabi/lib/armv7e-m/fpu/crt0.o
                0x000002a4                _mainCRTStartup
                0x000002a4                _start
 .text.loop     0x00000318      0x420 /tmp/arduino/sketches/6410D19507041D3191A7EECFF5040193/sketch/ODS_AR.ino.cpp.o
                0x00000318                loop
 .text.startup._GLOBAL__sub_I_tR1
                0x00000738       0x10 /tmp/arduino/sketches/6410D19507041D3191A7EECFF5040193/sketch/ODS_AR.ino.cpp.o
 .text.setup    0x00000748       0x48 /tmp/arduino/sketches/6410D19507041D3191A7EECFF5040193/sketch/ODS_AR.ino.cpp.o
                0x00000748                setup
 .text._ZN8SPIClassC2EP12NRF_SPI_Typehhh
                0x00000790       0x48 /tmp/arduino/sketches/6410D19507041D3191A7EECFF5040193/libraries/SPI/SPI.cpp.o
                0x00000790                SPIClass::SPIClass(NRF_SPI_Type*, unsigned char, unsigned char, unsigned char)
                0x00000790                SPIClass::SPIClass(NRF_SPI_Type*, unsigned char, unsigned char, unsigned char)
 .text._ZN8SPIClass4initEv
                0x000007d8       0x10 /tmp/arduino/sketches/6410D19507041D3191A7EECFF5040193/libraries/SPI/SPI.cpp.o
                0x000007d8                SPIClass::init()
 .text._ZN8SPIClass6configE11SPISettings
                0x000007e8       0x48 /tmp/arduino/sketches/6410D19507041D3191A7EECFF5040193/libraries/SPI/SPI.cpp.o
                0x000007e8                SPIClass::config(SPISettings)
 .text._ZN8SPIClass5beginEv
                0x00000830       0x2c /tmp/arduino/sketches/6410D19507041D3191A7EECFF5040193/libraries/SPI/SPI.cpp.o
                0x00000830                SPIClass::begin()
 .text._ZN8SPIClass16beginTransactionE11SPISettings
                0x0000085c       0x18 /tmp/arduino/sketches/6410D19507041D3191A7EECFF5040193/libraries/SPI/SPI.cpp.o
                0x0000085c                SPIClass::beginTransaction(SPISettings)
 .text._ZN8SPIClass14endTransactionEv
                0x00000874        0x2 /tmp/arduino/sketches/6410D19507041D3191A7EECFF5040193/libraries/SPI/SPI.cpp.o
                0x00000874                SPIClass::endTransaction()
 .text._ZN8SPIClass8transferEh
                0x00000876       0x1c /tmp/arduino/sketches/6410D19507041D3191A7EECFF5040193/libraries/SPI/SPI.cpp.o
                0x00000876                SPIClass::transfer(unsigned char)
 *fill*         0x00000892        0x2 
 .text.startup._GLOBAL__sub_I__ZN8SPIClassC2EP12NRF_SPI_Typehhh
                0x00000894       0x4c /tmp/arduino/sketches/6410D19507041D3191A7EECFF5040193/libraries/SPI/SPI.cpp.o
 .text._ZL10end_atomicm
                0x000008e0        0x6 /tmp/arduino/sketches/6410D19507041D3191A7EECFF5040193/libraries/DecaDuino/DecaDuino.cpp.o
 *fill*         0x000008e6        0x2 
 .text._ZN9DecaDuino4isr0Ev
                0x000008e8       0x10 /tmp/arduino/sketches/6410D19507041D3191A7EECFF5040193/libraries/DecaDuino/DecaDuino.cpp.o
                0x000008e8                DecaDuino::isr0()
 .text._ZN9DecaDuinoC2Ehh
                0x000008f8       0x96 /tmp/arduino/sketches/6410D19507041D3191A7EECFF5040193/libraries/DecaDuino/DecaDuino.cpp.o
                0x000008f8                DecaDuino::DecaDuino(unsigned char, unsigned char)
                0x000008f8                DecaDuino::DecaDuino(unsigned char, unsigned char)
 .text._ZN9DecaDuino14hasTxSucceededEv
                0x0000098e        0x6 /tmp/arduino/sketches/6410D19507041D3191A7EECFF5040193/libraries/DecaDuino/DecaDuino.cpp.o
                0x0000098e                DecaDuino::hasTxSucceeded()
 .text._ZN9DecaDuino11setRxBufferEPhPt
                0x00000994       0x10 /tmp/arduino/sketches/6410D19507041D3191A7EECFF5040193/libraries/DecaDuino/DecaDuino.cpp.o
                0x00000994                DecaDuino::setRxBuffer(unsigned char*, unsigned short*)
 .text._ZN9DecaDuino16rxFrameAvailableEv
                0x000009a4       0x14 /tmp/arduino/sketches/6410D19507041D3191A7EECFF5040193/libraries/DecaDuino/DecaDuino.cpp.o
                0x000009a4                DecaDuino::rxFrameAvailable()
 .text._ZN9DecaDuino8spi_sendEPht
                0x000009b8       0x20 /tmp/arduino/sketches/6410D19507041D3191A7EECFF5040193/libraries/DecaDuino/DecaDuino.cpp.o
                0x000009b8                DecaDuino::spi_send(unsigned char*, unsigned short)
 .text._ZN9DecaDuino11spi_receiveEPht
                0x000009d8       0x24 /tmp/arduino/sketches/6410D19507041D3191A7EECFF5040193/libraries/DecaDuino/DecaDuino.cpp.o
                0x000009d8                DecaDuino::spi_receive(unsigned char*, unsigned short)
 .text._ZN9DecaDuino7readSpiEhPht
                0x000009fc       0x5c /tmp/arduino/sketches/6410D19507041D3191A7EECFF5040193/libraries/DecaDuino/DecaDuino.cpp.o
                0x000009fc                DecaDuino::readSpi(unsigned char, unsigned char*, unsigned short)
 .text._ZN9DecaDuino17readSpiSubAddressEhtPht
                0x00000a58       0xa0 /tmp/arduino/sketches/6410D19507041D3191A7EECFF5040193/libraries/DecaDuino/DecaDuino.cpp.o
                0x00000a58                DecaDuino::readSpiSubAddress(unsigned char, unsigned short, unsigned char*, unsigned short)
 .text._ZN9DecaDuino8writeSpiEhPht
                0x00000af8       0x60 /tmp/arduino/sketches/6410D19507041D3191A7EECFF5040193/libraries/DecaDuino/DecaDuino.cpp.o
                0x00000af8                DecaDuino::writeSpi(unsigned char, unsigned char*, unsigned short)
 .text._ZN9DecaDuino18writeSpiSubAddressEhtPht
                0x00000b58       0x9c /tmp/arduino/sketches/6410D19507041D3191A7EECFF5040193/libraries/DecaDuino/DecaDuino.cpp.o
                0x00000b58                DecaDuino::writeSpiSubAddress(unsigned char, unsigned short, unsigned char*, unsigned short)
 .text._ZN9DecaDuino7readOTPEtPh
                0x00000bf4       0x6a /tmp/arduino/sketches/6410D19507041D3191A7EECFF5040193/libraries/DecaDuino/DecaDuino.cpp.o
                0x00000bf4                DecaDuino::readOTP(unsigned short, unsigned char*)
 .text._ZN9DecaDuino12decodeUint32EPh
                0x00000c5e        0x4 /tmp/arduino/sketches/6410D19507041D3191A7EECFF5040193/libraries/DecaDuino/DecaDuino.cpp.o
                0x00000c5e                DecaDuino::decodeUint32(unsigned char*)
 .text._ZN9DecaDuino13readSpiUint32Eh
                0x00000c62       0x1a /tmp/arduino/sketches/6410D19507041D3191A7EECFF5040193/libraries/DecaDuino/DecaDuino.cpp.o
                0x00000c62                DecaDuino::readSpiUint32(unsigned char)
 .text._ZN9DecaDuino12encodeUint32EmPh
                0x00000c7c       0x10 /tmp/arduino/sketches/6410D19507041D3191A7EECFF5040193/libraries/DecaDuino/DecaDuino.cpp.o
                0x00000c7c                DecaDuino::encodeUint32(unsigned long, unsigned char*)
 .text._ZN9DecaDuino14writeSpiUint32Ehm
                0x00000c8c       0x1c /tmp/arduino/sketches/6410D19507041D3191A7EECFF5040193/libraries/DecaDuino/DecaDuino.cpp.o
                0x00000c8c                DecaDuino::writeSpiUint32(unsigned char, unsigned long)
 .text._ZN9DecaDuino11resetDW1000Ev
                0x00000ca8      0x1e8 /tmp/arduino/sketches/6410D19507041D3191A7EECFF5040193/libraries/DecaDuino/DecaDuino.cpp.o
                0x00000ca8                DecaDuino::resetDW1000()
 .text._ZN9DecaDuino19plmeRxEnableRequestEv
                0x00000e90       0x1e /tmp/arduino/sketches/6410D19507041D3191A7EECFF5040193/libraries/DecaDuino/DecaDuino.cpp.o
                0x00000e90                DecaDuino::plmeRxEnableRequest()
 .text._ZN9DecaDuino20plmeRxDisableRequestEv
                0x00000eae       0x1a /tmp/arduino/sketches/6410D19507041D3191A7EECFF5040193/libraries/DecaDuino/DecaDuino.cpp.o
                0x00000eae                DecaDuino::plmeRxDisableRequest()
 .text._ZN9DecaDuino12decodeUint40EPh
                0x00000ec8       0x14 /tmp/arduino/sketches/6410D19507041D3191A7EECFF5040193/libraries/DecaDuino/DecaDuino.cpp.o
                0x00000ec8                DecaDuino::decodeUint40(unsigned char*)
 .text._ZN9DecaDuino12decodeUint64EPh
                0x00000edc       0x22 /tmp/arduino/sketches/6410D19507041D3191A7EECFF5040193/libraries/DecaDuino/DecaDuino.cpp.o
                0x00000edc                DecaDuino::decodeUint64(unsigned char*)
 .text._ZN9DecaDuino12encodeUint64EyPh
                0x00000efe       0x20 /tmp/arduino/sketches/6410D19507041D3191A7EECFF5040193/libraries/DecaDuino/DecaDuino.cpp.o
                0x00000efe                DecaDuino::encodeUint64(unsigned long long, unsigned char*)
 .text._ZN9DecaDuino14isTxPowerSmartEv
                0x00000f1e       0x12 /tmp/arduino/sketches/6410D19507041D3191A7EECFF5040193/libraries/DecaDuino/DecaDuino.cpp.o
                0x00000f1e                DecaDuino::isTxPowerSmart()
 .text._ZN9DecaDuino31setManualTxPowerRawFullRegisterEm
                0x00000f30       0x26 /tmp/arduino/sketches/6410D19507041D3191A7EECFF5040193/libraries/DecaDuino/DecaDuino.cpp.o
                0x00000f30                DecaDuino::setManualTxPowerRawFullRegister(unsigned long)
 .text._ZN9DecaDuino15isTxPowerManualEv
                0x00000f56        0xe /tmp/arduino/sketches/6410D19507041D3191A7EECFF5040193/libraries/DecaDuino/DecaDuino.cpp.o
                0x00000f56                DecaDuino::isTxPowerManual()
 .text._ZN9DecaDuino18getLastRxTimestampEv
                0x00000f64        0xa /tmp/arduino/sketches/6410D19507041D3191A7EECFF5040193/libraries/DecaDuino/DecaDuino.cpp.o
                0x00000f64                DecaDuino::getLastRxTimestamp()
 *fill*         0x00000f6e        0x2 
 .text._ZN9DecaDuino17computeRxDurationEij
                0x00000f70      0x150 /tmp/arduino/sketches/6410D19507041D3191A7EECFF5040193/libraries/DecaDuino/DecaDuino.cpp.o
                0x00000f70                DecaDuino::computeRxDuration(int, unsigned int)
 .text._ZN9DecaDuino6engineEv
                0x000010c0      0x2d8 /tmp/arduino/sketches/6410D19507041D3191A7EECFF5040193/libraries/DecaDuino/DecaDuino.cpp.o
                0x000010c0                DecaDuino::engine()
 .text._ZN9DecaDuino7getEuidEv
                0x00001398       0x1a /tmp/arduino/sketches/6410D19507041D3191A7EECFF5040193/libraries/DecaDuino/DecaDuino.cpp.o
                0x00001398                DecaDuino::getEuid()
 .text._ZN9DecaDuino23setShortAddressAndPanIdEm
                0x000013b2       0x1e /tmp/arduino/sketches/6410D19507041D3191A7EECFF5040193/libraries/DecaDuino/DecaDuino.cpp.o
                0x000013b2                DecaDuino::setShortAddressAndPanId(unsigned long)
 .text._ZN9DecaDuino13getChannelRawEv
                0x000013d0       0x1c /tmp/arduino/sketches/6410D19507041D3191A7EECFF5040193/libraries/DecaDuino/DecaDuino.cpp.o
                0x000013d0                DecaDuino::getChannelRaw()
 .text._ZN9DecaDuino10getChannelEv
                0x000013ec        0xc /tmp/arduino/sketches/6410D19507041D3191A7EECFF5040193/libraries/DecaDuino/DecaDuino.cpp.o
                0x000013ec                DecaDuino::getChannel()
 .text._ZN9DecaDuino14getChanControlEv
                0x000013f8        0x6 /tmp/arduino/sketches/6410D19507041D3191A7EECFF5040193/libraries/DecaDuino/DecaDuino.cpp.o
                0x000013f8                DecaDuino::getChanControl()
 .text._ZN9DecaDuino8getRxPrfEv
                0x000013fe       0x1e /tmp/arduino/sketches/6410D19507041D3191A7EECFF5040193/libraries/DecaDuino/DecaDuino.cpp.o
                0x000013fe                DecaDuino::getRxPrf()
 .text._ZN9DecaDuino8getTxPrfEv
                0x0000141c       0x1e /tmp/arduino/sketches/6410D19507041D3191A7EECFF5040193/libraries/DecaDuino/DecaDuino.cpp.o
                0x0000141c                DecaDuino::getTxPrf()
 *fill*         0x0000143a        0x2 
 .text._ZN9DecaDuino21writeSmartTxPowerConfEv
                0x0000143c       0x40 /tmp/arduino/sketches/6410D19507041D3191A7EECFF5040193/libraries/DecaDuino/DecaDuino.cpp.o
                0x0000143c                DecaDuino::writeSmartTxPowerConf()
 .text._ZN9DecaDuino15setSmartTxPowerEb
                0x0000147c       0x24 /tmp/arduino/sketches/6410D19507041D3191A7EECFF5040193/libraries/DecaDuino/DecaDuino.cpp.o
                0x0000147c                DecaDuino::setSmartTxPower(bool)
 .text._ZN9DecaDuino32writeRecommendedFixedTxPowerConfEv
                0x000014a0       0x3c /tmp/arduino/sketches/6410D19507041D3191A7EECFF5040193/libraries/DecaDuino/DecaDuino.cpp.o
                0x000014a0                DecaDuino::writeRecommendedFixedTxPowerConf()
 .text._ZN9DecaDuino10getTxPcodeEv
                0x000014dc        0xe /tmp/arduino/sketches/6410D19507041D3191A7EECFF5040193/libraries/DecaDuino/DecaDuino.cpp.o
                0x000014dc                DecaDuino::getTxPcode()
 .text._ZN9DecaDuino8setRxPACEh
                0x000014ea       0xe6 /tmp/arduino/sketches/6410D19507041D3191A7EECFF5040193/libraries/DecaDuino/DecaDuino.cpp.o
                0x000014ea                DecaDuino::setRxPAC(unsigned char)
 .text._ZN9DecaDuino8setTxPrfEh
                0x000015d0       0x5c /tmp/arduino/sketches/6410D19507041D3191A7EECFF5040193/libraries/DecaDuino/DecaDuino.cpp.o
                0x000015d0                DecaDuino::setTxPrf(unsigned char)
 .text._ZN9DecaDuino18recommendedPACSizeEt
                0x0000162c       0x1e /tmp/arduino/sketches/6410D19507041D3191A7EECFF5040193/libraries/DecaDuino/DecaDuino.cpp.o
                0x0000162c                DecaDuino::recommendedPACSize(unsigned short)
 .text._ZN9DecaDuino10setTxPcodeEh
                0x0000164a       0x2a /tmp/arduino/sketches/6410D19507041D3191A7EECFF5040193/libraries/DecaDuino/DecaDuino.cpp.o
                0x0000164a                DecaDuino::setTxPcode(unsigned char)
 .text._ZN9DecaDuino17getPreambleLengthEv
                0x00001674       0x20 /tmp/arduino/sketches/6410D19507041D3191A7EECFF5040193/libraries/DecaDuino/DecaDuino.cpp.o
                0x00001674                DecaDuino::getPreambleLength()
 .text._ZN9DecaDuino8setRxPrfEh
                0x00001694       0xac /tmp/arduino/sketches/6410D19507041D3191A7EECFF5040193/libraries/DecaDuino/DecaDuino.cpp.o
                0x00001694                DecaDuino::setRxPrf(unsigned char)
 .text._ZN9DecaDuino14getOTPXTalTrimEv
                0x00001740       0x1e /tmp/arduino/sketches/6410D19507041D3191A7EECFF5040193/libraries/DecaDuino/DecaDuino.cpp.o
                0x00001740                DecaDuino::getOTPXTalTrim()
 .text._ZN9DecaDuino11setXTalTrimEh
                0x0000175e       0x22 /tmp/arduino/sketches/6410D19507041D3191A7EECFF5040193/libraries/DecaDuino/DecaDuino.cpp.o
                0x0000175e                DecaDuino::setXTalTrim(unsigned char)
 .text._ZN9DecaDuino18setXTalTrimFromOTPEv
                0x00001780       0x14 /tmp/arduino/sketches/6410D19507041D3191A7EECFF5040193/libraries/DecaDuino/DecaDuino.cpp.o
                0x00001780                DecaDuino::setXTalTrimFromOTP()
 .text._ZN9DecaDuino20getTXAntennaDelayRegEv
                0x00001794       0x1e /tmp/arduino/sketches/6410D19507041D3191A7EECFF5040193/libraries/DecaDuino/DecaDuino.cpp.o
                0x00001794                DecaDuino::getTXAntennaDelayReg()
 *fill*         0x000017b2        0x2 
 .text._ZN9DecaDuino13pdDataRequestEPhtby
                0x000017b4       0x98 /tmp/arduino/sketches/6410D19507041D3191A7EECFF5040193/libraries/DecaDuino/DecaDuino.cpp.o
                0x000017b4                DecaDuino::pdDataRequest(unsigned char*, unsigned short, bool, unsigned long long)
 .text._ZN9DecaDuino13pdDataRequestEPht
                0x0000184c       0x14 /tmp/arduino/sketches/6410D19507041D3191A7EECFF5040193/libraries/DecaDuino/DecaDuino.cpp.o
                0x0000184c                DecaDuino::pdDataRequest(unsigned char*, unsigned short)
 .text._ZN9DecaDuino20setTXAntennaDelayRegEt
                0x00001860       0x1c /tmp/arduino/sketches/6410D19507041D3191A7EECFF5040193/libraries/DecaDuino/DecaDuino.cpp.o
                0x00001860                DecaDuino::setTXAntennaDelayReg(unsigned short)
 .text._ZN9DecaDuino20setRXAntennaDelayRegEt
                0x0000187c       0x22 /tmp/arduino/sketches/6410D19507041D3191A7EECFF5040193/libraries/DecaDuino/DecaDuino.cpp.o
                0x0000187c                DecaDuino::setRXAntennaDelayReg(unsigned short)
 .text._ZN9DecaDuino15setAntennaDelayEtb
                0x0000189e       0x32 /tmp/arduino/sketches/6410D19507041D3191A7EECFF5040193/libraries/DecaDuino/DecaDuino.cpp.o
                0x0000189e                DecaDuino::setAntennaDelay(unsigned short, bool)
 .text._ZN9DecaDuino25setCalibratedAntennaDelayEv
                0x000018d0       0x2c /tmp/arduino/sketches/6410D19507041D3191A7EECFF5040193/libraries/DecaDuino/DecaDuino.cpp.o
                0x000018d0                DecaDuino::setCalibratedAntennaDelay()
 .text._ZN9DecaDuino6setPrfEh
                0x000018fc       0x4a /tmp/arduino/sketches/6410D19507041D3191A7EECFF5040193/libraries/DecaDuino/DecaDuino.cpp.o
                0x000018fc                DecaDuino::setPrf(unsigned char)
 .text._ZN9DecaDuino25useCalibratedAntennaDelayEv
                0x00001946        0xa /tmp/arduino/sketches/6410D19507041D3191A7EECFF5040193/libraries/DecaDuino/DecaDuino.cpp.o
                0x00001946                DecaDuino::useCalibratedAntennaDelay()
 .text._ZN9DecaDuino13setSFD_LENGTHEh
                0x00001950       0x1a /tmp/arduino/sketches/6410D19507041D3191A7EECFF5040193/libraries/DecaDuino/DecaDuino.cpp.o
                0x00001950                DecaDuino::setSFD_LENGTH(unsigned char)
 .text._ZN9DecaDuino13setSFDTimeoutEt
                0x0000196a       0x20 /tmp/arduino/sketches/6410D19507041D3191A7EECFF5040193/libraries/DecaDuino/DecaDuino.cpp.o
                0x0000196a                DecaDuino::setSFDTimeout(unsigned short)
 .text._ZN9DecaDuino11getDataRateEv
                0x0000198a       0x1e /tmp/arduino/sketches/6410D19507041D3191A7EECFF5040193/libraries/DecaDuino/DecaDuino.cpp.o
                0x0000198a                DecaDuino::getDataRate()
 .text._ZN9DecaDuino10setRxPcodeEh
                0x000019a8       0x64 /tmp/arduino/sketches/6410D19507041D3191A7EECFF5040193/libraries/DecaDuino/DecaDuino.cpp.o
                0x000019a8                DecaDuino::setRxPcode(unsigned char)
 .text._ZN9DecaDuino8setPcodeEh
                0x00001a0c       0x1a /tmp/arduino/sketches/6410D19507041D3191A7EECFF5040193/libraries/DecaDuino/DecaDuino.cpp.o
                0x00001a0c                DecaDuino::setPcode(unsigned char)
 *fill*         0x00001a26        0x2 
 .text._ZN9DecaDuino10setChannelEh
                0x00001a28      0x1d8 /tmp/arduino/sketches/6410D19507041D3191A7EECFF5040193/libraries/DecaDuino/DecaDuino.cpp.o
                0x00001a28                DecaDuino::setChannel(unsigned char)
 .text._ZN9DecaDuino17setPreambleLengthEi
                0x00001c00      0x10c /tmp/arduino/sketches/6410D19507041D3191A7EECFF5040193/libraries/DecaDuino/DecaDuino.cpp.o
                0x00001c00                DecaDuino::setPreambleLength(int)
 .text._ZN9DecaDuino6setNTMEh
                0x00001d0c       0x42 /tmp/arduino/sketches/6410D19507041D3191A7EECFF5040193/libraries/DecaDuino/DecaDuino.cpp.o
                0x00001d0c                DecaDuino::setNTM(unsigned char)
 .text._ZN9DecaDuino8setPMULTEh
                0x00001d4e       0x44 /tmp/arduino/sketches/6410D19507041D3191A7EECFF5040193/libraries/DecaDuino/DecaDuino.cpp.o
                0x00001d4e                DecaDuino::setPMULT(unsigned char)
 *fill*         0x00001d92        0x2 
 .text._ZN9DecaDuino14setStandardSFDEv
                0x00001d94       0x3c /tmp/arduino/sketches/6410D19507041D3191A7EECFF5040193/libraries/DecaDuino/DecaDuino.cpp.o
                0x00001d94                DecaDuino::setStandardSFD()
 .text._ZN9DecaDuino14setDecaWaveSFDEv
                0x00001dd0       0x82 /tmp/arduino/sketches/6410D19507041D3191A7EECFF5040193/libraries/DecaDuino/DecaDuino.cpp.o
                0x00001dd0                DecaDuino::setDecaWaveSFD()
 *fill*         0x00001e52        0x2 
 .text._ZN9DecaDuino11setDataRateE17dw1000_datarate_t
                0x00001e54       0xa0 /tmp/arduino/sketches/6410D19507041D3191A7EECFF5040193/libraries/DecaDuino/DecaDuino.cpp.o
                0x00001e54                DecaDuino::setDataRate(dw1000_datarate_t)
 .text._ZN9DecaDuino18disableNLOSTuningsEv
                0x00001ef4       0x2a /tmp/arduino/sketches/6410D19507041D3191A7EECFF5040193/libraries/DecaDuino/DecaDuino.cpp.o
                0x00001ef4                DecaDuino::disableNLOSTunings()
 .text._ZN9DecaDuino23setDefaultChannelConfigEv
                0x00001f1e       0x46 /tmp/arduino/sketches/6410D19507041D3191A7EECFF5040193/libraries/DecaDuino/DecaDuino.cpp.o
                0x00001f1e                DecaDuino::setDefaultChannelConfig()
 .text._ZN9DecaDuino8getDevIDEv
                0x00001f64        0x6 /tmp/arduino/sketches/6410D19507041D3191A7EECFF5040193/libraries/DecaDuino/DecaDuino.cpp.o
                0x00001f64                DecaDuino::getDevID()
 *fill*         0x00001f6a        0x2 
 .text._ZN9DecaDuino4initEm
                0x00001f6c      0x140 /tmp/arduino/sketches/6410D19507041D3191A7EECFF5040193/libraries/DecaDuino/DecaDuino.cpp.o
                0x00001f6c                DecaDuino::init(unsigned long)
 .text._ZN9DecaDuino4initEv
                0x000020ac        0x8 /tmp/arduino/sketches/6410D19507041D3191A7EECFF5040193/libraries/DecaDuino/DecaDuino.cpp.o
                0x000020ac                DecaDuino::init()
 .text._write   0x000020b4        0xc /tmp/arduino/sketches/6410D19507041D3191A7EECFF5040193/libraries/printfToSerial/printfToSerial.cpp.o
                0x000020b4                _write
 .text.__fpclassifyd
                0x000020c0       0x5c /home/sae512/.arduino15/packages/RMESS/tools/gcc-arm-none-eabi/5_2-2015q4/bin/../lib/gcc/arm-none-eabi/5.2.1/../../../../arm-none-eabi/lib/armv7e-m/fpu/libm.a(lib_a-s_fpclassify.o)
                0x000020c0                __fpclassifyd
 .text._ZN5Print5writeEPKhj
                0x0000211c       0x2c /tmp/arduino/sketches/6410D19507041D3191A7EECFF5040193/../../cores/RMESS_nRF5_DWM1001-DEV_softdevice_none_a3bb6c47e8a15569f3a1fd5e1f800b74/core.a(Print.cpp.o)
                0x0000211c                Print::write(unsigned char const*, unsigned int)
 .text._ZN5Print5writeEPKc
                0x00002148       0x20 /tmp/arduino/sketches/6410D19507041D3191A7EECFF5040193/../../cores/RMESS_nRF5_DWM1001-DEV_softdevice_none_a3bb6c47e8a15569f3a1fd5e1f800b74/core.a(Print.cpp.o)
                0x00002148                Print::write(char const*)
 .text._ZN5Print5printEPKc
                0x00002168        0x8 /tmp/arduino/sketches/6410D19507041D3191A7EECFF5040193/../../cores/RMESS_nRF5_DWM1001-DEV_softdevice_none_a3bb6c47e8a15569f3a1fd5e1f800b74/core.a(Print.cpp.o)
                0x00002168                Print::print(char const*)
 .text._ZN5Print5printEc
                0x00002170        0x6 /tmp/arduino/sketches/6410D19507041D3191A7EECFF5040193/../../cores/RMESS_nRF5_DWM1001-DEV_softdevice_none_a3bb6c47e8a15569f3a1fd5e1f800b74/core.a(Print.cpp.o)
                0x00002170                Print::print(char)
 *fill*         0x00002176        0x2 
 .text._ZN5Print7printlnEv
                0x00002178       0x10 /tmp/arduino/sketches/6410D19507041D3191A7EECFF5040193/../../cores/RMESS_nRF5_DWM1001-DEV_softdevice_none_a3bb6c47e8a15569f3a1fd5e1f800b74/core.a(Print.cpp.o)
                0x00002178                Print::println()
 .text._ZN5Print7printlnEPKc
                0x00002188       0x14 /tmp/arduino/sketches/6410D19507041D3191A7EECFF5040193/../../cores/RMESS_nRF5_DWM1001-DEV_softdevice_none_a3bb6c47e8a15569f3a1fd5e1f800b74/core.a(Print.cpp.o)
                0x00002188                Print::println(char const*)
 .text._ZN5Print11printNumberEmh
                0x0000219c       0x3e /tmp/arduino/sketches/6410D19507041D3191A7EECFF5040193/../../cores/RMESS_nRF5_DWM1001-DEV_softdevice_none_a3bb6c47e8a15569f3a1fd5e1f800b74/core.a(Print.cpp.o)
                0x0000219c                Print::printNumber(unsigned long, unsigned char)
 .text._ZN5Print5printEmi
                0x000021da       0x1a /tmp/arduino/sketches/6410D19507041D3191A7EECFF5040193/../../cores/RMESS_nRF5_DWM1001-DEV_softdevice_none_a3bb6c47e8a15569f3a1fd5e1f800b74/core.a(Print.cpp.o)
                0x000021da                Print::print(unsigned long, int)
 .text._ZN5Print7printlnEhi
                0x000021f4       0x14 /tmp/arduino/sketches/6410D19507041D3191A7EECFF5040193/../../cores/RMESS_nRF5_DWM1001-DEV_softdevice_none_a3bb6c47e8a15569f3a1fd5e1f800b74/core.a(Print.cpp.o)
                0x000021f4                Print::println(unsigned char, int)
 .text._ZN5Print5printEli
                0x00002208       0x44 /tmp/arduino/sketches/6410D19507041D3191A7EECFF5040193/../../cores/RMESS_nRF5_DWM1001-DEV_softdevice_none_a3bb6c47e8a15569f3a1fd5e1f800b74/core.a(Print.cpp.o)
                0x00002208                Print::print(long, int)
 .text._ZN5Print7printlnEli
                0x0000224c       0x14 /tmp/arduino/sketches/6410D19507041D3191A7EECFF5040193/../../cores/RMESS_nRF5_DWM1001-DEV_softdevice_none_a3bb6c47e8a15569f3a1fd5e1f800b74/core.a(Print.cpp.o)
                0x0000224c                Print::println(long, int)
 .text._ZN5Print10printFloatEdh
                0x00002260      0x13c /tmp/arduino/sketches/6410D19507041D3191A7EECFF5040193/../../cores/RMESS_nRF5_DWM1001-DEV_softdevice_none_a3bb6c47e8a15569f3a1fd5e1f800b74/core.a(Print.cpp.o)
                0x00002260                Print::printFloat(double, unsigned char)
 .text._ZN5Print7printlnEdi
                0x0000239c       0x16 /tmp/arduino/sketches/6410D19507041D3191A7EECFF5040193/../../cores/RMESS_nRF5_DWM1001-DEV_softdevice_none_a3bb6c47e8a15569f3a1fd5e1f800b74/core.a(Print.cpp.o)
                0x0000239c                Print::println(double, int)
 *fill*         0x000023b2        0x2 
 .text          0x000023b4       0x3c /tmp/arduino/sketches/6410D19507041D3191A7EECFF5040193/../../cores/RMESS_nRF5_DWM1001-DEV_softdevice_none_a3bb6c47e8a15569f3a1fd5e1f800b74/core.a(gcc_startup_nrf52.S.o)
                0x000023b4                Reset_Handler
                0x000023dc                NMI_Handler
                0x000023de                HardFault_Handler
                0x000023e0                MemoryManagement_Handler
                0x000023e2                BusFault_Handler
                0x000023e4                UsageFault_Handler
                0x000023e6                SVC_Handler
                0x000023e8                DebugMon_Handler
                0x000023ea                PendSV_Handler
                0x000023ec                SysTick_Handler
                0x000023ee                TIMER2_IRQHandler
                0x000023ee                RTC0_IRQHandler
                0x000023ee                SWI0_EGU0_IRQHandler
                0x000023ee                SWI2_EGU2_IRQHandler
                0x000023ee                PWM1_IRQHandler
                0x000023ee                POWER_CLOCK_IRQHandler
                0x000023ee                RADIO_IRQHandler
                0x000023ee                PDM_IRQHandler
                0x000023ee                TEMP_IRQHandler
                0x000023ee                QDEC_IRQHandler
                0x000023ee                TIMER3_IRQHandler
                0x000023ee                FPU_IRQHandler
                0x000023ee                SPIM0_SPIS0_TWIM0_TWIS0_SPI0_TWI0_IRQHandler
                0x000023ee                TIMER4_IRQHandler
                0x000023ee                I2S_IRQHandler
                0x000023ee                SWI4_EGU4_IRQHandler
                0x000023ee                TIMER0_IRQHandler
                0x000023ee                TIMER1_IRQHandler
                0x000023ee                PWM2_IRQHandler
                0x000023ee                ECB_IRQHandler
                0x000023ee                SPIM1_SPIS1_TWIM1_TWIS1_SPI1_TWI1_IRQHandler
                0x000023ee                Default_Handler
                0x000023ee                SAADC_IRQHandler
                0x000023ee                CCM_AAR_IRQHandler
                0x000023ee                WDT_IRQHandler
                0x000023ee                SWI5_EGU5_IRQHandler
                0x000023ee                RNG_IRQHandler
                0x000023ee                RTC2_IRQHandler
                0x000023ee                PWM0_IRQHandler
                0x000023ee                SWI3_EGU3_IRQHandler
                0x000023ee                SWI1_EGU1_IRQHandler
                0x000023ee                SPIM2_SPIS2_SPI2_IRQHandler
                0x000023ee                NFCT_IRQHandler
                0x000023ee                MWU_IRQHandler
                0x000023ee                COMP_LPCOMP_IRQHandler
 .text.nrf52_errata_57
                0x000023f0       0x2c /tmp/arduino/sketches/6410D19507041D3191A7EECFF5040193/../../cores/RMESS_nRF5_DWM1001-DEV_softdevice_none_a3bb6c47e8a15569f3a1fd5e1f800b74/core.a(system_nrf52.c.o)
 .text.nrf52_errata_136
                0x0000241c       0x1c /tmp/arduino/sketches/6410D19507041D3191A7EECFF5040193/../../cores/RMESS_nRF5_DWM1001-DEV_softdevice_none_a3bb6c47e8a15569f3a1fd5e1f800b74/core.a(system_nrf52.c.o)
 .text.SystemInit
                0x00002438      0x1f0 /tmp/arduino/sketches/6410D19507041D3191A7EECFF5040193/../../cores/RMESS_nRF5_DWM1001-DEV_softdevice_none_a3bb6c47e8a15569f3a1fd5e1f800b74/core.a(system_nrf52.c.o)
                0x00002438                SystemInit
 .text._ZN4UartcvbEv
                0x00002628        0x4 /tmp/arduino/sketches/6410D19507041D3191A7EECFF5040193/../../cores/RMESS_nRF5_DWM1001-DEV_softdevice_none_a3bb6c47e8a15569f3a1fd5e1f800b74/core.a(Uart.cpp.o)
                0x00002628                Uart::operator bool()
 .text._ZN4Uart5beginEm
                0x0000262c        0x8 /tmp/arduino/sketches/6410D19507041D3191A7EECFF5040193/../../cores/RMESS_nRF5_DWM1001-DEV_softdevice_none_a3bb6c47e8a15569f3a1fd5e1f800b74/core.a(Uart.cpp.o)
                0x0000262c                Uart::begin(unsigned long)
 .text._ZN4Uart5flushEv
                0x00002634        0x2 /tmp/arduino/sketches/6410D19507041D3191A7EECFF5040193/../../cores/RMESS_nRF5_DWM1001-DEV_softdevice_none_a3bb6c47e8a15569f3a1fd5e1f800b74/core.a(Uart.cpp.o)
                0x00002634                Uart::flush()
 .text._ZN4Uart5writeEh
                0x00002636       0x18 /tmp/arduino/sketches/6410D19507041D3191A7EECFF5040193/../../cores/RMESS_nRF5_DWM1001-DEV_softdevice_none_a3bb6c47e8a15569f3a1fd5e1f800b74/core.a(Uart.cpp.o)
                0x00002636                Uart::write(unsigned char)
 *fill*         0x0000264e        0x2 
 .text._ZN4Uart3endEv
                0x00002650       0x50 /tmp/arduino/sketches/6410D19507041D3191A7EECFF5040193/../../cores/RMESS_nRF5_DWM1001-DEV_softdevice_none_a3bb6c47e8a15569f3a1fd5e1f800b74/core.a(Uart.cpp.o)
                0x00002650                Uart::end()
 .text._ZN4Uart9availableEv
                0x000026a0        0x6 /tmp/arduino/sketches/6410D19507041D3191A7EECFF5040193/../../cores/RMESS_nRF5_DWM1001-DEV_softdevice_none_a3bb6c47e8a15569f3a1fd5e1f800b74/core.a(Uart.cpp.o)
                0x000026a0                Uart::available()
 .text._ZN4Uart4peekEv
                0x000026a6        0x6 /tmp/arduino/sketches/6410D19507041D3191A7EECFF5040193/../../cores/RMESS_nRF5_DWM1001-DEV_softdevice_none_a3bb6c47e8a15569f3a1fd5e1f800b74/core.a(Uart.cpp.o)
                0x000026a6                Uart::peek()
 .text._ZN4Uart4readEv
                0x000026ac        0x6 /tmp/arduino/sketches/6410D19507041D3191A7EECFF5040193/../../cores/RMESS_nRF5_DWM1001-DEV_softdevice_none_a3bb6c47e8a15569f3a1fd5e1f800b74/core.a(Uart.cpp.o)
                0x000026ac                Uart::read()
 *fill*         0x000026b2        0x2 
 .text._ZN4Uart5beginEmt
                0x000026b4      0x174 /tmp/arduino/sketches/6410D19507041D3191A7EECFF5040193/../../cores/RMESS_nRF5_DWM1001-DEV_softdevice_none_a3bb6c47e8a15569f3a1fd5e1f800b74/core.a(Uart.cpp.o)
                0x000026b4                Uart::begin(unsigned long, unsigned short)
 .text._ZN4UartC2EP13NRF_UART_Type9IRQn_Typehh
                0x00002828       0x50 /tmp/arduino/sketches/6410D19507041D3191A7EECFF5040193/../../cores/RMESS_nRF5_DWM1001-DEV_softdevice_none_a3bb6c47e8a15569f3a1fd5e1f800b74/core.a(Uart.cpp.o)
                0x00002828                Uart::Uart(NRF_UART_Type*, IRQn_Type, unsigned char, unsigned char)
                0x00002828                Uart::Uart(NRF_UART_Type*, IRQn_Type, unsigned char, unsigned char)
 .text._ZN4Uart10IrqHandlerEv
                0x00002878       0x22 /tmp/arduino/sketches/6410D19507041D3191A7EECFF5040193/../../cores/RMESS_nRF5_DWM1001-DEV_softdevice_none_a3bb6c47e8a15569f3a1fd5e1f800b74/core.a(Uart.cpp.o)
                0x00002878                Uart::IrqHandler()
 *fill*         0x0000289a        0x2 
 .text.UARTE0_UART0_IRQHandler
                0x0000289c        0xc /tmp/arduino/sketches/6410D19507041D3191A7EECFF5040193/../../cores/RMESS_nRF5_DWM1001-DEV_softdevice_none_a3bb6c47e8a15569f3a1fd5e1f800b74/core.a(Uart.cpp.o)
                0x0000289c                UARTE0_UART0_IRQHandler
 .text.startup._GLOBAL__sub_I__ZN4UartC2EP13NRF_UART_Type9IRQn_Typehh
                0x000028a8       0x20 /tmp/arduino/sketches/6410D19507041D3191A7EECFF5040193/../../cores/RMESS_nRF5_DWM1001-DEV_softdevice_none_a3bb6c47e8a15569f3a1fd5e1f800b74/core.a(Uart.cpp.o)
 .text.attachInterrupt
                0x000028c8       0xd8 /tmp/arduino/sketches/6410D19507041D3191A7EECFF5040193/../../cores/RMESS_nRF5_DWM1001-DEV_softdevice_none_a3bb6c47e8a15569f3a1fd5e1f800b74/core.a(WInterrupts.c.o)
                0x000028c8                attachInterrupt
 .text.GPIOTE_IRQHandler
                0x000029a0       0x5c /tmp/arduino/sketches/6410D19507041D3191A7EECFF5040193/../../cores/RMESS_nRF5_DWM1001-DEV_softdevice_none_a3bb6c47e8a15569f3a1fd5e1f800b74/core.a(WInterrupts.c.o)
                0x000029a0                GPIOTE_IRQHandler
 .text.millis   0x000029fc       0x30 /tmp/arduino/sketches/6410D19507041D3191A7EECFF5040193/../../cores/RMESS_nRF5_DWM1001-DEV_softdevice_none_a3bb6c47e8a15569f3a1fd5e1f800b74/core.a(delay.c.o)
                0x000029fc                millis
 .text.delay    0x00002a2c       0x1c /tmp/arduino/sketches/6410D19507041D3191A7EECFF5040193/../../cores/RMESS_nRF5_DWM1001-DEV_softdevice_none_a3bb6c47e8a15569f3a1fd5e1f800b74/core.a(delay.c.o)
                0x00002a2c                delay
 .text.RTC1_IRQHandler
                0x00002a48       0x28 /tmp/arduino/sketches/6410D19507041D3191A7EECFF5040193/../../cores/RMESS_nRF5_DWM1001-DEV_softdevice_none_a3bb6c47e8a15569f3a1fd5e1f800b74/core.a(delay.c.o)
                0x00002a48                RTC1_IRQHandler
 .text.__empty  0x00002a70        0x2 /tmp/arduino/sketches/6410D19507041D3191A7EECFF5040193/../../cores/RMESS_nRF5_DWM1001-DEV_softdevice_none_a3bb6c47e8a15569f3a1fd5e1f800b74/core.a(hooks.c.o)
                0x00002a70                yield
 .text._Z11initVariantv
                0x00002a72        0x2 /tmp/arduino/sketches/6410D19507041D3191A7EECFF5040193/../../cores/RMESS_nRF5_DWM1001-DEV_softdevice_none_a3bb6c47e8a15569f3a1fd5e1f800b74/core.a(main.cpp.o)
                0x00002a72                initVariant()
 .text.startup.main
                0x00002a74       0x28 /tmp/arduino/sketches/6410D19507041D3191A7EECFF5040193/../../cores/RMESS_nRF5_DWM1001-DEV_softdevice_none_a3bb6c47e8a15569f3a1fd5e1f800b74/core.a(main.cpp.o)
                0x00002a74                main
 .text.init     0x00002a9c       0xbc /tmp/arduino/sketches/6410D19507041D3191A7EECFF5040193/../../cores/RMESS_nRF5_DWM1001-DEV_softdevice_none_a3bb6c47e8a15569f3a1fd5e1f800b74/core.a(wiring.c.o)
                0x00002a9c                init
 .text.pinMode  0x00002b58       0x44 /tmp/arduino/sketches/6410D19507041D3191A7EECFF5040193/../../cores/RMESS_nRF5_DWM1001-DEV_softdevice_none_a3bb6c47e8a15569f3a1fd5e1f800b74/core.a(wiring_digital.c.o)
                0x00002b58                pinMode
 .text.digitalWrite
                0x00002b9c       0x24 /tmp/arduino/sketches/6410D19507041D3191A7EECFF5040193/../../cores/RMESS_nRF5_DWM1001-DEV_softdevice_none_a3bb6c47e8a15569f3a1fd5e1f800b74/core.a(wiring_digital.c.o)
                0x00002b9c                digitalWrite
 .text._ZN10RingBufferC2Ev
                0x00002bc0       0x16 /tmp/arduino/sketches/6410D19507041D3191A7EECFF5040193/../../cores/RMESS_nRF5_DWM1001-DEV_softdevice_none_a3bb6c47e8a15569f3a1fd5e1f800b74/core.a(RingBuffer.cpp.o)
                0x00002bc0                RingBuffer::RingBuffer()
                0x00002bc0                RingBuffer::RingBuffer()
 .text._ZN10RingBuffer10store_charEh
                0x00002bd6       0x16 /tmp/arduino/sketches/6410D19507041D3191A7EECFF5040193/../../cores/RMESS_nRF5_DWM1001-DEV_softdevice_none_a3bb6c47e8a15569f3a1fd5e1f800b74/core.a(RingBuffer.cpp.o)
                0x00002bd6                RingBuffer::store_char(unsigned char)
 .text._ZN10RingBuffer5clearEv
                0x00002bec        0x8 /tmp/arduino/sketches/6410D19507041D3191A7EECFF5040193/../../cores/RMESS_nRF5_DWM1001-DEV_softdevice_none_a3bb6c47e8a15569f3a1fd5e1f800b74/core.a(RingBuffer.cpp.o)
                0x00002bec                RingBuffer::clear()
 .text._ZN10RingBuffer9read_charEv
                0x00002bf4       0x1c /tmp/arduino/sketches/6410D19507041D3191A7EECFF5040193/../../cores/RMESS_nRF5_DWM1001-DEV_softdevice_none_a3bb6c47e8a15569f3a1fd5e1f800b74/core.a(RingBuffer.cpp.o)
                0x00002bf4                RingBuffer::read_char()
 .text._ZN10RingBuffer9availableEv
                0x00002c10        0xc /tmp/arduino/sketches/6410D19507041D3191A7EECFF5040193/../../cores/RMESS_nRF5_DWM1001-DEV_softdevice_none_a3bb6c47e8a15569f3a1fd5e1f800b74/core.a(RingBuffer.cpp.o)
                0x00002c10                RingBuffer::available()
 .text._ZN10RingBuffer4peekEv
                0x00002c1c       0x10 /tmp/arduino/sketches/6410D19507041D3191A7EECFF5040193/../../cores/RMESS_nRF5_DWM1001-DEV_softdevice_none_a3bb6c47e8a15569f3a1fd5e1f800b74/core.a(RingBuffer.cpp.o)
                0x00002c1c                RingBuffer::peek()
 .text          0x00002c2c      0x370 /home/sae512/.arduino15/packages/RMESS/tools/gcc-arm-none-eabi/5_2-2015q4/bin/../lib/gcc/arm-none-eabi/5.2.1/armv7e-m/fpu/libgcc.a(_arm_addsubdf3.o)
                0x00002c2c                __aeabi_drsub
                0x00002c34                __aeabi_dsub
                0x00002c34                __subdf3
                0x00002c38                __adddf3
                0x00002c38                __aeabi_dadd
                0x00002eb0                __aeabi_ui2d
                0x00002eb0                __floatunsidf
                0x00002ed0                __floatsidf
                0x00002ed0                __aeabi_i2d
                0x00002ef4                __extendsfdf2
                0x00002ef4                __aeabi_f2d
                0x00002f30                __aeabi_ul2d
                0x00002f30                __floatundidf
                0x00002f40                __floatdidf
                0x00002f40                __aeabi_l2d
 .text          0x00002f9c      0x424 /home/sae512/.arduino15/packages/RMESS/tools/gcc-arm-none-eabi/5_2-2015q4/bin/../lib/gcc/arm-none-eabi/5.2.1/armv7e-m/fpu/libgcc.a(_arm_muldivdf3.o)
                0x00002f9c                __aeabi_dmul
                0x00002f9c                __muldf3
                0x000031f0                __aeabi_ddiv
                0x000031f0                __divdf3
 .text          0x000033c0      0x110 /home/sae512/.arduino15/packages/RMESS/tools/gcc-arm-none-eabi/5_2-2015q4/bin/../lib/gcc/arm-none-eabi/5.2.1/armv7e-m/fpu/libgcc.a(_arm_cmpdf2.o)
                0x000033c0                __gtdf2
                0x000033c0                __gedf2
                0x000033c8                __ltdf2
                0x000033c8                __ledf2
                0x000033d0                __cmpdf2
                0x000033d0                __eqdf2
                0x000033d0                __nedf2
                0x0000344c                __aeabi_cdrcmple
                0x0000345c                __aeabi_cdcmple
                0x0000345c                __aeabi_cdcmpeq
                0x0000346c                __aeabi_dcmpeq
                0x00003480                __aeabi_dcmplt
                0x00003494                __aeabi_dcmple
                0x000034a8                __aeabi_dcmpge
                0x000034bc                __aeabi_dcmpgt
 .text          0x000034d0       0x50 /home/sae512/.arduino15/packages/RMESS/tools/gcc-arm-none-eabi/5_2-2015q4/bin/../lib/gcc/arm-none-eabi/5.2.1/armv7e-m/fpu/libgcc.a(_arm_fixdfsi.o)
                0x000034d0                __fixdfsi
                0x000034d0                __aeabi_d2iz
 .text          0x00003520       0x40 /home/sae512/.arduino15/packages/RMESS/tools/gcc-arm-none-eabi/5_2-2015q4/bin/../lib/gcc/arm-none-eabi/5.2.1/armv7e-m/fpu/libgcc.a(_arm_fixunsdfsi.o)
                0x00003520                __fixunsdfsi
                0x00003520                __aeabi_d2uiz
 .text          0x00003560       0xa0 /home/sae512/.arduino15/packages/RMESS/tools/gcc-arm-none-eabi/5_2-2015q4/bin/../lib/gcc/arm-none-eabi/5.2.1/armv7e-m/fpu/libgcc.a(_arm_truncdfsf2.o)
                0x00003560                __aeabi_d2f
                0x00003560                __truncdfsf2
 .text.__assert_func
                0x00003600       0x3c /home/sae512/.arduino15/packages/RMESS/tools/gcc-arm-none-eabi/5_2-2015q4/bin/../lib/gcc/arm-none-eabi/5.2.1/../../../../arm-none-eabi/lib/armv7e-m/fpu/libc_nano.a(lib_a-assert.o)
                0x00003600                __assert_func
 .text.exit     0x0000363c       0x28 /home/sae512/.arduino15/packages/RMESS/tools/gcc-arm-none-eabi/5_2-2015q4/bin/../lib/gcc/arm-none-eabi/5.2.1/../../../../arm-none-eabi/lib/armv7e-m/fpu/libc_nano.a(lib_a-exit.o)
                0x0000363c                exit
 .text.fprintf  0x00003664       0x24 /home/sae512/.arduino15/packages/RMESS/tools/gcc-arm-none-eabi/5_2-2015q4/bin/../lib/gcc/arm-none-eabi/5.2.1/../../../../arm-none-eabi/lib/armv7e-m/fpu/libc_nano.a(lib_a-fprintf.o)
                0x00003664                fprintf
                0x00003664                fiprintf
 .text.__libc_init_array
                0x00003688       0x4c /home/sae512/.arduino15/packages/RMESS/tools/gcc-arm-none-eabi/5_2-2015q4/bin/../lib/gcc/arm-none-eabi/5.2.1/../../../../arm-none-eabi/lib/armv7e-m/fpu/libc_nano.a(lib_a-init.o)
                0x00003688                __libc_init_array
 .text.memset   0x000036d4       0x10 /home/sae512/.arduino15/packages/RMESS/tools/gcc-arm-none-eabi/5_2-2015q4/bin/../lib/gcc/arm-none-eabi/5.2.1/../../../../arm-none-eabi/lib/armv7e-m/fpu/libc_nano.a(lib_a-memset.o)
                0x000036d4                memset
 .text.__sfputc_r
                0x000036e4       0x30 /home/sae512/.arduino15/packages/RMESS/tools/gcc-arm-none-eabi/5_2-2015q4/bin/../lib/gcc/arm-none-eabi/5.2.1/../../../../arm-none-eabi/lib/armv7e-m/fpu/libc_nano.a(lib_a-nano-vfprintf.o)
 .text.__sfputs_r
                0x00003714       0x24 /home/sae512/.arduino15/packages/RMESS/tools/gcc-arm-none-eabi/5_2-2015q4/bin/../lib/gcc/arm-none-eabi/5.2.1/../../../../arm-none-eabi/lib/armv7e-m/fpu/libc_nano.a(lib_a-nano-vfprintf.o)
                0x00003714                __sfputs_r
 .text._vfprintf_r
                0x00003738      0x238 /home/sae512/.arduino15/packages/RMESS/tools/gcc-arm-none-eabi/5_2-2015q4/bin/../lib/gcc/arm-none-eabi/5.2.1/../../../../arm-none-eabi/lib/armv7e-m/fpu/libc_nano.a(lib_a-nano-vfprintf.o)
                0x00003738                _vfiprintf_r
                0x00003738                _vfprintf_r
 .text.__cvt    0x00003970       0xc8 /home/sae512/.arduino15/packages/RMESS/tools/gcc-arm-none-eabi/5_2-2015q4/bin/../lib/gcc/arm-none-eabi/5.2.1/../../../../arm-none-eabi/lib/armv7e-m/fpu/libc_nano.a(lib_a-nano-vfprintf_float.o)
                0x00003970                __cvt
 .text.__exponent
                0x00003a38       0x60 /home/sae512/.arduino15/packages/RMESS/tools/gcc-arm-none-eabi/5_2-2015q4/bin/../lib/gcc/arm-none-eabi/5.2.1/../../../../arm-none-eabi/lib/armv7e-m/fpu/libc_nano.a(lib_a-nano-vfprintf_float.o)
                0x00003a38                __exponent
 .text._printf_float
                0x00003a98      0x454 /home/sae512/.arduino15/packages/RMESS/tools/gcc-arm-none-eabi/5_2-2015q4/bin/../lib/gcc/arm-none-eabi/5.2.1/../../../../arm-none-eabi/lib/armv7e-m/fpu/libc_nano.a(lib_a-nano-vfprintf_float.o)
                0x00003a98                _printf_float
 .text._printf_common
                0x00003eec       0xec /home/sae512/.arduino15/packages/RMESS/tools/gcc-arm-none-eabi/5_2-2015q4/bin/../lib/gcc/arm-none-eabi/5.2.1/../../../../arm-none-eabi/lib/armv7e-m/fpu/libc_nano.a(lib_a-nano-vfprintf_i.o)
                0x00003eec                _printf_common
 .text._printf_i
                0x00003fd8      0x24c /home/sae512/.arduino15/packages/RMESS/tools/gcc-arm-none-eabi/5_2-2015q4/bin/../lib/gcc/arm-none-eabi/5.2.1/../../../../arm-none-eabi/lib/armv7e-m/fpu/libc_nano.a(lib_a-nano-vfprintf_i.o)
                0x00003fd8                _printf_i
 .text          0x00004224       0x10 /home/sae512/.arduino15/packages/RMESS/tools/gcc-arm-none-eabi/5_2-2015q4/bin/../lib/gcc/arm-none-eabi/5.2.1/../../../../arm-none-eabi/lib/armv7e-m/fpu/libc_nano.a(lib_a-strlen.o)
                0x00004224                strlen
 .text.__swbuf_r
                0x00004234       0xa8 /home/sae512/.arduino15/packages/RMESS/tools/gcc-arm-none-eabi/5_2-2015q4/bin/../lib/gcc/arm-none-eabi/5.2.1/../../../../arm-none-eabi/lib/armv7e-m/fpu/libc_nano.a(lib_a-wbuf.o)
                0x00004234                __swbuf_r
 .text.__swsetup_r
                0x000042dc       0xd8 /home/sae512/.arduino15/packages/RMESS/tools/gcc-arm-none-eabi/5_2-2015q4/bin/../lib/gcc/arm-none-eabi/5.2.1/../../../../arm-none-eabi/lib/armv7e-m/fpu/libc_nano.a(lib_a-wsetup.o)
                0x000042dc                __swsetup_r
 .text.abort    0x000043b4        0xe /home/sae512/.arduino15/packages/RMESS/tools/gcc-arm-none-eabi/5_2-2015q4/bin/../lib/gcc/arm-none-eabi/5.2.1/../../../../arm-none-eabi/lib/armv7e-m/fpu/libc_nano.a(lib_a-abort.o)
                0x000043b4                abort
 .text.quorem   0x000043c2      0x11e /home/sae512/.arduino15/packages/RMESS/tools/gcc-arm-none-eabi/5_2-2015q4/bin/../lib/gcc/arm-none-eabi/5.2.1/../../../../arm-none-eabi/lib/armv7e-m/fpu/libc_nano.a(lib_a-dtoa.o)
 .text._dtoa_r  0x000044e0      0xb40 /home/sae512/.arduino15/packages/RMESS/tools/gcc-arm-none-eabi/5_2-2015q4/bin/../lib/gcc/arm-none-eabi/5.2.1/../../../../arm-none-eabi/lib/armv7e-m/fpu/libc_nano.a(lib_a-dtoa.o)
                0x000044e0                _dtoa_r
 .text.__sflush_r
                0x00005020      0x110 /home/sae512/.arduino15/packages/RMESS/tools/gcc-arm-none-eabi/5_2-2015q4/bin/../lib/gcc/arm-none-eabi/5.2.1/../../../../arm-none-eabi/lib/armv7e-m/fpu/libc_nano.a(lib_a-fflush.o)
                0x00005020                __sflush_r
 .text._fflush_r
                0x00005130       0x54 /home/sae512/.arduino15/packages/RMESS/tools/gcc-arm-none-eabi/5_2-2015q4/bin/../lib/gcc/arm-none-eabi/5.2.1/../../../../arm-none-eabi/lib/armv7e-m/fpu/libc_nano.a(lib_a-fflush.o)
                0x00005130                _fflush_r
 .text._cleanup_r
                0x00005184        0xc /home/sae512/.arduino15/packages/RMESS/tools/gcc-arm-none-eabi/5_2-2015q4/bin/../lib/gcc/arm-none-eabi/5.2.1/../../../../arm-none-eabi/lib/armv7e-m/fpu/libc_nano.a(lib_a-findfp.o)
                0x00005184                _cleanup_r
 .text.std.isra.0
                0x00005190       0x48 /home/sae512/.arduino15/packages/RMESS/tools/gcc-arm-none-eabi/5_2-2015q4/bin/../lib/gcc/arm-none-eabi/5.2.1/../../../../arm-none-eabi/lib/armv7e-m/fpu/libc_nano.a(lib_a-findfp.o)
 .text.__sfmoreglue
                0x000051d8       0x2c /home/sae512/.arduino15/packages/RMESS/tools/gcc-arm-none-eabi/5_2-2015q4/bin/../lib/gcc/arm-none-eabi/5.2.1/../../../../arm-none-eabi/lib/armv7e-m/fpu/libc_nano.a(lib_a-findfp.o)
                0x000051d8                __sfmoreglue
 .text.__sinit  0x00005204       0x60 /home/sae512/.arduino15/packages/RMESS/tools/gcc-arm-none-eabi/5_2-2015q4/bin/../lib/gcc/arm-none-eabi/5.2.1/../../../../arm-none-eabi/lib/armv7e-m/fpu/libc_nano.a(lib_a-findfp.o)
                0x00005204                __sinit
 .text.__sfp    0x00005264       0x78 /home/sae512/.arduino15/packages/RMESS/tools/gcc-arm-none-eabi/5_2-2015q4/bin/../lib/gcc/arm-none-eabi/5.2.1/../../../../arm-none-eabi/lib/armv7e-m/fpu/libc_nano.a(lib_a-findfp.o)
                0x00005264                __sfp
 .text._fwalk_reent
                0x000052dc       0x3c /home/sae512/.arduino15/packages/RMESS/tools/gcc-arm-none-eabi/5_2-2015q4/bin/../lib/gcc/arm-none-eabi/5.2.1/../../../../arm-none-eabi/lib/armv7e-m/fpu/libc_nano.a(lib_a-fwalk.o)
                0x000052dc                _fwalk_reent
 .text._localeconv_r
                0x00005318        0x8 /home/sae512/.arduino15/packages/RMESS/tools/gcc-arm-none-eabi/5_2-2015q4/bin/../lib/gcc/arm-none-eabi/5.2.1/../../../../arm-none-eabi/lib/armv7e-m/fpu/libc_nano.a(lib_a-locale.o)
                0x00005318                _localeconv_r
 .text.__smakebuf_r
                0x00005320       0x9c /home/sae512/.arduino15/packages/RMESS/tools/gcc-arm-none-eabi/5_2-2015q4/bin/../lib/gcc/arm-none-eabi/5.2.1/../../../../arm-none-eabi/lib/armv7e-m/fpu/libc_nano.a(lib_a-makebuf.o)
                0x00005320                __smakebuf_r
 .text.malloc   0x000053bc       0x10 /home/sae512/.arduino15/packages/RMESS/tools/gcc-arm-none-eabi/5_2-2015q4/bin/../lib/gcc/arm-none-eabi/5.2.1/../../../../arm-none-eabi/lib/armv7e-m/fpu/libc_nano.a(lib_a-malloc.o)
                0x000053bc                malloc
 *fill*         0x000053cc        0x4 
 .text          0x000053d0       0xa0 /home/sae512/.arduino15/packages/RMESS/tools/gcc-arm-none-eabi/5_2-2015q4/bin/../lib/gcc/arm-none-eabi/5.2.1/../../../../arm-none-eabi/lib/armv7e-m/fpu/libc_nano.a(lib_a-memchr.o)
                0x000053d0                memchr
 .text.memcpy   0x00005470       0x16 /home/sae512/.arduino15/packages/RMESS/tools/gcc-arm-none-eabi/5_2-2015q4/bin/../lib/gcc/arm-none-eabi/5.2.1/../../../../arm-none-eabi/lib/armv7e-m/fpu/libc_nano.a(lib_a-memcpy-stub.o)
                0x00005470                memcpy
 .text._Balloc  0x00005486       0x6a /home/sae512/.arduino15/packages/RMESS/tools/gcc-arm-none-eabi/5_2-2015q4/bin/../lib/gcc/arm-none-eabi/5.2.1/../../../../arm-none-eabi/lib/armv7e-m/fpu/libc_nano.a(lib_a-mprec.o)
                0x00005486                _Balloc
 .text._Bfree   0x000054f0       0x2e /home/sae512/.arduino15/packages/RMESS/tools/gcc-arm-none-eabi/5_2-2015q4/bin/../lib/gcc/arm-none-eabi/5.2.1/../../../../arm-none-eabi/lib/armv7e-m/fpu/libc_nano.a(lib_a-mprec.o)
                0x000054f0                _Bfree
 .text.__multadd
                0x0000551e       0x76 /home/sae512/.arduino15/packages/RMESS/tools/gcc-arm-none-eabi/5_2-2015q4/bin/../lib/gcc/arm-none-eabi/5.2.1/../../../../arm-none-eabi/lib/armv7e-m/fpu/libc_nano.a(lib_a-mprec.o)
                0x0000551e                __multadd
 .text.__hi0bits
                0x00005594       0x40 /home/sae512/.arduino15/packages/RMESS/tools/gcc-arm-none-eabi/5_2-2015q4/bin/../lib/gcc/arm-none-eabi/5.2.1/../../../../arm-none-eabi/lib/armv7e-m/fpu/libc_nano.a(lib_a-mprec.o)
                0x00005594                __hi0bits
 .text.__lo0bits
                0x000055d4       0x5a /home/sae512/.arduino15/packages/RMESS/tools/gcc-arm-none-eabi/5_2-2015q4/bin/../lib/gcc/arm-none-eabi/5.2.1/../../../../arm-none-eabi/lib/armv7e-m/fpu/libc_nano.a(lib_a-mprec.o)
                0x000055d4                __lo0bits
 .text.__i2b    0x0000562e       0x12 /home/sae512/.arduino15/packages/RMESS/tools/gcc-arm-none-eabi/5_2-2015q4/bin/../lib/gcc/arm-none-eabi/5.2.1/../../../../arm-none-eabi/lib/armv7e-m/fpu/libc_nano.a(lib_a-mprec.o)
                0x0000562e                __i2b
 .text.__multiply
                0x00005640      0x122 /home/sae512/.arduino15/packages/RMESS/tools/gcc-arm-none-eabi/5_2-2015q4/bin/../lib/gcc/arm-none-eabi/5.2.1/../../../../arm-none-eabi/lib/armv7e-m/fpu/libc_nano.a(lib_a-mprec.o)
                0x00005640                __multiply
 *fill*         0x00005762        0x2 
 .text.__pow5mult
                0x00005764       0x9c /home/sae512/.arduino15/packages/RMESS/tools/gcc-arm-none-eabi/5_2-2015q4/bin/../lib/gcc/arm-none-eabi/5.2.1/../../../../arm-none-eabi/lib/armv7e-m/fpu/libc_nano.a(lib_a-mprec.o)
                0x00005764                __pow5mult
 .text.__lshift
                0x00005800       0xa2 /home/sae512/.arduino15/packages/RMESS/tools/gcc-arm-none-eabi/5_2-2015q4/bin/../lib/gcc/arm-none-eabi/5.2.1/../../../../arm-none-eabi/lib/armv7e-m/fpu/libc_nano.a(lib_a-mprec.o)
                0x00005800                __lshift
 .text.__mcmp   0x000058a2       0x38 /home/sae512/.arduino15/packages/RMESS/tools/gcc-arm-none-eabi/5_2-2015q4/bin/../lib/gcc/arm-none-eabi/5.2.1/../../../../arm-none-eabi/lib/armv7e-m/fpu/libc_nano.a(lib_a-mprec.o)
                0x000058a2                __mcmp
 .text.__mdiff  0x000058da       0xbe /home/sae512/.arduino15/packages/RMESS/tools/gcc-arm-none-eabi/5_2-2015q4/bin/../lib/gcc/arm-none-eabi/5.2.1/../../../../arm-none-eabi/lib/armv7e-m/fpu/libc_nano.a(lib_a-mprec.o)
                0x000058da                __mdiff
 .text.__d2b    0x00005998       0x9c /home/sae512/.arduino15/packages/RMESS/tools/gcc-arm-none-eabi/5_2-2015q4/bin/../lib/gcc/arm-none-eabi/5.2.1/../../../../arm-none-eabi/lib/armv7e-m/fpu/libc_nano.a(lib_a-mprec.o)
                0x00005998                __d2b
 .text._calloc_r
                0x00005a34       0x1c /home/sae512/.arduino15/packages/RMESS/tools/gcc-arm-none-eabi/5_2-2015q4/bin/../lib/gcc/arm-none-eabi/5.2.1/../../../../arm-none-eabi/lib/armv7e-m/fpu/libc_nano.a(lib_a-nano-callocr.o)
                0x00005a34                _calloc_r
 .text._free_r  0x00005a50       0x8c /home/sae512/.arduino15/packages/RMESS/tools/gcc-arm-none-eabi/5_2-2015q4/bin/../lib/gcc/arm-none-eabi/5.2.1/../../../../arm-none-eabi/lib/armv7e-m/fpu/libc_nano.a(lib_a-nano-freer.o)
                0x00005a50                _free_r
 .text._malloc_r
                0x00005adc       0xa8 /home/sae512/.arduino15/packages/RMESS/tools/gcc-arm-none-eabi/5_2-2015q4/bin/../lib/gcc/arm-none-eabi/5.2.1/../../../../arm-none-eabi/lib/armv7e-m/fpu/libc_nano.a(lib_a-nano-mallocr.o)
                0x00005adc                _malloc_r
 .text._sbrk_r  0x00005b84       0x20 /home/sae512/.arduino15/packages/RMESS/tools/gcc-arm-none-eabi/5_2-2015q4/bin/../lib/gcc/arm-none-eabi/5.2.1/../../../../arm-none-eabi/lib/armv7e-m/fpu/libc_nano.a(lib_a-sbrkr.o)
                0x00005b84                _sbrk_r
 .text._raise_r
                0x00005ba4       0x54 /home/sae512/.arduino15/packages/RMESS/tools/gcc-arm-none-eabi/5_2-2015q4/bin/../lib/gcc/arm-none-eabi/5.2.1/../../../../arm-none-eabi/lib/armv7e-m/fpu/libc_nano.a(lib_a-signal.o)
                0x00005ba4                _raise_r
 .text.raise    0x00005bf8       0x10 /home/sae512/.arduino15/packages/RMESS/tools/gcc-arm-none-eabi/5_2-2015q4/bin/../lib/gcc/arm-none-eabi/5.2.1/../../../../arm-none-eabi/lib/armv7e-m/fpu/libc_nano.a(lib_a-signal.o)
                0x00005bf8                raise
 .text._kill_r  0x00005c08       0x24 /home/sae512/.arduino15/packages/RMESS/tools/gcc-arm-none-eabi/5_2-2015q4/bin/../lib/gcc/arm-none-eabi/5.2.1/../../../../arm-none-eabi/lib/armv7e-m/fpu/libc_nano.a(lib_a-signalr.o)
                0x00005c08                _kill_r
 .text._getpid_r
                0x00005c2c        0x4 /home/sae512/.arduino15/packages/RMESS/tools/gcc-arm-none-eabi/5_2-2015q4/bin/../lib/gcc/arm-none-eabi/5.2.1/../../../../arm-none-eabi/lib/armv7e-m/fpu/libc_nano.a(lib_a-signalr.o)
                0x00005c2c                _getpid_r
 .text.__sread  0x00005c30       0x22 /home/sae512/.arduino15/packages/RMESS/tools/gcc-arm-none-eabi/5_2-2015q4/bin/../lib/gcc/arm-none-eabi/5.2.1/../../../../arm-none-eabi/lib/armv7e-m/fpu/libc_nano.a(lib_a-stdio.o)
                0x00005c30                __sread
 .text.__swrite
                0x00005c52       0x38 /home/sae512/.arduino15/packages/RMESS/tools/gcc-arm-none-eabi/5_2-2015q4/bin/../lib/gcc/arm-none-eabi/5.2.1/../../../../arm-none-eabi/lib/armv7e-m/fpu/libc_nano.a(lib_a-stdio.o)
                0x00005c52                __swrite
 .text.__sseek  0x00005c8a       0x24 /home/sae512/.arduino15/packages/RMESS/tools/gcc-arm-none-eabi/5_2-2015q4/bin/../lib/gcc/arm-none-eabi/5.2.1/../../../../arm-none-eabi/lib/armv7e-m/fpu/libc_nano.a(lib_a-stdio.o)
                0x00005c8a                __sseek
 .text.__sclose
                0x00005cae        0x8 /home/sae512/.arduino15/packages/RMESS/tools/gcc-arm-none-eabi/5_2-2015q4/bin/../lib/gcc/arm-none-eabi/5.2.1/../../../../arm-none-eabi/lib/armv7e-m/fpu/libc_nano.a(lib_a-stdio.o)
                0x00005cae                __sclose
 *fill*         0x00005cb6        0x2 
 .text._write_r
                0x00005cb8       0x24 /home/sae512/.arduino15/packages/RMESS/tools/gcc-arm-none-eabi/5_2-2015q4/bin/../lib/gcc/arm-none-eabi/5.2.1/../../../../arm-none-eabi/lib/armv7e-m/fpu/libc_nano.a(lib_a-writer.o)
                0x00005cb8                _write_r
 .text._close_r
                0x00005cdc       0x20 /home/sae512/.arduino15/packages/RMESS/tools/gcc-arm-none-eabi/5_2-2015q4/bin/../lib/gcc/arm-none-eabi/5.2.1/../../../../arm-none-eabi/lib/armv7e-m/fpu/libc_nano.a(lib_a-closer.o)
                0x00005cdc                _close_r
 .text._fstat_r
                0x00005cfc       0x24 /home/sae512/.arduino15/packages/RMESS/tools/gcc-arm-none-eabi/5_2-2015q4/bin/../lib/gcc/arm-none-eabi/5.2.1/../../../../arm-none-eabi/lib/armv7e-m/fpu/libc_nano.a(lib_a-fstatr.o)
                0x00005cfc                _fstat_r
 .text._isatty_r
                0x00005d20       0x20 /home/sae512/.arduino15/packages/RMESS/tools/gcc-arm-none-eabi/5_2-2015q4/bin/../lib/gcc/arm-none-eabi/5.2.1/../../../../arm-none-eabi/lib/armv7e-m/fpu/libc_nano.a(lib_a-isattyr.o)
                0x00005d20                _isatty_r
 .text._lseek_r
                0x00005d40       0x24 /home/sae512/.arduino15/packages/RMESS/tools/gcc-arm-none-eabi/5_2-2015q4/bin/../lib/gcc/arm-none-eabi/5.2.1/../../../../arm-none-eabi/lib/armv7e-m/fpu/libc_nano.a(lib_a-lseekr.o)
                0x00005d40                _lseek_r
 .text._read_r  0x00005d64       0x24 /home/sae512/.arduino15/packages/RMESS/tools/gcc-arm-none-eabi/5_2-2015q4/bin/../lib/gcc/arm-none-eabi/5.2.1/../../../../arm-none-eabi/lib/armv7e-m/fpu/libc_nano.a(lib_a-readr.o)
                0x00005d64                _read_r
 .text._close   0x00005d88       0x10 /home/sae512/.arduino15/packages/RMESS/tools/gcc-arm-none-eabi/5_2-2015q4/bin/../lib/gcc/arm-none-eabi/5.2.1/../../../../arm-none-eabi/lib/armv7e-m/fpu/libnosys.a(close.o)
                0x00005d88                _close
 .text._fstat   0x00005d98       0x10 /home/sae512/.arduino15/packages/RMESS/tools/gcc-arm-none-eabi/5_2-2015q4/bin/../lib/gcc/arm-none-eabi/5.2.1/../../../../arm-none-eabi/lib/armv7e-m/fpu/libnosys.a(fstat.o)
                0x00005d98                _fstat
 .text._getpid  0x00005da8       0x10 /home/sae512/.arduino15/packages/RMESS/tools/gcc-arm-none-eabi/5_2-2015q4/bin/../lib/gcc/arm-none-eabi/5.2.1/../../../../arm-none-eabi/lib/armv7e-m/fpu/libnosys.a(getpid.o)
                0x00005da8                _getpid
 .text._isatty  0x00005db8       0x10 /home/sae512/.arduino15/packages/RMESS/tools/gcc-arm-none-eabi/5_2-2015q4/bin/../lib/gcc/arm-none-eabi/5.2.1/../../../../arm-none-eabi/lib/armv7e-m/fpu/libnosys.a(isatty.o)
                0x00005db8                _isatty
 .text._kill    0x00005dc8       0x10 /home/sae512/.arduino15/packages/RMESS/tools/gcc-arm-none-eabi/5_2-2015q4/bin/../lib/gcc/arm-none-eabi/5.2.1/../../../../arm-none-eabi/lib/armv7e-m/fpu/libnosys.a(kill.o)
                0x00005dc8                _kill
 .text._lseek   0x00005dd8       0x10 /home/sae512/.arduino15/packages/RMESS/tools/gcc-arm-none-eabi/5_2-2015q4/bin/../lib/gcc/arm-none-eabi/5.2.1/../../../../arm-none-eabi/lib/armv7e-m/fpu/libnosys.a(lseek.o)
                0x00005dd8                _lseek
 .text._read    0x00005de8       0x10 /home/sae512/.arduino15/packages/RMESS/tools/gcc-arm-none-eabi/5_2-2015q4/bin/../lib/gcc/arm-none-eabi/5.2.1/../../../../arm-none-eabi/lib/armv7e-m/fpu/libnosys.a(read.o)
                0x00005de8                _read
 .text._sbrk    0x00005df8       0x1c /home/sae512/.arduino15/packages/RMESS/tools/gcc-arm-none-eabi/5_2-2015q4/bin/../lib/gcc/arm-none-eabi/5.2.1/../../../../arm-none-eabi/lib/armv7e-m/fpu/libnosys.a(sbrk.o)
                0x00005df8                _sbrk
 .text._exit    0x00005e14        0x4 /home/sae512/.arduino15/packages/RMESS/tools/gcc-arm-none-eabi/5_2-2015q4/bin/../lib/gcc/arm-none-eabi/5.2.1/../../../../arm-none-eabi/lib/armv7e-m/fpu/libnosys.a(_exit.o)
                0x00005e14                _exit
 *(.init)
 .init          0x00005e18        0x4 /home/sae512/.arduino15/packages/RMESS/tools/gcc-arm-none-eabi/5_2-2015q4/bin/../lib/gcc/arm-none-eabi/5.2.1/armv7e-m/fpu/crti.o
                0x00005e18                _init
 .init          0x00005e1c        0x8 /home/sae512/.arduino15/packages/RMESS/tools/gcc-arm-none-eabi/5_2-2015q4/bin/../lib/gcc/arm-none-eabi/5.2.1/armv7e-m/fpu/crtn.o
 *(.fini)
 .fini          0x00005e24        0x4 /home/sae512/.arduino15/packages/RMESS/tools/gcc-arm-none-eabi/5_2-2015q4/bin/../lib/gcc/arm-none-eabi/5.2.1/armv7e-m/fpu/crti.o
                0x00005e24                _fini
 .fini          0x00005e28        0x8 /home/sae512/.arduino15/packages/RMESS/tools/gcc-arm-none-eabi/5_2-2015q4/bin/../lib/gcc/arm-none-eabi/5.2.1/armv7e-m/fpu/crtn.o
 *crtbegin.o(.ctors)
 *crtbegin?.o(.ctors)
 *(EXCLUDE_FILE(*crtend.o *crtend?.o) .ctors)
 *(SORT(.ctors.*))
 *(.ctors)
 *crtbegin.o(.dtors)
 *crtbegin?.o(.dtors)
 *(EXCLUDE_FILE(*crtend.o *crtend?.o) .dtors)
 *(SORT(.dtors.*))
 *(.dtors)
 *(.rodata*)
 .rodata.str1.1
                0x00005e30       0xe7 /tmp/arduino/sketches/6410D19507041D3191A7EECFF5040193/sketch/ODS_AR.ino.cpp.o
 .rodata._ZZN8SPIClassC4EP12NRF_SPI_TypehhhE19__PRETTY_FUNCTION__
                0x00005f17       0x3d /tmp/arduino/sketches/6410D19507041D3191A7EECFF5040193/libraries/SPI/SPI.cpp.o
 .rodata.str1.1
                0x00005f54       0x65 /tmp/arduino/sketches/6410D19507041D3191A7EECFF5040193/libraries/SPI/SPI.cpp.o
 *fill*         0x00005fb9        0x3 
 .rodata._ZL13TX_FCTRL_TXBR
                0x00005fbc        0xc /tmp/arduino/sketches/6410D19507041D3191A7EECFF5040193/libraries/DecaDuino/DecaDuino.cpp.o
 .rodata._ZL22calibratedAntennaDelay
                0x00005fc8       0x1c /tmp/arduino/sketches/6410D19507041D3191A7EECFF5040193/libraries/DecaDuino/DecaDuino.cpp.o
 .rodata._ZL28recommendedManualTxPowerConf
                0x00005fe4       0x28 /tmp/arduino/sketches/6410D19507041D3191A7EECFF5040193/libraries/DecaDuino/DecaDuino.cpp.o
 .rodata.CSWTCH.160
                0x0000600c       0x12 /tmp/arduino/sketches/6410D19507041D3191A7EECFF5040193/libraries/DecaDuino/DecaDuino.cpp.o
 .rodata._ZL10TC_PGDELAY
                0x0000601e        0x6 /tmp/arduino/sketches/6410D19507041D3191A7EECFF5040193/libraries/DecaDuino/DecaDuino.cpp.o
 .rodata._ZL13FS_PLLTUNE_CH
                0x00006024        0x6 /tmp/arduino/sketches/6410D19507041D3191A7EECFF5040193/libraries/DecaDuino/DecaDuino.cpp.o
 *fill*         0x0000602a        0x2 
 .rodata._ZL16smartTxPowerConf
                0x0000602c       0x28 /tmp/arduino/sketches/6410D19507041D3191A7EECFF5040193/libraries/DecaDuino/DecaDuino.cpp.o
 .rodata._ZL10DRX_TUNE0b
                0x00006054        0xc /tmp/arduino/sketches/6410D19507041D3191A7EECFF5040193/libraries/DecaDuino/DecaDuino.cpp.o
 .rodata._ZL8LDE_REPC
                0x00006060       0x32 /tmp/arduino/sketches/6410D19507041D3191A7EECFF5040193/libraries/DecaDuino/DecaDuino.cpp.o
 *fill*         0x00006092        0x2 
 .rodata._ZL16TX_POWER_CHANNEL
                0x00006094       0x20 /tmp/arduino/sketches/6410D19507041D3191A7EECFF5040193/libraries/DecaDuino/DecaDuino.cpp.o
 .rodata._ZL9RF_TXCTRL
                0x000060b4       0x18 /tmp/arduino/sketches/6410D19507041D3191A7EECFF5040193/libraries/DecaDuino/DecaDuino.cpp.o
 .rodata._ZL12FS_PLLCFG_CH
                0x000060cc       0x18 /tmp/arduino/sketches/6410D19507041D3191A7EECFF5040193/libraries/DecaDuino/DecaDuino.cpp.o
 .rodata.CSWTCH.191
                0x000060e4       0x1a /tmp/arduino/sketches/6410D19507041D3191A7EECFF5040193/libraries/DecaDuino/DecaDuino.cpp.o
 *fill*         0x000060fe        0x2 
 .rodata._ZL7CHANNEL
                0x00006100       0x20 /tmp/arduino/sketches/6410D19507041D3191A7EECFF5040193/libraries/DecaDuino/DecaDuino.cpp.o
 .rodata.g_ADigitalPinMap
                0x00006120       0x6c /tmp/arduino/sketches/6410D19507041D3191A7EECFF5040193/core/variant.cpp.o
                0x00006120                g_ADigitalPinMap
 .rodata.str1.1
                0x0000618c       0x11 /tmp/arduino/sketches/6410D19507041D3191A7EECFF5040193/../../cores/RMESS_nRF5_DWM1001-DEV_softdevice_none_a3bb6c47e8a15569f3a1fd5e1f800b74/core.a(Print.cpp.o)
 .rodata.CSWTCH.12
                0x0000619d        0x4 /tmp/arduino/sketches/6410D19507041D3191A7EECFF5040193/../../cores/RMESS_nRF5_DWM1001-DEV_softdevice_none_a3bb6c47e8a15569f3a1fd5e1f800b74/core.a(system_nrf52.c.o)
 .rodata.CSWTCH.14
                0x000061a1        0x4 /tmp/arduino/sketches/6410D19507041D3191A7EECFF5040193/../../cores/RMESS_nRF5_DWM1001-DEV_softdevice_none_a3bb6c47e8a15569f3a1fd5e1f800b74/core.a(system_nrf52.c.o)
 *fill*         0x000061a5        0x3 
 .rodata._ZTV4Uart
                0x000061a8       0x30 /tmp/arduino/sketches/6410D19507041D3191A7EECFF5040193/../../cores/RMESS_nRF5_DWM1001-DEV_softdevice_none_a3bb6c47e8a15569f3a1fd5e1f800b74/core.a(Uart.cpp.o)
                0x000061a8                vtable for Uart
 .rodata.str1.1
                0x000061d8       0x3c /home/sae512/.arduino15/packages/RMESS/tools/gcc-arm-none-eabi/5_2-2015q4/bin/../lib/gcc/arm-none-eabi/5.2.1/../../../../arm-none-eabi/lib/armv7e-m/fpu/libc_nano.a(lib_a-assert.o)
                                 0x3d (size before relaxing)
 .rodata.str1.1
                0x00006214        0x2 /home/sae512/.arduino15/packages/RMESS/tools/gcc-arm-none-eabi/5_2-2015q4/bin/../lib/gcc/arm-none-eabi/5.2.1/../../../../arm-none-eabi/lib/armv7e-m/fpu/libc_nano.a(lib_a-impure.o)
 *fill*         0x00006216        0x2 
 .rodata._global_impure_ptr
                0x00006218        0x4 /home/sae512/.arduino15/packages/RMESS/tools/gcc-arm-none-eabi/5_2-2015q4/bin/../lib/gcc/arm-none-eabi/5.2.1/../../../../arm-none-eabi/lib/armv7e-m/fpu/libc_nano.a(lib_a-impure.o)
                0x00006218                _global_impure_ptr
 .rodata.str1.1
                0x0000621c       0x11 /home/sae512/.arduino15/packages/RMESS/tools/gcc-arm-none-eabi/5_2-2015q4/bin/../lib/gcc/arm-none-eabi/5.2.1/../../../../arm-none-eabi/lib/armv7e-m/fpu/libc_nano.a(lib_a-nano-vfprintf.o)
 .rodata.str1.1
                0x0000622d        0xa /home/sae512/.arduino15/packages/RMESS/tools/gcc-arm-none-eabi/5_2-2015q4/bin/../lib/gcc/arm-none-eabi/5.2.1/../../../../arm-none-eabi/lib/armv7e-m/fpu/libc_nano.a(lib_a-nano-vfprintf_float.o)
                                 0x12 (size before relaxing)
 .rodata.str1.1
                0x00006237       0x22 /home/sae512/.arduino15/packages/RMESS/tools/gcc-arm-none-eabi/5_2-2015q4/bin/../lib/gcc/arm-none-eabi/5.2.1/../../../../arm-none-eabi/lib/armv7e-m/fpu/libc_nano.a(lib_a-nano-vfprintf_i.o)
 .rodata.str1.1
                0x00006259        0xd /home/sae512/.arduino15/packages/RMESS/tools/gcc-arm-none-eabi/5_2-2015q4/bin/../lib/gcc/arm-none-eabi/5.2.1/../../../../arm-none-eabi/lib/armv7e-m/fpu/libc_nano.a(lib_a-dtoa.o)
                                  0xf (size before relaxing)
 *fill*         0x00006266        0x2 
 .rodata.__sf_fake_stdin
                0x00006268       0x20 /home/sae512/.arduino15/packages/RMESS/tools/gcc-arm-none-eabi/5_2-2015q4/bin/../lib/gcc/arm-none-eabi/5.2.1/../../../../arm-none-eabi/lib/armv7e-m/fpu/libc_nano.a(lib_a-findfp.o)
                0x00006268                __sf_fake_stdin
 .rodata.__sf_fake_stdout
                0x00006288       0x20 /home/sae512/.arduino15/packages/RMESS/tools/gcc-arm-none-eabi/5_2-2015q4/bin/../lib/gcc/arm-none-eabi/5.2.1/../../../../arm-none-eabi/lib/armv7e-m/fpu/libc_nano.a(lib_a-findfp.o)
                0x00006288                __sf_fake_stdout
 .rodata.__sf_fake_stderr
                0x000062a8       0x20 /home/sae512/.arduino15/packages/RMESS/tools/gcc-arm-none-eabi/5_2-2015q4/bin/../lib/gcc/arm-none-eabi/5.2.1/../../../../arm-none-eabi/lib/armv7e-m/fpu/libc_nano.a(lib_a-findfp.o)
                0x000062a8                __sf_fake_stderr
 .rodata.str1.1
                0x000062c8        0x6 /home/sae512/.arduino15/packages/RMESS/tools/gcc-arm-none-eabi/5_2-2015q4/bin/../lib/gcc/arm-none-eabi/5.2.1/../../../../arm-none-eabi/lib/armv7e-m/fpu/libc_nano.a(lib_a-locale.o)
                                  0xb (size before relaxing)
 *fill*         0x000062ce        0x2 
 .rodata.__mprec_tens
                0x000062d0       0xc8 /home/sae512/.arduino15/packages/RMESS/tools/gcc-arm-none-eabi/5_2-2015q4/bin/../lib/gcc/arm-none-eabi/5.2.1/../../../../arm-none-eabi/lib/armv7e-m/fpu/libc_nano.a(lib_a-mprec.o)
                0x000062d0                __mprec_tens
 .rodata.__mprec_bigtens
                0x00006398       0x28 /home/sae512/.arduino15/packages/RMESS/tools/gcc-arm-none-eabi/5_2-2015q4/bin/../lib/gcc/arm-none-eabi/5.2.1/../../../../arm-none-eabi/lib/armv7e-m/fpu/libc_nano.a(lib_a-mprec.o)
                0x00006398                __mprec_bigtens
 .rodata.p05.5416
                0x000063c0        0xc /home/sae512/.arduino15/packages/RMESS/tools/gcc-arm-none-eabi/5_2-2015q4/bin/../lib/gcc/arm-none-eabi/5.2.1/../../../../arm-none-eabi/lib/armv7e-m/fpu/libc_nano.a(lib_a-mprec.o)
 *(.eh_frame*)
 .eh_frame      0x000063cc        0x0 /home/sae512/.arduino15/packages/RMESS/tools/gcc-arm-none-eabi/5_2-2015q4/bin/../lib/gcc/arm-none-eabi/5.2.1/armv7e-m/fpu/crtbegin.o
 .eh_frame      0x000063cc        0x4 /home/sae512/.arduino15/packages/RMESS/tools/gcc-arm-none-eabi/5_2-2015q4/bin/../lib/gcc/arm-none-eabi/5.2.1/armv7e-m/fpu/crtend.o

.glue_7         0x000063d0        0x0
 .glue_7        0x000063d0        0x0 linker stubs

.glue_7t        0x000063d0        0x0
 .glue_7t       0x000063d0        0x0 linker stubs

.vfp11_veneer   0x000063d0        0x0
 .vfp11_veneer  0x000063d0        0x0 linker stubs

.v4_bx          0x000063d0        0x0
 .v4_bx         0x000063d0        0x0 linker stubs

.iplt           0x000063d0        0x0
 .iplt          0x000063d0        0x0 /home/sae512/.arduino15/packages/RMESS/tools/gcc-arm-none-eabi/5_2-2015q4/bin/../lib/gcc/arm-none-eabi/5.2.1/armv7e-m/fpu/crtbegin.o

.ARM.extab
 *(.ARM.extab* .gnu.linkonce.armextab.*)
                0x000063d0                __exidx_start = .

.ARM.exidx      0x000063d0        0x8
 *(.ARM.exidx* .gnu.linkonce.armexidx.*)
 .ARM.exidx     0x000063d0        0x8 /home/sae512/.arduino15/packages/RMESS/tools/gcc-arm-none-eabi/5_2-2015q4/bin/../lib/gcc/arm-none-eabi/5.2.1/../../../../arm-none-eabi/lib/armv7e-m/fpu/crt0.o
                0x000063d8                __exidx_end = .

.rel.dyn        0x000063d8        0x0
 .rel.iplt      0x000063d8        0x0 /home/sae512/.arduino15/packages/RMESS/tools/gcc-arm-none-eabi/5_2-2015q4/bin/../lib/gcc/arm-none-eabi/5.2.1/armv7e-m/fpu/crtbegin.o
                0x000063d8                . = ALIGN (0x4)
                0x000063d8                __etext = .

.data           0x20000000       0xe0 load address 0x000063d8
                0x20000000                __data_start__ = .
 *(vtable)
 *(.data*)
 .data.mask     0x20000000        0x8 /tmp/arduino/sketches/6410D19507041D3191A7EECFF5040193/sketch/ODS_AR.ino.cpp.o
                0x20000000                mask
 .data.DRX_TUNE2
                0x20000008       0x20 /tmp/arduino/sketches/6410D19507041D3191A7EECFF5040193/libraries/DecaDuino/DecaDuino.cpp.o
                0x20000008                DRX_TUNE2
 .data.SystemCoreClock
                0x20000028        0x4 /tmp/arduino/sketches/6410D19507041D3191A7EECFF5040193/../../cores/RMESS_nRF5_DWM1001-DEV_softdevice_none_a3bb6c47e8a15569f3a1fd5e1f800b74/core.a(system_nrf52.c.o)
                0x20000028                SystemCoreClock
 .data.impure_data
                0x2000002c       0x60 /home/sae512/.arduino15/packages/RMESS/tools/gcc-arm-none-eabi/5_2-2015q4/bin/../lib/gcc/arm-none-eabi/5.2.1/../../../../arm-none-eabi/lib/armv7e-m/fpu/libc_nano.a(lib_a-impure.o)
 .data._impure_ptr
                0x2000008c        0x4 /home/sae512/.arduino15/packages/RMESS/tools/gcc-arm-none-eabi/5_2-2015q4/bin/../lib/gcc/arm-none-eabi/5.2.1/../../../../arm-none-eabi/lib/armv7e-m/fpu/libc_nano.a(lib_a-impure.o)
                0x2000008c                _impure_ptr
 .data.lconv    0x20000090       0x38 /home/sae512/.arduino15/packages/RMESS/tools/gcc-arm-none-eabi/5_2-2015q4/bin/../lib/gcc/arm-none-eabi/5.2.1/../../../../arm-none-eabi/lib/armv7e-m/fpu/libc_nano.a(lib_a-locale.o)
                0x200000c8                . = ALIGN (0x4)
                0x200000c8                PROVIDE (__preinit_array_start, .)
 *(.preinit_array)
                0x200000c8                PROVIDE (__preinit_array_end, .)
                0x200000c8                . = ALIGN (0x4)
                0x200000c8                PROVIDE (__init_array_start, .)
 *(SORT(.init_array.*))
 *(.init_array)
 .init_array    0x200000c8        0x4 /home/sae512/.arduino15/packages/RMESS/tools/gcc-arm-none-eabi/5_2-2015q4/bin/../lib/gcc/arm-none-eabi/5.2.1/armv7e-m/fpu/crtbegin.o
 .init_array    0x200000cc        0x4 /tmp/arduino/sketches/6410D19507041D3191A7EECFF5040193/sketch/ODS_AR.ino.cpp.o
 .init_array    0x200000d0        0x4 /tmp/arduino/sketches/6410D19507041D3191A7EECFF5040193/libraries/SPI/SPI.cpp.o
 .init_array    0x200000d4        0x4 /tmp/arduino/sketches/6410D19507041D3191A7EECFF5040193/../../cores/RMESS_nRF5_DWM1001-DEV_softdevice_none_a3bb6c47e8a15569f3a1fd5e1f800b74/core.a(Uart.cpp.o)
                0x200000d8                PROVIDE (__init_array_end, .)
                0x200000d8                . = ALIGN (0x4)
                [!provide]                PROVIDE (__fini_array_start, .)
 *(SORT(.fini_array.*))
 *(.fini_array)
 .fini_array    0x200000d8        0x4 /home/sae512/.arduino15/packages/RMESS/tools/gcc-arm-none-eabi/5_2-2015q4/bin/../lib/gcc/arm-none-eabi/5.2.1/armv7e-m/fpu/crtbegin.o
                [!provide]                PROVIDE (__fini_array_end, .)
 *(.jcr*)
 .jcr           0x200000dc        0x0 /home/sae512/.arduino15/packages/RMESS/tools/gcc-arm-none-eabi/5_2-2015q4/bin/../lib/gcc/arm-none-eabi/5.2.1/armv7e-m/fpu/crtbegin.o
 .jcr           0x200000dc        0x4 /home/sae512/.arduino15/packages/RMESS/tools/gcc-arm-none-eabi/5_2-2015q4/bin/../lib/gcc/arm-none-eabi/5.2.1/armv7e-m/fpu/crtend.o
                0x200000e0                . = ALIGN (0x4)
                0x200000e0                __data_end__ = .

.tm_clone_table
                0x200000e0        0x0 load address 0x000064b8
 .tm_clone_table
                0x200000e0        0x0 /home/sae512/.arduino15/packages/RMESS/tools/gcc-arm-none-eabi/5_2-2015q4/bin/../lib/gcc/arm-none-eabi/5.2.1/armv7e-m/fpu/crtbegin.o
 .tm_clone_table
                0x200000e0        0x0 /home/sae512/.arduino15/packages/RMESS/tools/gcc-arm-none-eabi/5_2-2015q4/bin/../lib/gcc/arm-none-eabi/5.2.1/armv7e-m/fpu/crtend.o

.igot.plt       0x200000e0        0x0 load address 0x000064b8
 .igot.plt      0x200000e0        0x0 /home/sae512/.arduino15/packages/RMESS/tools/gcc-arm-none-eabi/5_2-2015q4/bin/../lib/gcc/arm-none-eabi/5.2.1/armv7e-m/fpu/crtbegin.o

.bss            0x200000e0      0x448 load address 0x000064b8
                0x200000e0                . = ALIGN (0x4)
                0x200000e0                __bss_start__ = .
 *(.bss*)
 .bss           0x200000e0       0x1c /home/sae512/.arduino15/packages/RMESS/tools/gcc-arm-none-eabi/5_2-2015q4/bin/../lib/gcc/arm-none-eabi/5.2.1/armv7e-m/fpu/crtbegin.o
 *fill*         0x200000fc        0x4 
 .bss.t32       0x20000100        0x8 /tmp/arduino/sketches/6410D19507041D3191A7EECFF5040193/sketch/ODS_AR.ino.cpp.o
                0x20000100                t32
 .bss.test      0x20000108        0x4 /tmp/arduino/sketches/6410D19507041D3191A7EECFF5040193/sketch/ODS_AR.ino.cpp.o
                0x20000108                test
 .bss.distance  0x2000010c        0x4 /tmp/arduino/sketches/6410D19507041D3191A7EECFF5040193/sketch/ODS_AR.ino.cpp.o
                0x2000010c                distance
 .bss.rxLen     0x20000110        0x2 /tmp/arduino/sketches/6410D19507041D3191A7EECFF5040193/sketch/ODS_AR.ino.cpp.o
                0x20000110                rxLen
 *fill*         0x20000112        0x2 
 .bss.state     0x20000114        0x4 /tmp/arduino/sketches/6410D19507041D3191A7EECFF5040193/sketch/ODS_AR.ino.cpp.o
                0x20000114                state
 .bss.tR2       0x20000118        0x8 /tmp/arduino/sketches/6410D19507041D3191A7EECFF5040193/sketch/ODS_AR.ino.cpp.o
                0x20000118                tR2
 .bss.tof       0x20000120        0x4 /tmp/arduino/sketches/6410D19507041D3191A7EECFF5040193/sketch/ODS_AR.ino.cpp.o
                0x20000120                tof
 .bss.txData    0x20000124       0x80 /tmp/arduino/sketches/6410D19507041D3191A7EECFF5040193/sketch/ODS_AR.ino.cpp.o
                0x20000124                txData
 *fill*         0x200001a4        0x4 
 .bss.decaduino
                0x200001a8      0x160 /tmp/arduino/sketches/6410D19507041D3191A7EECFF5040193/sketch/ODS_AR.ino.cpp.o
                0x200001a8                decaduino
 .bss.t34       0x20000308        0x8 /tmp/arduino/sketches/6410D19507041D3191A7EECFF5040193/sketch/ODS_AR.ino.cpp.o
                0x20000308                t34
 .bss.t31       0x20000310        0x8 /tmp/arduino/sketches/6410D19507041D3191A7EECFF5040193/sketch/ODS_AR.ino.cpp.o
                0x20000310                t31
 .bss.t33       0x20000318        0x8 /tmp/arduino/sketches/6410D19507041D3191A7EECFF5040193/sketch/ODS_AR.ino.cpp.o
                0x20000318                t33
 .bss.timeout   0x20000320        0x4 /tmp/arduino/sketches/6410D19507041D3191A7EECFF5040193/sketch/ODS_AR.ino.cpp.o
                0x20000320                timeout
 *fill*         0x20000324        0x4 
 .bss.t21       0x20000328        0x8 /tmp/arduino/sketches/6410D19507041D3191A7EECFF5040193/sketch/ODS_AR.ino.cpp.o
                0x20000328                t21
 .bss.t22       0x20000330        0x8 /tmp/arduino/sketches/6410D19507041D3191A7EECFF5040193/sketch/ODS_AR.ino.cpp.o
                0x20000330                t22
 .bss.t23       0x20000338        0x8 /tmp/arduino/sketches/6410D19507041D3191A7EECFF5040193/sketch/ODS_AR.ino.cpp.o
                0x20000338                t23
 .bss.t24       0x20000340        0x8 /tmp/arduino/sketches/6410D19507041D3191A7EECFF5040193/sketch/ODS_AR.ino.cpp.o
                0x20000340                t24
 .bss.rxData    0x20000348       0x80 /tmp/arduino/sketches/6410D19507041D3191A7EECFF5040193/sketch/ODS_AR.ino.cpp.o
                0x20000348                rxData
 .bss.tR1       0x200003c8        0x8 /tmp/arduino/sketches/6410D19507041D3191A7EECFF5040193/sketch/ODS_AR.ino.cpp.o
                0x200003c8                tR1
 .bss._ZL20DEFAULT_SPI_SETTINGS
                0x200003d0        0xc /tmp/arduino/sketches/6410D19507041D3191A7EECFF5040193/libraries/SPI/SPI.cpp.o
 .bss.SPI       0x200003dc       0x14 /tmp/arduino/sketches/6410D19507041D3191A7EECFF5040193/libraries/SPI/SPI.cpp.o
                0x200003dc                SPI
 .bss.SPI1      0x200003f0       0x14 /tmp/arduino/sketches/6410D19507041D3191A7EECFF5040193/libraries/SPI/SPI.cpp.o
                0x200003f0                SPI1
 .bss._ZN9DecaDuino19_DecaDuinoInterruptE
                0x20000404       0x80 /tmp/arduino/sketches/6410D19507041D3191A7EECFF5040193/libraries/DecaDuino/DecaDuino.cpp.o
                0x20000404                DecaDuino::_DecaDuinoInterrupt
 .bss.Serial    0x20000484       0x64 /tmp/arduino/sketches/6410D19507041D3191A7EECFF5040193/../../cores/RMESS_nRF5_DWM1001-DEV_softdevice_none_a3bb6c47e8a15569f3a1fd5e1f800b74/core.a(Uart.cpp.o)
                0x20000484                Serial
 .bss.channelMap
                0x200004e8        0x8 /tmp/arduino/sketches/6410D19507041D3191A7EECFF5040193/../../cores/RMESS_nRF5_DWM1001-DEV_softdevice_none_a3bb6c47e8a15569f3a1fd5e1f800b74/core.a(WInterrupts.c.o)
 .bss.enabled   0x200004f0        0x4 /tmp/arduino/sketches/6410D19507041D3191A7EECFF5040193/../../cores/RMESS_nRF5_DWM1001-DEV_softdevice_none_a3bb6c47e8a15569f3a1fd5e1f800b74/core.a(WInterrupts.c.o)
 .bss.callbacksInt
                0x200004f4       0x20 /tmp/arduino/sketches/6410D19507041D3191A7EECFF5040193/../../cores/RMESS_nRF5_DWM1001-DEV_softdevice_none_a3bb6c47e8a15569f3a1fd5e1f800b74/core.a(WInterrupts.c.o)
 .bss.overflows
                0x20000514        0x4 /tmp/arduino/sketches/6410D19507041D3191A7EECFF5040193/../../cores/RMESS_nRF5_DWM1001-DEV_softdevice_none_a3bb6c47e8a15569f3a1fd5e1f800b74/core.a(delay.c.o)
 .bss.__malloc_sbrk_start
                0x20000518        0x4 /home/sae512/.arduino15/packages/RMESS/tools/gcc-arm-none-eabi/5_2-2015q4/bin/../lib/gcc/arm-none-eabi/5.2.1/../../../../arm-none-eabi/lib/armv7e-m/fpu/libc_nano.a(lib_a-nano-mallocr.o)
                0x20000518                __malloc_sbrk_start
 .bss.__malloc_free_list
                0x2000051c        0x4 /home/sae512/.arduino15/packages/RMESS/tools/gcc-arm-none-eabi/5_2-2015q4/bin/../lib/gcc/arm-none-eabi/5.2.1/../../../../arm-none-eabi/lib/armv7e-m/fpu/libc_nano.a(lib_a-nano-mallocr.o)
                0x2000051c                __malloc_free_list
 .bss.heap_end.4169
                0x20000520        0x4 /home/sae512/.arduino15/packages/RMESS/tools/gcc-arm-none-eabi/5_2-2015q4/bin/../lib/gcc/arm-none-eabi/5.2.1/../../../../arm-none-eabi/lib/armv7e-m/fpu/libnosys.a(sbrk.o)
 *(COMMON)
 COMMON         0x20000524        0x4 /home/sae512/.arduino15/packages/RMESS/tools/gcc-arm-none-eabi/5_2-2015q4/bin/../lib/gcc/arm-none-eabi/5.2.1/../../../../arm-none-eabi/lib/armv7e-m/fpu/libc_nano.a(lib_a-reent.o)
                0x20000524                errno
                0x20000528                . = ALIGN (0x4)
                0x20000528                __bss_end__ = .

.heap           0x20000528     0x1000
                0x20000528                __HeapBase = .
                0x20000528                __end__ = .
                0x20000528                PROVIDE (end, .)
 *(.heap*)
 .heap          0x20000528     0x1000 /tmp/arduino/sketches/6410D19507041D3191A7EECFF5040193/../../cores/RMESS_nRF5_DWM1001-DEV_softdevice_none_a3bb6c47e8a15569f3a1fd5e1f800b74/core.a(gcc_startup_nrf52.S.o)
                0x20001528                __HeapLimit = .

.stack_dummy    0x20000528     0x1000
 *(.stack*)
 .stack         0x20000528     0x1000 /tmp/arduino/sketches/6410D19507041D3191A7EECFF5040193/../../cores/RMESS_nRF5_DWM1001-DEV_softdevice_none_a3bb6c47e8a15569f3a1fd5e1f800b74/core.a(gcc_startup_nrf52.S.o)
                0x20010000                __StackTop = (ORIGIN (RAM) + LENGTH (RAM))
                0x2000f000                __StackLimit = (__StackTop - SIZEOF (.stack_dummy))
                0x20010000                PROVIDE (__stack, __StackTop)
                0x00000001                ASSERT ((__StackLimit >= __HeapLimit), region RAM overflowed with stack)
                0x000000e0                DataInitFlashUsed = (__bss_start__ - __data_start__)
                0x000063d8                CodeFlashUsed = (__etext - ORIGIN (FLASH))
                0x000064b8                TotalFlashUsed = (CodeFlashUsed + DataInitFlashUsed)
                0x00000001                ASSERT ((TotalFlashUsed <= LENGTH (FLASH)), region FLASH overflowed with .data and user data)
OUTPUT(/tmp/arduino/sketches/6410D19507041D3191A7EECFF5040193/ODS_AR.ino.elf elf32-littlearm)

.ARM.attributes
                0x00000000       0x30
 .ARM.attributes
                0x00000000       0x22 /home/sae512/.arduino15/packages/RMESS/tools/gcc-arm-none-eabi/5_2-2015q4/bin/../lib/gcc/arm-none-eabi/5.2.1/armv7e-m/fpu/crti.o
 .ARM.attributes
                0x00000022       0x34 /home/sae512/.arduino15/packages/RMESS/tools/gcc-arm-none-eabi/5_2-2015q4/bin/../lib/gcc/arm-none-eabi/5.2.1/armv7e-m/fpu/crtbegin.o
 .ARM.attributes
                0x00000056       0x20 /home/sae512/.arduino15/packages/RMESS/tools/gcc-arm-none-eabi/5_2-2015q4/bin/../lib/gcc/arm-none-eabi/5.2.1/../../../../arm-none-eabi/lib/armv7e-m/fpu/crt0.o
 .ARM.attributes
                0x00000076       0x39 /tmp/arduino/sketches/6410D19507041D3191A7EECFF5040193/sketch/ODS_AR.ino.cpp.o
 .ARM.attributes
                0x000000af       0x39 /tmp/arduino/sketches/6410D19507041D3191A7EECFF5040193/libraries/SPI/SPI.cpp.o
 .ARM.attributes
                0x000000e8       0x39 /tmp/arduino/sketches/6410D19507041D3191A7EECFF5040193/libraries/DecaDuino/DecaDuino.cpp.o
 .ARM.attributes
                0x00000121       0x39 /tmp/arduino/sketches/6410D19507041D3191A7EECFF5040193/libraries/printfToSerial/printfToSerial.cpp.o
 .ARM.attributes
                0x0000015a       0x39 /tmp/arduino/sketches/6410D19507041D3191A7EECFF5040193/core/variant.cpp.o
 .ARM.attributes
                0x00000193       0x34 /home/sae512/.arduino15/packages/RMESS/tools/gcc-arm-none-eabi/5_2-2015q4/bin/../lib/gcc/arm-none-eabi/5.2.1/../../../../arm-none-eabi/lib/armv7e-m/fpu/libm.a(lib_a-s_fpclassify.o)
 .ARM.attributes
                0x000001c7       0x39 /tmp/arduino/sketches/6410D19507041D3191A7EECFF5040193/../../cores/RMESS_nRF5_DWM1001-DEV_softdevice_none_a3bb6c47e8a15569f3a1fd5e1f800b74/core.a(Print.cpp.o)
 .ARM.attributes
                0x00000200       0x1c /tmp/arduino/sketches/6410D19507041D3191A7EECFF5040193/../../cores/RMESS_nRF5_DWM1001-DEV_softdevice_none_a3bb6c47e8a15569f3a1fd5e1f800b74/core.a(gcc_startup_nrf52.S.o)
 .ARM.attributes
                0x0000021c       0x39 /tmp/arduino/sketches/6410D19507041D3191A7EECFF5040193/../../cores/RMESS_nRF5_DWM1001-DEV_softdevice_none_a3bb6c47e8a15569f3a1fd5e1f800b74/core.a(system_nrf52.c.o)
 .ARM.attributes
                0x00000255       0x39 /tmp/arduino/sketches/6410D19507041D3191A7EECFF5040193/../../cores/RMESS_nRF5_DWM1001-DEV_softdevice_none_a3bb6c47e8a15569f3a1fd5e1f800b74/core.a(Uart.cpp.o)
 .ARM.attributes
                0x0000028e       0x39 /tmp/arduino/sketches/6410D19507041D3191A7EECFF5040193/../../cores/RMESS_nRF5_DWM1001-DEV_softdevice_none_a3bb6c47e8a15569f3a1fd5e1f800b74/core.a(WInterrupts.c.o)
 .ARM.attributes
                0x000002c7       0x39 /tmp/arduino/sketches/6410D19507041D3191A7EECFF5040193/../../cores/RMESS_nRF5_DWM1001-DEV_softdevice_none_a3bb6c47e8a15569f3a1fd5e1f800b74/core.a(delay.c.o)
 .ARM.attributes
                0x00000300       0x39 /tmp/arduino/sketches/6410D19507041D3191A7EECFF5040193/../../cores/RMESS_nRF5_DWM1001-DEV_softdevice_none_a3bb6c47e8a15569f3a1fd5e1f800b74/core.a(hooks.c.o)
 .ARM.attributes
                0x00000339       0x39 /tmp/arduino/sketches/6410D19507041D3191A7EECFF5040193/../../cores/RMESS_nRF5_DWM1001-DEV_softdevice_none_a3bb6c47e8a15569f3a1fd5e1f800b74/core.a(main.cpp.o)
 .ARM.attributes
                0x00000372       0x39 /tmp/arduino/sketches/6410D19507041D3191A7EECFF5040193/../../cores/RMESS_nRF5_DWM1001-DEV_softdevice_none_a3bb6c47e8a15569f3a1fd5e1f800b74/core.a(wiring.c.o)
 .ARM.attributes
                0x000003ab       0x39 /tmp/arduino/sketches/6410D19507041D3191A7EECFF5040193/../../cores/RMESS_nRF5_DWM1001-DEV_softdevice_none_a3bb6c47e8a15569f3a1fd5e1f800b74/core.a(wiring_digital.c.o)
 .ARM.attributes
                0x000003e4       0x39 /tmp/arduino/sketches/6410D19507041D3191A7EECFF5040193/../../cores/RMESS_nRF5_DWM1001-DEV_softdevice_none_a3bb6c47e8a15569f3a1fd5e1f800b74/core.a(RingBuffer.cpp.o)
 .ARM.attributes
                0x0000041d       0x22 /home/sae512/.arduino15/packages/RMESS/tools/gcc-arm-none-eabi/5_2-2015q4/bin/../lib/gcc/arm-none-eabi/5.2.1/armv7e-m/fpu/libgcc.a(_arm_addsubdf3.o)
 .ARM.attributes
                0x0000043f       0x22 /home/sae512/.arduino15/packages/RMESS/tools/gcc-arm-none-eabi/5_2-2015q4/bin/../lib/gcc/arm-none-eabi/5.2.1/armv7e-m/fpu/libgcc.a(_arm_muldivdf3.o)
 .ARM.attributes
                0x00000461       0x22 /home/sae512/.arduino15/packages/RMESS/tools/gcc-arm-none-eabi/5_2-2015q4/bin/../lib/gcc/arm-none-eabi/5.2.1/armv7e-m/fpu/libgcc.a(_arm_cmpdf2.o)
 .ARM.attributes
                0x00000483       0x22 /home/sae512/.arduino15/packages/RMESS/tools/gcc-arm-none-eabi/5_2-2015q4/bin/../lib/gcc/arm-none-eabi/5.2.1/armv7e-m/fpu/libgcc.a(_arm_fixdfsi.o)
 .ARM.attributes
                0x000004a5       0x22 /home/sae512/.arduino15/packages/RMESS/tools/gcc-arm-none-eabi/5_2-2015q4/bin/../lib/gcc/arm-none-eabi/5.2.1/armv7e-m/fpu/libgcc.a(_arm_fixunsdfsi.o)
 .ARM.attributes
                0x000004c7       0x22 /home/sae512/.arduino15/packages/RMESS/tools/gcc-arm-none-eabi/5_2-2015q4/bin/../lib/gcc/arm-none-eabi/5.2.1/armv7e-m/fpu/libgcc.a(_arm_truncdfsf2.o)
 .ARM.attributes
                0x000004e9       0x34 /home/sae512/.arduino15/packages/RMESS/tools/gcc-arm-none-eabi/5_2-2015q4/bin/../lib/gcc/arm-none-eabi/5.2.1/../../../../arm-none-eabi/lib/armv7e-m/fpu/libc_nano.a(lib_a-assert.o)
 .ARM.attributes
                0x0000051d       0x34 /home/sae512/.arduino15/packages/RMESS/tools/gcc-arm-none-eabi/5_2-2015q4/bin/../lib/gcc/arm-none-eabi/5.2.1/../../../../arm-none-eabi/lib/armv7e-m/fpu/libc_nano.a(lib_a-exit.o)
 .ARM.attributes
                0x00000551       0x34 /home/sae512/.arduino15/packages/RMESS/tools/gcc-arm-none-eabi/5_2-2015q4/bin/../lib/gcc/arm-none-eabi/5.2.1/../../../../arm-none-eabi/lib/armv7e-m/fpu/libc_nano.a(lib_a-fprintf.o)
 .ARM.attributes