Archive member included to satisfy reference by file (symbol)

/home/sae512/.arduino15/packages/RMESS/tools/gcc-arm-none-eabi/5_2-2015q4/bin/../lib/gcc/arm-none-eabi/5.2.1/../../../../arm-none-eabi/lib/armv7e-m/fpu/libm.a(lib_a-w_log10.o)
                              /tmp/arduino/sketches/99157C4B004638A986025FB682D05DC6/libraries/DecaDuino/DecaDuino.cpp.o (log10)
/home/sae512/.arduino15/packages/RMESS/tools/gcc-arm-none-eabi/5_2-2015q4/bin/../lib/gcc/arm-none-eabi/5.2.1/../../../../arm-none-eabi/lib/armv7e-m/fpu/libm.a(lib_a-e_log10.o)
                              /home/sae512/.arduino15/packages/RMESS/tools/gcc-arm-none-eabi/5_2-2015q4/bin/../lib/gcc/arm-none-eabi/5.2.1/../../../../arm-none-eabi/lib/armv7e-m/fpu/libm.a(lib_a-w_log10.o) (__ieee754_log10)
/home/sae512/.arduino15/packages/RMESS/tools/gcc-arm-none-eabi/5_2-2015q4/bin/../lib/gcc/arm-none-eabi/5.2.1/../../../../arm-none-eabi/lib/armv7e-m/fpu/libm.a(lib_a-s_fpclassify.o)
                              /home/sae512/.arduino15/packages/RMESS/tools/gcc-arm-none-eabi/5_2-2015q4/bin/../lib/gcc/arm-none-eabi/5.2.1/../../../../arm-none-eabi/lib/armv7e-m/fpu/libm.a(lib_a-w_log10.o) (__fpclassifyd)
/home/sae512/.arduino15/packages/RMESS/tools/gcc-arm-none-eabi/5_2-2015q4/bin/../lib/gcc/arm-none-eabi/5.2.1/../../../../arm-none-eabi/lib/armv7e-m/fpu/libm.a(lib_a-s_lib_ver.o)
                              /home/sae512/.arduino15/packages/RMESS/tools/gcc-arm-none-eabi/5_2-2015q4/bin/../lib/gcc/arm-none-eabi/5.2.1/../../../../arm-none-eabi/lib/armv7e-m/fpu/libm.a(lib_a-w_log10.o) (__fdlib_version)
/home/sae512/.arduino15/packages/RMESS/tools/gcc-arm-none-eabi/5_2-2015q4/bin/../lib/gcc/arm-none-eabi/5.2.1/../../../../arm-none-eabi/lib/armv7e-m/fpu/libm.a(lib_a-s_matherr.o)
                              /home/sae512/.arduino15/packages/RMESS/tools/gcc-arm-none-eabi/5_2-2015q4/bin/../lib/gcc/arm-none-eabi/5.2.1/../../../../arm-none-eabi/lib/armv7e-m/fpu/libm.a(lib_a-w_log10.o) (matherr)
/home/sae512/.arduino15/packages/RMESS/tools/gcc-arm-none-eabi/5_2-2015q4/bin/../lib/gcc/arm-none-eabi/5.2.1/../../../../arm-none-eabi/lib/armv7e-m/fpu/libm.a(lib_a-s_nan.o)
                              /home/sae512/.arduino15/packages/RMESS/tools/gcc-arm-none-eabi/5_2-2015q4/bin/../lib/gcc/arm-none-eabi/5.2.1/../../../../arm-none-eabi/lib/armv7e-m/fpu/libm.a(lib_a-w_log10.o) (nan)
/home/sae512/.arduino15/packages/RMESS/tools/gcc-arm-none-eabi/5_2-2015q4/bin/../lib/gcc/arm-none-eabi/5.2.1/../../../../arm-none-eabi/lib/armv7e-m/fpu/libm.a(lib_a-e_log.o)
                              /home/sae512/.arduino15/packages/RMESS/tools/gcc-arm-none-eabi/5_2-2015q4/bin/../lib/gcc/arm-none-eabi/5.2.1/../../../../arm-none-eabi/lib/armv7e-m/fpu/libm.a(lib_a-e_log10.o) (__ieee754_log)
/tmp/arduino/sketches/99157C4B004638A986025FB682D05DC6/../../cores/RMESS_nRF5_DWM1001-DEV_softdevice_none_a3bb6c47e8a15569f3a1fd5e1f800b74/core.a(Print.cpp.o)
                              /tmp/arduino/sketches/99157C4B004638A986025FB682D05DC6/libraries/printfToSerial/printfToSerial.cpp.o (Print::write(unsigned char const*, unsigned int))
/tmp/arduino/sketches/99157C4B004638A986025FB682D05DC6/../../cores/RMESS_nRF5_DWM1001-DEV_softdevice_none_a3bb6c47e8a15569f3a1fd5e1f800b74/core.a(gcc_startup_nrf52.S.o)
                              (Reset_Handler)
/tmp/arduino/sketches/99157C4B004638A986025FB682D05DC6/../../cores/RMESS_nRF5_DWM1001-DEV_softdevice_none_a3bb6c47e8a15569f3a1fd5e1f800b74/core.a(system_nrf52.c.o)
                              /tmp/arduino/sketches/99157C4B004638A986025FB682D05DC6/../../cores/RMESS_nRF5_DWM1001-DEV_softdevice_none_a3bb6c47e8a15569f3a1fd5e1f800b74/core.a(gcc_startup_nrf52.S.o) (SystemInit)
/tmp/arduino/sketches/99157C4B004638A986025FB682D05DC6/../../cores/RMESS_nRF5_DWM1001-DEV_softdevice_none_a3bb6c47e8a15569f3a1fd5e1f800b74/core.a(Uart.cpp.o)
                              /tmp/arduino/sketches/99157C4B004638A986025FB682D05DC6/sketch/ODS_M.ino.cpp.o (Uart::begin(unsigned long))
/tmp/arduino/sketches/99157C4B004638A986025FB682D05DC6/../../cores/RMESS_nRF5_DWM1001-DEV_softdevice_none_a3bb6c47e8a15569f3a1fd5e1f800b74/core.a(WInterrupts.c.o)
                              /tmp/arduino/sketches/99157C4B004638A986025FB682D05DC6/libraries/DecaDuino/DecaDuino.cpp.o (attachInterrupt)
/tmp/arduino/sketches/99157C4B004638A986025FB682D05DC6/../../cores/RMESS_nRF5_DWM1001-DEV_softdevice_none_a3bb6c47e8a15569f3a1fd5e1f800b74/core.a(abi.cpp.o)
                              /tmp/arduino/sketches/99157C4B004638A986025FB682D05DC6/../../cores/RMESS_nRF5_DWM1001-DEV_softdevice_none_a3bb6c47e8a15569f3a1fd5e1f800b74/core.a(Print.cpp.o) (__cxa_pure_virtual)
/tmp/arduino/sketches/99157C4B004638A986025FB682D05DC6/../../cores/RMESS_nRF5_DWM1001-DEV_softdevice_none_a3bb6c47e8a15569f3a1fd5e1f800b74/core.a(delay.c.o)
                              /tmp/arduino/sketches/99157C4B004638A986025FB682D05DC6/sketch/ODS_M.ino.cpp.o (millis)
[...]
Memory Configuration

Name             Origin             Length             Attributes
FLASH            0x00000000         0x00080000         xr
RAM              0x20000000         0x00010000         xrw
CODE_RAM         0x00800000         0x00010000         xrw
*default*        0x00000000         0xffffffff

Linker script and memory map

LOAD /home/sae512/.arduino15/packages/RMESS/tools/gcc-arm-none-eabi/5_2-2015q4/bin/../lib/gcc/arm-none-eabi/5.2.1/armv7e-m/fpu/crti.o
LOAD /home/sae512/.arduino15/packages/RMESS/tools/gcc-arm-none-eabi/5_2-2015q4/bin/../lib/gcc/arm-none-eabi/5.2.1/armv7e-m/fpu/crtbegin.o
LOAD /home/sae512/.arduino15/packages/RMESS/tools/gcc-arm-none-eabi/5_2-2015q4/bin/../lib/gcc/arm-none-eabi/5.2.1/../../../../arm-none-eabi/lib/armv7e-m/fpu/crt0.o
LOAD /tmp/arduino/sketches/99157C4B004638A986025FB682D05DC6/sketch/ODS_M.ino.cpp.o
LOAD /tmp/arduino/sketches/99157C4B004638A986025FB682D05DC6/libraries/SPI/SPI.cpp.o
LOAD /tmp/arduino/sketches/99157C4B004638A986025FB682D05DC6/libraries/DecaDuino/DecaDuino.cpp.o
LOAD /tmp/arduino/sketches/99157C4B004638A986025FB682D05DC6/libraries/printfToSerial/printfToSerial.cpp.o
LOAD /tmp/arduino/sketches/99157C4B004638A986025FB682D05DC6/core/variant.cpp.o
START GROUP
LOAD /home/sae512/.arduino15/packages/RMESS/tools/gcc-arm-none-eabi/5_2-2015q4/bin/../lib/gcc/arm-none-eabi/5.2.1/../../../../arm-none-eabi/lib/armv7e-m/fpu/libm.a
LOAD /tmp/arduino/sketches/99157C4B004638A986025FB682D05DC6/../../cores/RMESS_nRF5_DWM1001-DEV_softdevice_none_a3bb6c47e8a15569f3a1fd5e1f800b74/core.a
END GROUP
START GROUP
LOAD /home/sae512/.arduino15/packages/RMESS/tools/gcc-arm-none-eabi/5_2-2015q4/bin/../lib/gcc/arm-none-eabi/5.2.1/armv7e-m/fpu/libgcc.a
LOAD /home/sae512/.arduino15/packages/RMESS/tools/gcc-arm-none-eabi/5_2-2015q4/bin/../lib/gcc/arm-none-eabi/5.2.1/../../../../arm-none-eabi/lib/armv7e-m/fpu/libc_nano.a
END GROUP
START GROUP
LOAD /home/sae512/.arduino15/packages/RMESS/tools/gcc-arm-none-eabi/5_2-2015q4/bin/../lib/gcc/arm-none-eabi/5.2.1/armv7e-m/fpu/libgcc.a
LOAD /home/sae512/.arduino15/packages/RMESS/tools/gcc-arm-none-eabi/5_2-2015q4/bin/../lib/gcc/arm-none-eabi/5.2.1/../../../../arm-none-eabi/lib/armv7e-m/fpu/libc_nano.a
LOAD /home/sae512/.arduino15/packages/RMESS/tools/gcc-arm-none-eabi/5_2-2015q4/bin/../lib/gcc/arm-none-eabi/5.2.1/../../../../arm-none-eabi/lib/armv7e-m/fpu/libnosys.a
END GROUP
START GROUP
LOAD /home/sae512/.arduino15/packages/RMESS/tools/gcc-arm-none-eabi/5_2-2015q4/bin/../lib/gcc/arm-none-eabi/5.2.1/armv7e-m/fpu/libgcc.a
LOAD /home/sae512/.arduino15/packages/RMESS/tools/gcc-arm-none-eabi/5_2-2015q4/bin/../lib/gcc/arm-none-eabi/5.2.1/../../../../arm-none-eabi/lib/armv7e-m/fpu/libc_nano.a
LOAD /home/sae512/.arduino15/packages/RMESS/tools/gcc-arm-none-eabi/5_2-2015q4/bin/../lib/gcc/arm-none-eabi/5.2.1/../../../../arm-none-eabi/lib/armv7e-m/fpu/libnosys.a
END GROUP
LOAD /home/sae512/.arduino15/packages/RMESS/tools/gcc-arm-none-eabi/5_2-2015q4/bin/../lib/gcc/arm-none-eabi/5.2.1/armv7e-m/fpu/crtend.o
LOAD /home/sae512/.arduino15/packages/RMESS/tools/gcc-arm-none-eabi/5_2-2015q4/bin/../lib/gcc/arm-none-eabi/5.2.1/armv7e-m/fpu/crtn.o
START GROUP
LOAD /home/sae512/.arduino15/packages/RMESS/tools/gcc-arm-none-eabi/5_2-2015q4/bin/../lib/gcc/arm-none-eabi/5.2.1/armv7e-m/fpu/libgcc.a
LOAD /home/sae512/.arduino15/packages/RMESS/tools/gcc-arm-none-eabi/5_2-2015q4/bin/../lib/gcc/arm-none-eabi/5.2.1/../../../../arm-none-eabi/lib/armv7e-m/fpu/libc.a
LOAD /home/sae512/.arduino15/packages/RMESS/tools/gcc-arm-none-eabi/5_2-2015q4/bin/../lib/gcc/arm-none-eabi/5.2.1/../../../../arm-none-eabi/lib/armv7e-m/fpu/libnosys.a
END GROUP

.text           0x00000000     0x5c68
 *(.isr_vector)
 .isr_vector    0x00000000      0x200 /tmp/arduino/sketches/99157C4B004638A986025FB682D05DC6/../../cores/RMESS_nRF5_DWM1001-DEV_softdevice_none_a3bb6c47e8a15569f3a1fd5e1f800b74/core.a(gcc_startup_nrf52.S.o)
                0x00000000                __isr_vector
 *(.text*)
 .text          0x00000200       0xa4 /home/sae512/.arduino15/packages/RMESS/tools/gcc-arm-none-eabi/5_2-2015q4/bin/../lib/gcc/arm-none-eabi/5.2.1/armv7e-m/fpu/crtbegin.o
 .text          0x000002a4       0x74 /home/sae512/.arduino15/packages/RMESS/tools/gcc-arm-none-eabi/5_2-2015q4/bin/../lib/gcc/arm-none-eabi/5.2.1/../../../../arm-none-eabi/lib/armv7e-m/fpu/crt0.o
                0x000002a4                _mainCRTStartup
                0x000002a4                _start
 .text.loop     0x00000318       0x4c /tmp/arduino/sketches/99157C4B004638A986025FB682D05DC6/sketch/ODS_M.ino.cpp.o
                0x00000318                loop
 .text.startup._GLOBAL__sub_I_decaduino
                0x00000364       0x10 /tmp/arduino/sketches/99157C4B004638A986025FB682D05DC6/sketch/ODS_M.ino.cpp.o
 .text.setup    0x00000374       0x38 /tmp/arduino/sketches/99157C4B004638A986025FB682D05DC6/sketch/ODS_M.ino.cpp.o
                0x00000374                setup
 .text._ZN8SPIClassC2EP12NRF_SPI_Typehhh
                0x000003ac       0x48 /tmp/arduino/sketches/99157C4B004638A986025FB682D05DC6/libraries/SPI/SPI.cpp.o
                0x000003ac                SPIClass::SPIClass(NRF_SPI_Type*, unsigned char, unsigned char, unsigned char)
                0x000003ac                SPIClass::SPIClass(NRF_SPI_Type*, unsigned char, unsigned char, unsigned char)
 .text._ZN8SPIClass4initEv
                0x000003f4       0x10 /tmp/arduino/sketches/99157C4B004638A986025FB682D05DC6/libraries/SPI/SPI.cpp.o
                0x000003f4                SPIClass::init()
 .text._ZN8SPIClass6configE11SPISettings
                0x00000404       0x48 /tmp/arduino/sketches/99157C4B004638A986025FB682D05DC6/libraries/SPI/SPI.cpp.o
                0x00000404                SPIClass::config(SPISettings)
 .text._ZN8SPIClass5beginEv
                0x0000044c       0x2c /tmp/arduino/sketches/99157C4B004638A986025FB682D05DC6/libraries/SPI/SPI.cpp.o
                0x0000044c                SPIClass::begin()
 .text._ZN8SPIClass16beginTransactionE11SPISettings
                0x00000478       0x18 /tmp/arduino/sketches/99157C4B004638A986025FB682D05DC6/libraries/SPI/SPI.cpp.o
                0x00000478                SPIClass::beginTransaction(SPISettings)
 .text._ZN8SPIClass14endTransactionEv
                0x00000490        0x2 /tmp/arduino/sketches/99157C4B004638A986025FB682D05DC6/libraries/SPI/SPI.cpp.o
                0x00000490                SPIClass::endTransaction()
 .text._ZN8SPIClass8transferEh
                0x00000492       0x1c /tmp/arduino/sketches/99157C4B004638A986025FB682D05DC6/libraries/SPI/SPI.cpp.o
                0x00000492                SPIClass::transfer(unsigned char)
 *fill*         0x000004ae        0x2 
 .text.startup._GLOBAL__sub_I__ZN8SPIClassC2EP12NRF_SPI_Typehhh
                0x000004b0       0x4c /tmp/arduino/sketches/99157C4B004638A986025FB682D05DC6/libraries/SPI/SPI.cpp.o
 .text._ZL10end_atomicm
                0x000004fc        0x6 /tmp/arduino/sketches/99157C4B004638A986025FB682D05DC6/libraries/DecaDuino/DecaDuino.cpp.o
 *fill*         0x00000502        0x2 
 .text._ZN9DecaDuino4isr0Ev
                0x00000504       0x10 /tmp/arduino/sketches/99157C4B004638A986025FB682D05DC6/libraries/DecaDuino/DecaDuino.cpp.o
                0x00000504                DecaDuino::isr0()
 .text._ZN9DecaDuinoC2Ehh
                0x00000514       0x96 /tmp/arduino/sketches/99157C4B004638A986025FB682D05DC6/libraries/DecaDuino/DecaDuino.cpp.o
                0x00000514                DecaDuino::DecaDuino(unsigned char, unsigned char)
                0x00000514                DecaDuino::DecaDuino(unsigned char, unsigned char)
 *fill*         0x000005aa        0x2 
 .text._ZN9DecaDuino8spi_sendEPht
                0x000005ac       0x20 /tmp/arduino/sketches/99157C4B004638A986025FB682D05DC6/libraries/DecaDuino/DecaDuino.cpp.o
                0x000005ac                DecaDuino::spi_send(unsigned char*, unsigned short)
 .text._ZN9DecaDuino11spi_receiveEPht
                0x000005cc       0x24 /tmp/arduino/sketches/99157C4B004638A986025FB682D05DC6/libraries/DecaDuino/DecaDuino.cpp.o
                0x000005cc                DecaDuino::spi_receive(unsigned char*, unsigned short)
 .text._ZN9DecaDuino7readSpiEhPht
                0x000005f0       0x5c /tmp/arduino/sketches/99157C4B004638A986025FB682D05DC6/libraries/DecaDuino/DecaDuino.cpp.o
                0x000005f0                DecaDuino::readSpi(unsigned char, unsigned char*, unsigned short)
 .text._ZN9DecaDuino17readSpiSubAddressEhtPht
                0x0000064c       0xa0 /tmp/arduino/sketches/99157C4B004638A986025FB682D05DC6/libraries/DecaDuino/DecaDuino.cpp.o
                0x0000064c                DecaDuino::readSpiSubAddress(unsigned char, unsigned short, unsigned char*, unsigned short)
 .text._ZN9DecaDuino8writeSpiEhPht
                0x000006ec       0x60 /tmp/arduino/sketches/99157C4B004638A986025FB682D05DC6/libraries/DecaDuino/DecaDuino.cpp.o
                0x000006ec                DecaDuino::writeSpi(unsigned char, unsigned char*, unsigned short)
 .text._ZN9DecaDuino18writeSpiSubAddressEhtPht
                0x0000074c       0x9c /tmp/arduino/sketches/99157C4B004638A986025FB682D05DC6/libraries/DecaDuino/DecaDuino.cpp.o
                0x0000074c                DecaDuino::writeSpiSubAddress(unsigned char, unsigned short, unsigned char*, unsigned short)
 .text._ZN9DecaDuino7readOTPEtPh
                0x000007e8       0x6a /tmp/arduino/sketches/99157C4B004638A986025FB682D05DC6/libraries/DecaDuino/DecaDuino.cpp.o
                0x000007e8                DecaDuino::readOTP(unsigned short, unsigned char*)
 .text._ZN9DecaDuino12decodeUint32EPh
                0x00000852        0x4 /tmp/arduino/sketches/99157C4B004638A986025FB682D05DC6/libraries/DecaDuino/DecaDuino.cpp.o
                0x00000852                DecaDuino::decodeUint32(unsigned char*)
 .text._ZN9DecaDuino13readSpiUint32Eh
                0x00000856       0x1a /tmp/arduino/sketches/99157C4B004638A986025FB682D05DC6/libraries/DecaDuino/DecaDuino.cpp.o
                0x00000856                DecaDuino::readSpiUint32(unsigned char)
 .text._ZN9DecaDuino12encodeUint32EmPh
                0x00000870       0x10 /tmp/arduino/sketches/99157C4B004638A986025FB682D05DC6/libraries/DecaDuino/DecaDuino.cpp.o
                0x00000870                DecaDuino::encodeUint32(unsigned long, unsigned char*)
 .text._ZN9DecaDuino14writeSpiUint32Ehm
                0x00000880       0x1c /tmp/arduino/sketches/99157C4B004638A986025FB682D05DC6/libraries/DecaDuino/DecaDuino.cpp.o
                0x00000880                DecaDuino::writeSpiUint32(unsigned char, unsigned long)
 .text._ZN9DecaDuino11resetDW1000Ev
                0x0000089c      0x1e8 /tmp/arduino/sketches/99157C4B004638A986025FB682D05DC6/libraries/DecaDuino/DecaDuino.cpp.o
                0x0000089c                DecaDuino::resetDW1000()
 .text._ZN9DecaDuino12decodeUint64EPh
                0x00000a84       0x22 /tmp/arduino/sketches/99157C4B004638A986025FB682D05DC6/libraries/DecaDuino/DecaDuino.cpp.o
                0x00000a84                DecaDuino::decodeUint64(unsigned char*)
 .text._ZN9DecaDuino12encodeUint64EyPh
                0x00000aa6       0x20 /tmp/arduino/sketches/99157C4B004638A986025FB682D05DC6/libraries/DecaDuino/DecaDuino.cpp.o
                0x00000aa6                DecaDuino::encodeUint64(unsigned long long, unsigned char*)
 .text._ZN9DecaDuino14isTxPowerSmartEv
                0x00000ac6       0x12 /tmp/arduino/sketches/99157C4B004638A986025FB682D05DC6/libraries/DecaDuino/DecaDuino.cpp.o
                0x00000ac6                DecaDuino::isTxPowerSmart()
 .text._ZN9DecaDuino31setManualTxPowerRawFullRegisterEm
                0x00000ad8       0x26 /tmp/arduino/sketches/99157C4B004638A986025FB682D05DC6/libraries/DecaDuino/DecaDuino.cpp.o
                0x00000ad8                DecaDuino::setManualTxPowerRawFullRegister(unsigned long)
 .text._ZN9DecaDuino15isTxPowerManualEv
                0x00000afe        0xe /tmp/arduino/sketches/99157C4B004638A986025FB682D05DC6/libraries/DecaDuino/DecaDuino.cpp.o
                0x00000afe                DecaDuino::isTxPowerManual()
 *fill*         0x00000b0c        0x4 
 .text._ZN9DecaDuino17computeRxDurationEij
                0x00000b10      0x150 /tmp/arduino/sketches/99157C4B004638A986025FB682D05DC6/libraries/DecaDuino/DecaDuino.cpp.o
                0x00000b10                DecaDuino::computeRxDuration(int, unsigned int)
 .text._ZN9DecaDuino6engineEv
                0x00000c60      0x2d8 /tmp/arduino/sketches/99157C4B004638A986025FB682D05DC6/libraries/DecaDuino/DecaDuino.cpp.o
                0x00000c60                DecaDuino::engine()
 .text._ZN9DecaDuino7getEuidEv
                0x00000f38       0x1a /tmp/arduino/sketches/99157C4B004638A986025FB682D05DC6/libraries/DecaDuino/DecaDuino.cpp.o
                0x00000f38                DecaDuino::getEuid()
 .text._ZN9DecaDuino23setShortAddressAndPanIdEm
                0x00000f52       0x1e /tmp/arduino/sketches/99157C4B004638A986025FB682D05DC6/libraries/DecaDuino/DecaDuino.cpp.o
                0x00000f52                DecaDuino::setShortAddressAndPanId(unsigned long)
 .text._ZN9DecaDuino13getChannelRawEv
                0x00000f70       0x1c /tmp/arduino/sketches/99157C4B004638A986025FB682D05DC6/libraries/DecaDuino/DecaDuino.cpp.o
                0x00000f70                DecaDuino::getChannelRaw()
 .text._ZN9DecaDuino10getChannelEv
                0x00000f8c        0xc /tmp/arduino/sketches/99157C4B004638A986025FB682D05DC6/libraries/DecaDuino/DecaDuino.cpp.o
                0x00000f8c                DecaDuino::getChannel()
 .text._ZN9DecaDuino14getChanControlEv
                0x00000f98        0x6 /tmp/arduino/sketches/99157C4B004638A986025FB682D05DC6/libraries/DecaDuino/DecaDuino.cpp.o
                0x00000f98                DecaDuino::getChanControl()
 .text._ZN9DecaDuino8getRxPrfEv
                0x00000f9e       0x1e /tmp/arduino/sketches/99157C4B004638A986025FB682D05DC6/libraries/DecaDuino/DecaDuino.cpp.o
                0x00000f9e                DecaDuino::getRxPrf()
 .text._ZN9DecaDuino8getTxPrfEv
                0x00000fbc       0x1e /tmp/arduino/sketches/99157C4B004638A986025FB682D05DC6/libraries/DecaDuino/DecaDuino.cpp.o
                0x00000fbc                DecaDuino::getTxPrf()
 *fill*         0x00000fda        0x2 
 .text._ZN9DecaDuino21writeSmartTxPowerConfEv
                0x00000fdc       0x40 /tmp/arduino/sketches/99157C4B004638A986025FB682D05DC6/libraries/DecaDuino/DecaDuino.cpp.o
                0x00000fdc                DecaDuino::writeSmartTxPowerConf()
 .text._ZN9DecaDuino15setSmartTxPowerEb
                0x0000101c       0x24 /tmp/arduino/sketches/99157C4B004638A986025FB682D05DC6/libraries/DecaDuino/DecaDuino.cpp.o
                0x0000101c                DecaDuino::setSmartTxPower(bool)
 .text._ZN9DecaDuino32writeRecommendedFixedTxPowerConfEv
                0x00001040       0x3c /tmp/arduino/sketches/99157C4B004638A986025FB682D05DC6/libraries/DecaDuino/DecaDuino.cpp.o
                0x00001040                DecaDuino::writeRecommendedFixedTxPowerConf()
 .text._ZN9DecaDuino10getTxPcodeEv
                0x0000107c        0xe /tmp/arduino/sketches/99157C4B004638A986025FB682D05DC6/libraries/DecaDuino/DecaDuino.cpp.o
                0x0000107c                DecaDuino::getTxPcode()
 .text._ZN9DecaDuino8setRxPACEh
                0x0000108a       0xe6 /tmp/arduino/sketches/99157C4B004638A986025FB682D05DC6/libraries/DecaDuino/DecaDuino.cpp.o
                0x0000108a                DecaDuino::setRxPAC(unsigned char)
 .text._ZN9DecaDuino8setTxPrfEh
                0x00001170       0x5c /tmp/arduino/sketches/99157C4B004638A986025FB682D05DC6/libraries/DecaDuino/DecaDuino.cpp.o
                0x00001170                DecaDuino::setTxPrf(unsigned char)
 .text._ZN9DecaDuino18recommendedPACSizeEt
                0x000011cc       0x1e /tmp/arduino/sketches/99157C4B004638A986025FB682D05DC6/libraries/DecaDuino/DecaDuino.cpp.o
                0x000011cc                DecaDuino::recommendedPACSize(unsigned short)
 .text._ZN9DecaDuino10setTxPcodeEh
                0x000011ea       0x2a /tmp/arduino/sketches/99157C4B004638A986025FB682D05DC6/libraries/DecaDuino/DecaDuino.cpp.o
                0x000011ea                DecaDuino::setTxPcode(unsigned char)
 .text._ZN9DecaDuino17getPreambleLengthEv
                0x00001214       0x20 /tmp/arduino/sketches/99157C4B004638A986025FB682D05DC6/libraries/DecaDuino/DecaDuino.cpp.o
                0x00001214                DecaDuino::getPreambleLength()
 .text._ZN9DecaDuino8setRxPrfEh
                0x00001234       0xac /tmp/arduino/sketches/99157C4B004638A986025FB682D05DC6/libraries/DecaDuino/DecaDuino.cpp.o
                0x00001234                DecaDuino::setRxPrf(unsigned char)
 .text._ZN9DecaDuino14getOTPXTalTrimEv
                0x000012e0       0x1e /tmp/arduino/sketches/99157C4B004638A986025FB682D05DC6/libraries/DecaDuino/DecaDuino.cpp.o
                0x000012e0                DecaDuino::getOTPXTalTrim()
 .text._ZN9DecaDuino11setXTalTrimEh
                0x000012fe       0x22 /tmp/arduino/sketches/99157C4B004638A986025FB682D05DC6/libraries/DecaDuino/DecaDuino.cpp.o
                0x000012fe                DecaDuino::setXTalTrim(unsigned char)
 .text._ZN9DecaDuino18setXTalTrimFromOTPEv
                0x00001320       0x14 /tmp/arduino/sketches/99157C4B004638A986025FB682D05DC6/libraries/DecaDuino/DecaDuino.cpp.o
                0x00001320                DecaDuino::setXTalTrimFromOTP()
 .text._ZN9DecaDuino20getTXAntennaDelayRegEv
                0x00001334       0x1e /tmp/arduino/sketches/99157C4B004638A986025FB682D05DC6/libraries/DecaDuino/DecaDuino.cpp.o
                0x00001334                DecaDuino::getTXAntennaDelayReg()
 *fill*         0x00001352        0x2 
 .text._ZN9DecaDuino13pdDataRequestEPhtby
                0x00001354       0x98 /tmp/arduino/sketches/99157C4B004638A986025FB682D05DC6/libraries/DecaDuino/DecaDuino.cpp.o
                0x00001354                DecaDuino::pdDataRequest(unsigned char*, unsigned short, bool, unsigned long long)
 .text._ZN9DecaDuino13pdDataRequestEPht
                0x000013ec       0x14 /tmp/arduino/sketches/99157C4B004638A986025FB682D05DC6/libraries/DecaDuino/DecaDuino.cpp.o
                0x000013ec                DecaDuino::pdDataRequest(unsigned char*, unsigned short)
 .text._ZN9DecaDuino20setTXAntennaDelayRegEt
                0x00001400       0x1c /tmp/arduino/sketches/99157C4B004638A986025FB682D05DC6/libraries/DecaDuino/DecaDuino.cpp.o
                0x00001400                DecaDuino::setTXAntennaDelayReg(unsigned short)
 .text._ZN9DecaDuino20setRXAntennaDelayRegEt
                0x0000141c       0x22 /tmp/arduino/sketches/99157C4B004638A986025FB682D05DC6/libraries/DecaDuino/DecaDuino.cpp.o
                0x0000141c                DecaDuino::setRXAntennaDelayReg(unsigned short)
 .text._ZN9DecaDuino15setAntennaDelayEtb
                0x0000143e       0x32 /tmp/arduino/sketches/99157C4B004638A986025FB682D05DC6/libraries/DecaDuino/DecaDuino.cpp.o
                0x0000143e                DecaDuino::setAntennaDelay(unsigned short, bool)
 .text._ZN9DecaDuino25setCalibratedAntennaDelayEv
                0x00001470       0x2c /tmp/arduino/sketches/99157C4B004638A986025FB682D05DC6/libraries/DecaDuino/DecaDuino.cpp.o
                0x00001470                DecaDuino::setCalibratedAntennaDelay()
 .text._ZN9DecaDuino6setPrfEh
                0x0000149c       0x4a /tmp/arduino/sketches/99157C4B004638A986025FB682D05DC6/libraries/DecaDuino/DecaDuino.cpp.o
                0x0000149c                DecaDuino::setPrf(unsigned char)
 .text._ZN9DecaDuino25useCalibratedAntennaDelayEv
                0x000014e6        0xa /tmp/arduino/sketches/99157C4B004638A986025FB682D05DC6/libraries/DecaDuino/DecaDuino.cpp.o
                0x000014e6                DecaDuino::useCalibratedAntennaDelay()
 .text._ZN9DecaDuino13setSFD_LENGTHEh
                0x000014f0       0x1a /tmp/arduino/sketches/99157C4B004638A986025FB682D05DC6/libraries/DecaDuino/DecaDuino.cpp.o
                0x000014f0                DecaDuino::setSFD_LENGTH(unsigned char)
 .text._ZN9DecaDuino13setSFDTimeoutEt
                0x0000150a       0x20 /tmp/arduino/sketches/99157C4B004638A986025FB682D05DC6/libraries/DecaDuino/DecaDuino.cpp.o
                0x0000150a                DecaDuino::setSFDTimeout(unsigned short)
 .text._ZN9DecaDuino11getDataRateEv
                0x0000152a       0x1e /tmp/arduino/sketches/99157C4B004638A986025FB682D05DC6/libraries/DecaDuino/DecaDuino.cpp.o
                0x0000152a                DecaDuino::getDataRate()
 .text._ZN9DecaDuino10setRxPcodeEh
                0x00001548       0x64 /tmp/arduino/sketches/99157C4B004638A986025FB682D05DC6/libraries/DecaDuino/DecaDuino.cpp.o
                0x00001548                DecaDuino::setRxPcode(unsigned char)
 .text._ZN9DecaDuino8setPcodeEh
                0x000015ac       0x1a /tmp/arduino/sketches/99157C4B004638A986025FB682D05DC6/libraries/DecaDuino/DecaDuino.cpp.o
                0x000015ac                DecaDuino::setPcode(unsigned char)
 *fill*         0x000015c6        0x2 
 .text._ZN9DecaDuino10setChannelEh
                0x000015c8      0x1d8 /tmp/arduino/sketches/99157C4B004638A986025FB682D05DC6/libraries/DecaDuino/DecaDuino.cpp.o
                0x000015c8                DecaDuino::setChannel(unsigned char)
 .text._ZN9DecaDuino17setPreambleLengthEi
                0x000017a0      0x10c /tmp/arduino/sketches/99157C4B004638A986025FB682D05DC6/libraries/DecaDuino/DecaDuino.cpp.o
                0x000017a0                DecaDuino::setPreambleLength(int)
 .text._ZN9DecaDuino6setNTMEh
                0x000018ac       0x42 /tmp/arduino/sketches/99157C4B004638A986025FB682D05DC6/libraries/DecaDuino/DecaDuino.cpp.o
                0x000018ac                DecaDuino::setNTM(unsigned char)
 .text._ZN9DecaDuino8setPMULTEh
                0x000018ee       0x44 /tmp/arduino/sketches/99157C4B004638A986025FB682D05DC6/libraries/DecaDuino/DecaDuino.cpp.o
                0x000018ee                DecaDuino::setPMULT(unsigned char)
 *fill*         0x00001932        0x2 
 .text._ZN9DecaDuino14setStandardSFDEv
                0x00001934       0x3c /tmp/arduino/sketches/99157C4B004638A986025FB682D05DC6/libraries/DecaDuino/DecaDuino.cpp.o
                0x00001934                DecaDuino::setStandardSFD()
 .text._ZN9DecaDuino14setDecaWaveSFDEv
                0x00001970       0x82 /tmp/arduino/sketches/99157C4B004638A986025FB682D05DC6/libraries/DecaDuino/DecaDuino.cpp.o
                0x00001970                DecaDuino::setDecaWaveSFD()
 *fill*         0x000019f2        0x2 
 .text._ZN9DecaDuino11setDataRateE17dw1000_datarate_t
                0x000019f4       0xa0 /tmp/arduino/sketches/99157C4B004638A986025FB682D05DC6/libraries/DecaDuino/DecaDuino.cpp.o
                0x000019f4                DecaDuino::setDataRate(dw1000_datarate_t)
 .text._ZN9DecaDuino18disableNLOSTuningsEv
                0x00001a94       0x2a /tmp/arduino/sketches/99157C4B004638A986025FB682D05DC6/libraries/DecaDuino/DecaDuino.cpp.o
                0x00001a94                DecaDuino::disableNLOSTunings()
 .text._ZN9DecaDuino23setDefaultChannelConfigEv
                0x00001abe       0x46 /tmp/arduino/sketches/99157C4B004638A986025FB682D05DC6/libraries/DecaDuino/DecaDuino.cpp.o
                0x00001abe                DecaDuino::setDefaultChannelConfig()
 .text._ZN9DecaDuino8getDevIDEv
                0x00001b04        0x6 /tmp/arduino/sketches/99157C4B004638A986025FB682D05DC6/libraries/DecaDuino/DecaDuino.cpp.o
                0x00001b04                DecaDuino::getDevID()
 *fill*         0x00001b0a        0x2 
 .text._ZN9DecaDuino4initEm
                0x00001b0c      0x140 /tmp/arduino/sketches/99157C4B004638A986025FB682D05DC6/libraries/DecaDuino/DecaDuino.cpp.o
                0x00001b0c                DecaDuino::init(unsigned long)
 .text._ZN9DecaDuino4initEv
                0x00001c4c        0x8 /tmp/arduino/sketches/99157C4B004638A986025FB682D05DC6/libraries/DecaDuino/DecaDuino.cpp.o
                0x00001c4c                DecaDuino::init()
 .text._write   0x00001c54        0xc /tmp/arduino/sketches/99157C4B004638A986025FB682D05DC6/libraries/printfToSerial/printfToSerial.cpp.o
                0x00001c54                _write
 .text.__fpclassifyd
                0x00001c60       0x5c /home/sae512/.arduino15/packages/RMESS/tools/gcc-arm-none-eabi/5_2-2015q4/bin/../lib/gcc/arm-none-eabi/5.2.1/../../../../arm-none-eabi/lib/armv7e-m/fpu/libm.a(lib_a-s_fpclassify.o)
                0x00001c60                __fpclassifyd
 .text._ZN5Print5writeEPKhj
                0x00001cbc       0x2c /tmp/arduino/sketches/99157C4B004638A986025FB682D05DC6/../../cores/RMESS_nRF5_DWM1001-DEV_softdevice_none_a3bb6c47e8a15569f3a1fd5e1f800b74/core.a(Print.cpp.o)
                0x00001cbc                Print::write(unsigned char const*, unsigned int)
 .text._ZN5Print5writeEPKc
                0x00001ce8       0x20 /tmp/arduino/sketches/99157C4B004638A986025FB682D05DC6/../../cores/RMESS_nRF5_DWM1001-DEV_softdevice_none_a3bb6c47e8a15569f3a1fd5e1f800b74/core.a(Print.cpp.o)
                0x00001ce8                Print::write(char const*)
 .text._ZN5Print7printlnEv
                0x00001d08       0x10 /tmp/arduino/sketches/99157C4B004638A986025FB682D05DC6/../../cores/RMESS_nRF5_DWM1001-DEV_softdevice_none_a3bb6c47e8a15569f3a1fd5e1f800b74/core.a(Print.cpp.o)
                0x00001d08                Print::println()
 .text._ZN5Print7printlnEPKc
                0x00001d18       0x14 /tmp/arduino/sketches/99157C4B004638A986025FB682D05DC6/../../cores/RMESS_nRF5_DWM1001-DEV_softdevice_none_a3bb6c47e8a15569f3a1fd5e1f800b74/core.a(Print.cpp.o)
                0x00001d18                Print::println(char const*)
 .text          0x00001d2c       0x3c /tmp/arduino/sketches/99157C4B004638A986025FB682D05DC6/../../cores/RMESS_nRF5_DWM1001-DEV_softdevice_none_a3bb6c47e8a15569f3a1fd5e1f800b74/core.a(gcc_startup_nrf52.S.o)
                0x00001d2c                Reset_Handler
                0x00001d54                NMI_Handler
                0x00001d56                HardFault_Handler
                0x00001d58                MemoryManagement_Handler
                0x00001d5a                BusFault_Handler
                0x00001d5c                UsageFault_Handler
                0x00001d5e                SVC_Handler
                0x00001d60                DebugMon_Handler
                0x00001d62                PendSV_Handler
                0x00001d64                SysTick_Handler
                0x00001d66                TIMER2_IRQHandler
                0x00001d66                RTC0_IRQHandler
                0x00001d66                SWI0_EGU0_IRQHandler
                0x00001d66                SWI2_EGU2_IRQHandler
                0x00001d66                PWM1_IRQHandler
                0x00001d66                POWER_CLOCK_IRQHandler
                0x00001d66                RADIO_IRQHandler
                0x00001d66                PDM_IRQHandler
                0x00001d66                TEMP_IRQHandler
                0x00001d66                QDEC_IRQHandler
                0x00001d66                TIMER3_IRQHandler
                0x00001d66                FPU_IRQHandler
                0x00001d66                SPIM0_SPIS0_TWIM0_TWIS0_SPI0_TWI0_IRQHandler
                0x00001d66                TIMER4_IRQHandler
                0x00001d66                I2S_IRQHandler
                0x00001d66                SWI4_EGU4_IRQHandler
                0x00001d66                TIMER0_IRQHandler
                0x00001d66                TIMER1_IRQHandler
                0x00001d66                PWM2_IRQHandler
                0x00001d66                ECB_IRQHandler
                0x00001d66                SPIM1_SPIS1_TWIM1_TWIS1_SPI1_TWI1_IRQHandler
                0x00001d66                Default_Handler
                0x00001d66                SAADC_IRQHandler
                0x00001d66                CCM_AAR_IRQHandler
                0x00001d66                WDT_IRQHandler
                0x00001d66                SWI5_EGU5_IRQHandler
                0x00001d66                RNG_IRQHandler
                0x00001d66                RTC2_IRQHandler
                0x00001d66                PWM0_IRQHandler
                0x00001d66                SWI3_EGU3_IRQHandler
                0x00001d66                SWI1_EGU1_IRQHandler
                0x00001d66                SPIM2_SPIS2_SPI2_IRQHandler
                0x00001d66                NFCT_IRQHandler
                0x00001d66                MWU_IRQHandler
                0x00001d66                COMP_LPCOMP_IRQHandler
 .text.nrf52_errata_57
                0x00001d68       0x2c /tmp/arduino/sketches/99157C4B004638A986025FB682D05DC6/../../cores/RMESS_nRF5_DWM1001-DEV_softdevice_none_a3bb6c47e8a15569f3a1fd5e1f800b74/core.a(system_nrf52.c.o)
 .text.nrf52_errata_136
                0x00001d94       0x1c /tmp/arduino/sketches/99157C4B004638A986025FB682D05DC6/../../cores/RMESS_nRF5_DWM1001-DEV_softdevice_none_a3bb6c47e8a15569f3a1fd5e1f800b74/core.a(system_nrf52.c.o)
 .text.SystemInit
                0x00001db0      0x1f0 /tmp/arduino/sketches/99157C4B004638A986025FB682D05DC6/../../cores/RMESS_nRF5_DWM1001-DEV_softdevice_none_a3bb6c47e8a15569f3a1fd5e1f800b74/core.a(system_nrf52.c.o)
                0x00001db0                SystemInit
 .text._ZN4UartcvbEv
                0x00001fa0        0x4 /tmp/arduino/sketches/99157C4B004638A986025FB682D05DC6/../../cores/RMESS_nRF5_DWM1001-DEV_softdevice_none_a3bb6c47e8a15569f3a1fd5e1f800b74/core.a(Uart.cpp.o)
                0x00001fa0                Uart::operator bool()
 .text._ZN4Uart5beginEm
                0x00001fa4        0x8 /tmp/arduino/sketches/99157C4B004638A986025FB682D05DC6/../../cores/RMESS_nRF5_DWM1001-DEV_softdevice_none_a3bb6c47e8a15569f3a1fd5e1f800b74/core.a(Uart.cpp.o)
                0x00001fa4                Uart::begin(unsigned long)
 .text._ZN4Uart5flushEv
                0x00001fac        0x2 /tmp/arduino/sketches/99157C4B004638A986025FB682D05DC6/../../cores/RMESS_nRF5_DWM1001-DEV_softdevice_none_a3bb6c47e8a15569f3a1fd5e1f800b74/core.a(Uart.cpp.o)
                0x00001fac                Uart::flush()
 .text._ZN4Uart5writeEh
                0x00001fae       0x18 /tmp/arduino/sketches/99157C4B004638A986025FB682D05DC6/../../cores/RMESS_nRF5_DWM1001-DEV_softdevice_none_a3bb6c47e8a15569f3a1fd5e1f800b74/core.a(Uart.cpp.o)
                0x00001fae                Uart::write(unsigned char)
 *fill*         0x00001fc6        0x2 
 .text._ZN4Uart3endEv
                0x00001fc8       0x50 /tmp/arduino/sketches/99157C4B004638A986025FB682D05DC6/../../cores/RMESS_nRF5_DWM1001-DEV_softdevice_none_a3bb6c47e8a15569f3a1fd5e1f800b74/core.a(Uart.cpp.o)
                0x00001fc8                Uart::end()
 .text._ZN4Uart9availableEv
                0x00002018        0x6 /tmp/arduino/sketches/99157C4B004638A986025FB682D05DC6/../../cores/RMESS_nRF5_DWM1001-DEV_softdevice_none_a3bb6c47e8a15569f3a1fd5e1f800b74/core.a(Uart.cpp.o)
                0x00002018                Uart::available()
 .text._ZN4Uart4peekEv
                0x0000201e        0x6 /tmp/arduino/sketches/99157C4B004638A986025FB682D05DC6/../../cores/RMESS_nRF5_DWM1001-DEV_softdevice_none_a3bb6c47e8a15569f3a1fd5e1f800b74/core.a(Uart.cpp.o)
                0x0000201e                Uart::peek()
 .text._ZN4Uart4readEv
                0x00002024        0x6 /tmp/arduino/sketches/99157C4B004638A986025FB682D05DC6/../../cores/RMESS_nRF5_DWM1001-DEV_softdevice_none_a3bb6c47e8a15569f3a1fd5e1f800b74/core.a(Uart.cpp.o)
                0x00002024                Uart::read()
 *fill*         0x0000202a        0x2 
 .text._ZN4Uart5beginEmt
                0x0000202c      0x174 /tmp/arduino/sketches/99157C4B004638A986025FB682D05DC6/../../cores/RMESS_nRF5_DWM1001-DEV_softdevice_none_a3bb6c47e8a15569f3a1fd5e1f800b74/core.a(Uart.cpp.o)
                0x0000202c                Uart::begin(unsigned long, unsigned short)
 .text._ZN4UartC2EP13NRF_UART_Type9IRQn_Typehh
                0x000021a0       0x50 /tmp/arduino/sketches/99157C4B004638A986025FB682D05DC6/../../cores/RMESS_nRF5_DWM1001-DEV_softdevice_none_a3bb6c47e8a15569f3a1fd5e1f800b74/core.a(Uart.cpp.o)
                0x000021a0                Uart::Uart(NRF_UART_Type*, IRQn_Type, unsigned char, unsigned char)
                0x000021a0                Uart::Uart(NRF_UART_Type*, IRQn_Type, unsigned char, unsigned char)
 .text._ZN4Uart10IrqHandlerEv
                0x000021f0       0x22 /tmp/arduino/sketches/99157C4B004638A986025FB682D05DC6/../../cores/RMESS_nRF5_DWM1001-DEV_softdevice_none_a3bb6c47e8a15569f3a1fd5e1f800b74/core.a(Uart.cpp.o)
                0x000021f0                Uart::IrqHandler()
 *fill*         0x00002212        0x2 
 .text.UARTE0_UART0_IRQHandler
                0x00002214        0xc /tmp/arduino/sketches/99157C4B004638A986025FB682D05DC6/../../cores/RMESS_nRF5_DWM1001-DEV_softdevice_none_a3bb6c47e8a15569f3a1fd5e1f800b74/core.a(Uart.cpp.o)
                0x00002214                UARTE0_UART0_IRQHandler
 .text.startup._GLOBAL__sub_I__ZN4UartC2EP13NRF_UART_Type9IRQn_Typehh
                0x00002220       0x20 /tmp/arduino/sketches/99157C4B004638A986025FB682D05DC6/../../cores/RMESS_nRF5_DWM1001-DEV_softdevice_none_a3bb6c47e8a15569f3a1fd5e1f800b74/core.a(Uart.cpp.o)
 .text.attachInterrupt
                0x00002240       0xd8 /tmp/arduino/sketches/99157C4B004638A986025FB682D05DC6/../../cores/RMESS_nRF5_DWM1001-DEV_softdevice_none_a3bb6c47e8a15569f3a1fd5e1f800b74/core.a(WInterrupts.c.o)
                0x00002240                attachInterrupt
 .text.GPIOTE_IRQHandler
                0x00002318       0x5c /tmp/arduino/sketches/99157C4B004638A986025FB682D05DC6/../../cores/RMESS_nRF5_DWM1001-DEV_softdevice_none_a3bb6c47e8a15569f3a1fd5e1f800b74/core.a(WInterrupts.c.o)
                0x00002318                GPIOTE_IRQHandler
 .text.millis   0x00002374       0x30 /tmp/arduino/sketches/99157C4B004638A986025FB682D05DC6/../../cores/RMESS_nRF5_DWM1001-DEV_softdevice_none_a3bb6c47e8a15569f3a1fd5e1f800b74/core.a(delay.c.o)
                0x00002374                millis
 .text.delay    0x000023a4       0x1c /tmp/arduino/sketches/99157C4B004638A986025FB682D05DC6/../../cores/RMESS_nRF5_DWM1001-DEV_softdevice_none_a3bb6c47e8a15569f3a1fd5e1f800b74/core.a(delay.c.o)
                0x000023a4                delay
 .text.RTC1_IRQHandler
                0x000023c0       0x28 /tmp/arduino/sketches/99157C4B004638A986025FB682D05DC6/../../cores/RMESS_nRF5_DWM1001-DEV_softdevice_none_a3bb6c47e8a15569f3a1fd5e1f800b74/core.a(delay.c.o)
                0x000023c0                RTC1_IRQHandler
 .text.__empty  0x000023e8        0x2 /tmp/arduino/sketches/99157C4B004638A986025FB682D05DC6/../../cores/RMESS_nRF5_DWM1001-DEV_softdevice_none_a3bb6c47e8a15569f3a1fd5e1f800b74/core.a(hooks.c.o)
                0x000023e8                yield
 .text._Z11initVariantv
                0x000023ea        0x2 /tmp/arduino/sketches/99157C4B004638A986025FB682D05DC6/../../cores/RMESS_nRF5_DWM1001-DEV_softdevice_none_a3bb6c47e8a15569f3a1fd5e1f800b74/core.a(main.cpp.o)
                0x000023ea                initVariant()
 .text.startup.main
                0x000023ec       0x28 /tmp/arduino/sketches/99157C4B004638A986025FB682D05DC6/../../cores/RMESS_nRF5_DWM1001-DEV_softdevice_none_a3bb6c47e8a15569f3a1fd5e1f800b74/core.a(main.cpp.o)
                0x000023ec                main
 .text.init     0x00002414       0xbc /tmp/arduino/sketches/99157C4B004638A986025FB682D05DC6/../../cores/RMESS_nRF5_DWM1001-DEV_softdevice_none_a3bb6c47e8a15569f3a1fd5e1f800b74/core.a(wiring.c.o)
                0x00002414                init
 .text.pinMode  0x000024d0       0x44 /tmp/arduino/sketches/99157C4B004638A986025FB682D05DC6/../../cores/RMESS_nRF5_DWM1001-DEV_softdevice_none_a3bb6c47e8a15569f3a1fd5e1f800b74/core.a(wiring_digital.c.o)
                0x000024d0                pinMode
 .text.digitalWrite
                0x00002514       0x24 /tmp/arduino/sketches/99157C4B004638A986025FB682D05DC6/../../cores/RMESS_nRF5_DWM1001-DEV_softdevice_none_a3bb6c47e8a15569f3a1fd5e1f800b74/core.a(wiring_digital.c.o)
                0x00002514                digitalWrite
 .text._ZN10RingBufferC2Ev
                0x00002538       0x16 /tmp/arduino/sketches/99157C4B004638A986025FB682D05DC6/../../cores/RMESS_nRF5_DWM1001-DEV_softdevice_none_a3bb6c47e8a15569f3a1fd5e1f800b74/core.a(RingBuffer.cpp.o)
                0x00002538                RingBuffer::RingBuffer()
                0x00002538                RingBuffer::RingBuffer()
 .text._ZN10RingBuffer10store_charEh
                0x0000254e       0x16 /tmp/arduino/sketches/99157C4B004638A986025FB682D05DC6/../../cores/RMESS_nRF5_DWM1001-DEV_softdevice_none_a3bb6c47e8a15569f3a1fd5e1f800b74/core.a(RingBuffer.cpp.o)
                0x0000254e                RingBuffer::store_char(unsigned char)
 .text._ZN10RingBuffer5clearEv
                0x00002564        0x8 /tmp/arduino/sketches/99157C4B004638A986025FB682D05DC6/../../cores/RMESS_nRF5_DWM1001-DEV_softdevice_none_a3bb6c47e8a15569f3a1fd5e1f800b74/core.a(RingBuffer.cpp.o)
                0x00002564                RingBuffer::clear()
 .text._ZN10RingBuffer9read_charEv
                0x0000256c       0x1c /tmp/arduino/sketches/99157C4B004638A986025FB682D05DC6/../../cores/RMESS_nRF5_DWM1001-DEV_softdevice_none_a3bb6c47e8a15569f3a1fd5e1f800b74/core.a(RingBuffer.cpp.o)
                0x0000256c                RingBuffer::read_char()
 .text._ZN10RingBuffer9availableEv
                0x00002588        0xc /tmp/arduino/sketches/99157C4B004638A986025FB682D05DC6/../../cores/RMESS_nRF5_DWM1001-DEV_softdevice_none_a3bb6c47e8a15569f3a1fd5e1f800b74/core.a(RingBuffer.cpp.o)
                0x00002588                RingBuffer::available()
 .text._ZN10RingBuffer4peekEv
                0x00002594       0x10 /tmp/arduino/sketches/99157C4B004638A986025FB682D05DC6/../../cores/RMESS_nRF5_DWM1001-DEV_softdevice_none_a3bb6c47e8a15569f3a1fd5e1f800b74/core.a(RingBuffer.cpp.o)
                0x00002594                RingBuffer::peek()
 .text          0x000025a4      0x370 /home/sae512/.arduino15/packages/RMESS/tools/gcc-arm-none-eabi/5_2-2015q4/bin/../lib/gcc/arm-none-eabi/5.2.1/armv7e-m/fpu/libgcc.a(_arm_addsubdf3.o)
                0x000025a4                __aeabi_drsub
                0x000025ac                __aeabi_dsub
                0x000025ac                __subdf3
                0x000025b0                __adddf3
                0x000025b0                __aeabi_dadd
                0x00002828                __aeabi_ui2d
                0x00002828                __floatunsidf
                0x00002848                __floatsidf
                0x00002848                __aeabi_i2d
                0x0000286c                __extendsfdf2
                0x0000286c                __aeabi_f2d
                0x000028a8                __aeabi_ul2d
                0x000028a8                __floatundidf
                0x000028b8                __floatdidf
                0x000028b8                __aeabi_l2d
 .text          0x00002914      0x424 /home/sae512/.arduino15/packages/RMESS/tools/gcc-arm-none-eabi/5_2-2015q4/bin/../lib/gcc/arm-none-eabi/5.2.1/armv7e-m/fpu/libgcc.a(_arm_muldivdf3.o)
                0x00002914                __aeabi_dmul
                0x00002914                __muldf3
                0x00002b68                __aeabi_ddiv
                0x00002b68                __divdf3
 .text          0x00002d38      0x110 /home/sae512/.arduino15/packages/RMESS/tools/gcc-arm-none-eabi/5_2-2015q4/bin/../lib/gcc/arm-none-eabi/5.2.1/armv7e-m/fpu/libgcc.a(_arm_cmpdf2.o)
                0x00002d38                __gtdf2
                0x00002d38                __gedf2
                0x00002d40                __ltdf2
                0x00002d40                __ledf2
                0x00002d48                __cmpdf2
                0x00002d48                __eqdf2
                0x00002d48                __nedf2
                0x00002dc4                __aeabi_cdrcmple
                0x00002dd4                __aeabi_cdcmple
                0x00002dd4                __aeabi_cdcmpeq
                0x00002de4                __aeabi_dcmpeq
                0x00002df8                __aeabi_dcmplt
                0x00002e0c                __aeabi_dcmple
                0x00002e20                __aeabi_dcmpge
                0x00002e34                __aeabi_dcmpgt
 .text          0x00002e48       0x50 /home/sae512/.arduino15/packages/RMESS/tools/gcc-arm-none-eabi/5_2-2015q4/bin/../lib/gcc/arm-none-eabi/5.2.1/armv7e-m/fpu/libgcc.a(_arm_fixdfsi.o)
                0x00002e48                __fixdfsi
                0x00002e48                __aeabi_d2iz
 .text          0x00002e98       0xa0 /home/sae512/.arduino15/packages/RMESS/tools/gcc-arm-none-eabi/5_2-2015q4/bin/../lib/gcc/arm-none-eabi/5.2.1/armv7e-m/fpu/libgcc.a(_arm_truncdfsf2.o)
                0x00002e98                __aeabi_d2f
                0x00002e98                __truncdfsf2
 .text.__assert_func
                0x00002f38       0x3c /home/sae512/.arduino15/packages/RMESS/tools/gcc-arm-none-eabi/5_2-2015q4/bin/../lib/gcc/arm-none-eabi/5.2.1/../../../../arm-none-eabi/lib/armv7e-m/fpu/libc_nano.a(lib_a-assert.o)
                0x00002f38                __assert_func
 .text.exit     0x00002f74       0x28 /home/sae512/.arduino15/packages/RMESS/tools/gcc-arm-none-eabi/5_2-2015q4/bin/../lib/gcc/arm-none-eabi/5.2.1/../../../../arm-none-eabi/lib/armv7e-m/fpu/libc_nano.a(lib_a-exit.o)
                0x00002f74                exit
 .text.fprintf  0x00002f9c       0x24 /home/sae512/.arduino15/packages/RMESS/tools/gcc-arm-none-eabi/5_2-2015q4/bin/../lib/gcc/arm-none-eabi/5.2.1/../../../../arm-none-eabi/lib/armv7e-m/fpu/libc_nano.a(lib_a-fprintf.o)
                0x00002f9c                fprintf
                0x00002f9c                fiprintf
 .text.__libc_init_array
                0x00002fc0       0x4c /home/sae512/.arduino15/packages/RMESS/tools/gcc-arm-none-eabi/5_2-2015q4/bin/../lib/gcc/arm-none-eabi/5.2.1/../../../../arm-none-eabi/lib/armv7e-m/fpu/libc_nano.a(lib_a-init.o)
                0x00002fc0                __libc_init_array
 .text.memset   0x0000300c       0x10 /home/sae512/.arduino15/packages/RMESS/tools/gcc-arm-none-eabi/5_2-2015q4/bin/../lib/gcc/arm-none-eabi/5.2.1/../../../../arm-none-eabi/lib/armv7e-m/fpu/libc_nano.a(lib_a-memset.o)
                0x0000300c                memset
 .text.__sfputc_r
                0x0000301c       0x30 /home/sae512/.arduino15/packages/RMESS/tools/gcc-arm-none-eabi/5_2-2015q4/bin/../lib/gcc/arm-none-eabi/5.2.1/../../../../arm-none-eabi/lib/armv7e-m/fpu/libc_nano.a(lib_a-nano-vfprintf.o)
 .text.__sfputs_r
                0x0000304c       0x24 /home/sae512/.arduino15/packages/RMESS/tools/gcc-arm-none-eabi/5_2-2015q4/bin/../lib/gcc/arm-none-eabi/5.2.1/../../../../arm-none-eabi/lib/armv7e-m/fpu/libc_nano.a(lib_a-nano-vfprintf.o)
                0x0000304c                __sfputs_r
 .text._vfprintf_r
                0x00003070      0x238 /home/sae512/.arduino15/packages/RMESS/tools/gcc-arm-none-eabi/5_2-2015q4/bin/../lib/gcc/arm-none-eabi/5.2.1/../../../../arm-none-eabi/lib/armv7e-m/fpu/libc_nano.a(lib_a-nano-vfprintf.o)
                0x00003070                _vfiprintf_r
                0x00003070                _vfprintf_r
 .text.__cvt    0x000032a8       0xc8 /home/sae512/.arduino15/packages/RMESS/tools/gcc-arm-none-eabi/5_2-2015q4/bin/../lib/gcc/arm-none-eabi/5.2.1/../../../../arm-none-eabi/lib/armv7e-m/fpu/libc_nano.a(lib_a-nano-vfprintf_float.o)
                0x000032a8                __cvt
 .text.__exponent
                0x00003370       0x60 /home/sae512/.arduino15/packages/RMESS/tools/gcc-arm-none-eabi/5_2-2015q4/bin/../lib/gcc/arm-none-eabi/5.2.1/../../../../arm-none-eabi/lib/armv7e-m/fpu/libc_nano.a(lib_a-nano-vfprintf_float.o)
                0x00003370                __exponent
 .text._printf_float
                0x000033d0      0x454 /home/sae512/.arduino15/packages/RMESS/tools/gcc-arm-none-eabi/5_2-2015q4/bin/../lib/gcc/arm-none-eabi/5.2.1/../../../../arm-none-eabi/lib/armv7e-m/fpu/libc_nano.a(lib_a-nano-vfprintf_float.o)
                0x000033d0                _printf_float
 .text._printf_common
                0x00003824       0xec /home/sae512/.arduino15/packages/RMESS/tools/gcc-arm-none-eabi/5_2-2015q4/bin/../lib/gcc/arm-none-eabi/5.2.1/../../../../arm-none-eabi/lib/armv7e-m/fpu/libc_nano.a(lib_a-nano-vfprintf_i.o)
                0x00003824                _printf_common
 .text._printf_i
                0x00003910      0x24c /home/sae512/.arduino15/packages/RMESS/tools/gcc-arm-none-eabi/5_2-2015q4/bin/../lib/gcc/arm-none-eabi/5.2.1/../../../../arm-none-eabi/lib/armv7e-m/fpu/libc_nano.a(lib_a-nano-vfprintf_i.o)
                0x00003910                _printf_i
 .text          0x00003b5c       0x10 /home/sae512/.arduino15/packages/RMESS/tools/gcc-arm-none-eabi/5_2-2015q4/bin/../lib/gcc/arm-none-eabi/5.2.1/../../../../arm-none-eabi/lib/armv7e-m/fpu/libc_nano.a(lib_a-strlen.o)
                0x00003b5c                strlen
 .text.__swbuf_r
                0x00003b6c       0xa8 /home/sae512/.arduino15/packages/RMESS/tools/gcc-arm-none-eabi/5_2-2015q4/bin/../lib/gcc/arm-none-eabi/5.2.1/../../../../arm-none-eabi/lib/armv7e-m/fpu/libc_nano.a(lib_a-wbuf.o)
                0x00003b6c                __swbuf_r
 .text.__swsetup_r
                0x00003c14       0xd8 /home/sae512/.arduino15/packages/RMESS/tools/gcc-arm-none-eabi/5_2-2015q4/bin/../lib/gcc/arm-none-eabi/5.2.1/../../../../arm-none-eabi/lib/armv7e-m/fpu/libc_nano.a(lib_a-wsetup.o)
                0x00003c14                __swsetup_r
 .text.abort    0x00003cec        0xe /home/sae512/.arduino15/packages/RMESS/tools/gcc-arm-none-eabi/5_2-2015q4/bin/../lib/gcc/arm-none-eabi/5.2.1/../../../../arm-none-eabi/lib/armv7e-m/fpu/libc_nano.a(lib_a-abort.o)
                0x00003cec                abort
 .text.quorem   0x00003cfa      0x11e /home/sae512/.arduino15/packages/RMESS/tools/gcc-arm-none-eabi/5_2-2015q4/bin/../lib/gcc/arm-none-eabi/5.2.1/../../../../arm-none-eabi/lib/armv7e-m/fpu/libc_nano.a(lib_a-dtoa.o)
 .text._dtoa_r  0x00003e18      0xb40 /home/sae512/.arduino15/packages/RMESS/tools/gcc-arm-none-eabi/5_2-2015q4/bin/../lib/gcc/arm-none-eabi/5.2.1/../../../../arm-none-eabi/lib/armv7e-m/fpu/libc_nano.a(lib_a-dtoa.o)
                0x00003e18                _dtoa_r
 .text.__sflush_r
                0x00004958      0x110 /home/sae512/.arduino15/packages/RMESS/tools/gcc-arm-none-eabi/5_2-2015q4/bin/../lib/gcc/arm-none-eabi/5.2.1/../../../../arm-none-eabi/lib/armv7e-m/fpu/libc_nano.a(lib_a-fflush.o)
                0x00004958                __sflush_r
 .text._fflush_r
                0x00004a68       0x54 /home/sae512/.arduino15/packages/RMESS/tools/gcc-arm-none-eabi/5_2-2015q4/bin/../lib/gcc/arm-none-eabi/5.2.1/../../../../arm-none-eabi/lib/armv7e-m/fpu/libc_nano.a(lib_a-fflush.o)
                0x00004a68                _fflush_r
 .text._cleanup_r
                0x00004abc        0xc /home/sae512/.arduino15/packages/RMESS/tools/gcc-arm-none-eabi/5_2-2015q4/bin/../lib/gcc/arm-none-eabi/5.2.1/../../../../arm-none-eabi/lib/armv7e-m/fpu/libc_nano.a(lib_a-findfp.o)
                0x00004abc                _cleanup_r
 .text.std.isra.0
                0x00004ac8       0x48 /home/sae512/.arduino15/packages/RMESS/tools/gcc-arm-none-eabi/5_2-2015q4/bin/../lib/gcc/arm-none-eabi/5.2.1/../../../../arm-none-eabi/lib/armv7e-m/fpu/libc_nano.a(lib_a-findfp.o)
 .text.__sfmoreglue
                0x00004b10       0x2c /home/sae512/.arduino15/packages/RMESS/tools/gcc-arm-none-eabi/5_2-2015q4/bin/../lib/gcc/arm-none-eabi/5.2.1/../../../../arm-none-eabi/lib/armv7e-m/fpu/libc_nano.a(lib_a-findfp.o)
                0x00004b10                __sfmoreglue
 .text.__sinit  0x00004b3c       0x60 /home/sae512/.arduino15/packages/RMESS/tools/gcc-arm-none-eabi/5_2-2015q4/bin/../lib/gcc/arm-none-eabi/5.2.1/../../../../arm-none-eabi/lib/armv7e-m/fpu/libc_nano.a(lib_a-findfp.o)
                0x00004b3c                __sinit
 .text.__sfp    0x00004b9c       0x78 /home/sae512/.arduino15/packages/RMESS/tools/gcc-arm-none-eabi/5_2-2015q4/bin/../lib/gcc/arm-none-eabi/5.2.1/../../../../arm-none-eabi/lib/armv7e-m/fpu/libc_nano.a(lib_a-findfp.o)
                0x00004b9c                __sfp
 .text._fwalk_reent
                0x00004c14       0x3c /home/sae512/.arduino15/packages/RMESS/tools/gcc-arm-none-eabi/5_2-2015q4/bin/../lib/gcc/arm-none-eabi/5.2.1/../../../../arm-none-eabi/lib/armv7e-m/fpu/libc_nano.a(lib_a-fwalk.o)
                0x00004c14                _fwalk_reent
 .text._localeconv_r
                0x00004c50        0x8 /home/sae512/.arduino15/packages/RMESS/tools/gcc-arm-none-eabi/5_2-2015q4/bin/../lib/gcc/arm-none-eabi/5.2.1/../../../../arm-none-eabi/lib/armv7e-m/fpu/libc_nano.a(lib_a-locale.o)
                0x00004c50                _localeconv_r
 .text.__smakebuf_r
                0x00004c58       0x9c /home/sae512/.arduino15/packages/RMESS/tools/gcc-arm-none-eabi/5_2-2015q4/bin/../lib/gcc/arm-none-eabi/5.2.1/../../../../arm-none-eabi/lib/armv7e-m/fpu/libc_nano.a(lib_a-makebuf.o)
                0x00004c58                __smakebuf_r
 .text.malloc   0x00004cf4       0x10 /home/sae512/.arduino15/packages/RMESS/tools/gcc-arm-none-eabi/5_2-2015q4/bin/../lib/gcc/arm-none-eabi/5.2.1/../../../../arm-none-eabi/lib/armv7e-m/fpu/libc_nano.a(lib_a-malloc.o)
                0x00004cf4                malloc
 *fill*         0x00004d04        0xc 
 .text          0x00004d10       0xa0 /home/sae512/.arduino15/packages/RMESS/tools/gcc-arm-none-eabi/5_2-2015q4/bin/../lib/gcc/arm-none-eabi/5.2.1/../../../../arm-none-eabi/lib/armv7e-m/fpu/libc_nano.a(lib_a-memchr.o)
                0x00004d10                memchr
 .text.memcpy   0x00004db0       0x16 /home/sae512/.arduino15/packages/RMESS/tools/gcc-arm-none-eabi/5_2-2015q4/bin/../lib/gcc/arm-none-eabi/5.2.1/../../../../arm-none-eabi/lib/armv7e-m/fpu/libc_nano.a(lib_a-memcpy-stub.o)
                0x00004db0                memcpy
 .text._Balloc  0x00004dc6       0x6a /home/sae512/.arduino15/packages/RMESS/tools/gcc-arm-none-eabi/5_2-2015q4/bin/../lib/gcc/arm-none-eabi/5.2.1/../../../../arm-none-eabi/lib/armv7e-m/fpu/libc_nano.a(lib_a-mprec.o)
                0x00004dc6                _Balloc
 .text._Bfree   0x00004e30       0x2e /home/sae512/.arduino15/packages/RMESS/tools/gcc-arm-none-eabi/5_2-2015q4/bin/../lib/gcc/arm-none-eabi/5.2.1/../../../../arm-none-eabi/lib/armv7e-m/fpu/libc_nano.a(lib_a-mprec.o)
                0x00004e30                _Bfree
 .text.__multadd
                0x00004e5e       0x76 /home/sae512/.arduino15/packages/RMESS/tools/gcc-arm-none-eabi/5_2-2015q4/bin/../lib/gcc/arm-none-eabi/5.2.1/../../../../arm-none-eabi/lib/armv7e-m/fpu/libc_nano.a(lib_a-mprec.o)
                0x00004e5e                __multadd
 .text.__hi0bits
                0x00004ed4       0x40 /home/sae512/.arduino15/packages/RMESS/tools/gcc-arm-none-eabi/5_2-2015q4/bin/../lib/gcc/arm-none-eabi/5.2.1/../../../../arm-none-eabi/lib/armv7e-m/fpu/libc_nano.a(lib_a-mprec.o)
                0x00004ed4                __hi0bits
 .text.__lo0bits
                0x00004f14       0x5a /home/sae512/.arduino15/packages/RMESS/tools/gcc-arm-none-eabi/5_2-2015q4/bin/../lib/gcc/arm-none-eabi/5.2.1/../../../../arm-none-eabi/lib/armv7e-m/fpu/libc_nano.a(lib_a-mprec.o)
                0x00004f14                __lo0bits
 .text.__i2b    0x00004f6e       0x12 /home/sae512/.arduino15/packages/RMESS/tools/gcc-arm-none-eabi/5_2-2015q4/bin/../lib/gcc/arm-none-eabi/5.2.1/../../../../arm-none-eabi/lib/armv7e-m/fpu/libc_nano.a(lib_a-mprec.o)
                0x00004f6e                __i2b
 .text.__multiply
                0x00004f80      0x122 /home/sae512/.arduino15/packages/RMESS/tools/gcc-arm-none-eabi/5_2-2015q4/bin/../lib/gcc/arm-none-eabi/5.2.1/../../../../arm-none-eabi/lib/armv7e-m/fpu/libc_nano.a(lib_a-mprec.o)
                0x00004f80                __multiply
 *fill*         0x000050a2        0x2 
 .text.__pow5mult
                0x000050a4       0x9c /home/sae512/.arduino15/packages/RMESS/tools/gcc-arm-none-eabi/5_2-2015q4/bin/../lib/gcc/arm-none-eabi/5.2.1/../../../../arm-none-eabi/lib/armv7e-m/fpu/libc_nano.a(lib_a-mprec.o)
                0x000050a4                __pow5mult
 .text.__lshift
                0x00005140       0xa2 /home/sae512/.arduino15/packages/RMESS/tools/gcc-arm-none-eabi/5_2-2015q4/bin/../lib/gcc/arm-none-eabi/5.2.1/../../../../arm-none-eabi/lib/armv7e-m/fpu/libc_nano.a(lib_a-mprec.o)
                0x00005140                __lshift
 .text.__mcmp   0x000051e2       0x38 /home/sae512/.arduino15/packages/RMESS/tools/gcc-arm-none-eabi/5_2-2015q4/bin/../lib/gcc/arm-none-eabi/5.2.1/../../../../arm-none-eabi/lib/armv7e-m/fpu/libc_nano.a(lib_a-mprec.o)
                0x000051e2                __mcmp
 .text.__mdiff  0x0000521a       0xbe /home/sae512/.arduino15/packages/RMESS/tools/gcc-arm-none-eabi/5_2-2015q4/bin/../lib/gcc/arm-none-eabi/5.2.1/../../../../arm-none-eabi/lib/armv7e-m/fpu/libc_nano.a(lib_a-mprec.o)
                0x0000521a                __mdiff
 .text.__d2b    0x000052d8       0x9c /home/sae512/.arduino15/packages/RMESS/tools/gcc-arm-none-eabi/5_2-2015q4/bin/../lib/gcc/arm-none-eabi/5.2.1/../../../../arm-none-eabi/lib/armv7e-m/fpu/libc_nano.a(lib_a-mprec.o)
                0x000052d8                __d2b
 .text._calloc_r
                0x00005374       0x1c /home/sae512/.arduino15/packages/RMESS/tools/gcc-arm-none-eabi/5_2-2015q4/bin/../lib/gcc/arm-none-eabi/5.2.1/../../../../arm-none-eabi/lib/armv7e-m/fpu/libc_nano.a(lib_a-nano-callocr.o)
                0x00005374                _calloc_r
 .text._free_r  0x00005390       0x8c /home/sae512/.arduino15/packages/RMESS/tools/gcc-arm-none-eabi/5_2-2015q4/bin/../lib/gcc/arm-none-eabi/5.2.1/../../../../arm-none-eabi/lib/armv7e-m/fpu/libc_nano.a(lib_a-nano-freer.o)
                0x00005390                _free_r
 .text._malloc_r
                0x0000541c       0xa8 /home/sae512/.arduino15/packages/RMESS/tools/gcc-arm-none-eabi/5_2-2015q4/bin/../lib/gcc/arm-none-eabi/5.2.1/../../../../arm-none-eabi/lib/armv7e-m/fpu/libc_nano.a(lib_a-nano-mallocr.o)
                0x0000541c                _malloc_r
 .text._sbrk_r  0x000054c4       0x20 /home/sae512/.arduino15/packages/RMESS/tools/gcc-arm-none-eabi/5_2-2015q4/bin/../lib/gcc/arm-none-eabi/5.2.1/../../../../arm-none-eabi/lib/armv7e-m/fpu/libc_nano.a(lib_a-sbrkr.o)
                0x000054c4                _sbrk_r
 .text._raise_r
                0x000054e4       0x54 /home/sae512/.arduino15/packages/RMESS/tools/gcc-arm-none-eabi/5_2-2015q4/bin/../lib/gcc/arm-none-eabi/5.2.1/../../../../arm-none-eabi/lib/armv7e-m/fpu/libc_nano.a(lib_a-signal.o)
                0x000054e4                _raise_r
 .text.raise    0x00005538       0x10 /home/sae512/.arduino15/packages/RMESS/tools/gcc-arm-none-eabi/5_2-2015q4/bin/../lib/gcc/arm-none-eabi/5.2.1/../../../../arm-none-eabi/lib/armv7e-m/fpu/libc_nano.a(lib_a-signal.o)
                0x00005538                raise
 .text._kill_r  0x00005548       0x24 /home/sae512/.arduino15/packages/RMESS/tools/gcc-arm-none-eabi/5_2-2015q4/bin/../lib/gcc/arm-none-eabi/5.2.1/../../../../arm-none-eabi/lib/armv7e-m/fpu/libc_nano.a(lib_a-signalr.o)
                0x00005548                _kill_r
 .text._getpid_r
                0x0000556c        0x4 /home/sae512/.arduino15/packages/RMESS/tools/gcc-arm-none-eabi/5_2-2015q4/bin/../lib/gcc/arm-none-eabi/5.2.1/../../../../arm-none-eabi/lib/armv7e-m/fpu/libc_nano.a(lib_a-signalr.o)
                0x0000556c                _getpid_r
 .text.__sread  0x00005570       0x22 /home/sae512/.arduino15/packages/RMESS/tools/gcc-arm-none-eabi/5_2-2015q4/bin/../lib/gcc/arm-none-eabi/5.2.1/../../../../arm-none-eabi/lib/armv7e-m/fpu/libc_nano.a(lib_a-stdio.o)
                0x00005570                __sread
 .text.__swrite
                0x00005592       0x38 /home/sae512/.arduino15/packages/RMESS/tools/gcc-arm-none-eabi/5_2-2015q4/bin/../lib/gcc/arm-none-eabi/5.2.1/../../../../arm-none-eabi/lib/armv7e-m/fpu/libc_nano.a(lib_a-stdio.o)
                0x00005592                __swrite
 .text.__sseek  0x000055ca       0x24 /home/sae512/.arduino15/packages/RMESS/tools/gcc-arm-none-eabi/5_2-2015q4/bin/../lib/gcc/arm-none-eabi/5.2.1/../../../../arm-none-eabi/lib/armv7e-m/fpu/libc_nano.a(lib_a-stdio.o)
                0x000055ca                __sseek
 .text.__sclose
                0x000055ee        0x8 /home/sae512/.arduino15/packages/RMESS/tools/gcc-arm-none-eabi/5_2-2015q4/bin/../lib/gcc/arm-none-eabi/5.2.1/../../../../arm-none-eabi/lib/armv7e-m/fpu/libc_nano.a(lib_a-stdio.o)
                0x000055ee                __sclose
 *fill*         0x000055f6        0x2 
 .text._write_r
                0x000055f8       0x24 /home/sae512/.arduino15/packages/RMESS/tools/gcc-arm-none-eabi/5_2-2015q4/bin/../lib/gcc/arm-none-eabi/5.2.1/../../../../arm-none-eabi/lib/armv7e-m/fpu/libc_nano.a(lib_a-writer.o)
                0x000055f8                _write_r
 .text._close_r
                0x0000561c       0x20 /home/sae512/.arduino15/packages/RMESS/tools/gcc-arm-none-eabi/5_2-2015q4/bin/../lib/gcc/arm-none-eabi/5.2.1/../../../../arm-none-eabi/lib/armv7e-m/fpu/libc_nano.a(lib_a-closer.o)
                0x0000561c                _close_r
 .text._fstat_r
                0x0000563c       0x24 /home/sae512/.arduino15/packages/RMESS/tools/gcc-arm-none-eabi/5_2-2015q4/bin/../lib/gcc/arm-none-eabi/5.2.1/../../../../arm-none-eabi/lib/armv7e-m/fpu/libc_nano.a(lib_a-fstatr.o)
                0x0000563c                _fstat_r
 .text._isatty_r
                0x00005660       0x20 /home/sae512/.arduino15/packages/RMESS/tools/gcc-arm-none-eabi/5_2-2015q4/bin/../lib/gcc/arm-none-eabi/5.2.1/../../../../arm-none-eabi/lib/armv7e-m/fpu/libc_nano.a(lib_a-isattyr.o)
                0x00005660                _isatty_r
 .text._lseek_r
                0x00005680       0x24 /home/sae512/.arduino15/packages/RMESS/tools/gcc-arm-none-eabi/5_2-2015q4/bin/../lib/gcc/arm-none-eabi/5.2.1/../../../../arm-none-eabi/lib/armv7e-m/fpu/libc_nano.a(lib_a-lseekr.o)
                0x00005680                _lseek_r
 .text._read_r  0x000056a4       0x24 /home/sae512/.arduino15/packages/RMESS/tools/gcc-arm-none-eabi/5_2-2015q4/bin/../lib/gcc/arm-none-eabi/5.2.1/../../../../arm-none-eabi/lib/armv7e-m/fpu/libc_nano.a(lib_a-readr.o)
                0x000056a4                _read_r
 .text._close   0x000056c8       0x10 /home/sae512/.arduino15/packages/RMESS/tools/gcc-arm-none-eabi/5_2-2015q4/bin/../lib/gcc/arm-none-eabi/5.2.1/../../../../arm-none-eabi/lib/armv7e-m/fpu/libnosys.a(close.o)
                0x000056c8                _close
 .text._fstat   0x000056d8       0x10 /home/sae512/.arduino15/packages/RMESS/tools/gcc-arm-none-eabi/5_2-2015q4/bin/../lib/gcc/arm-none-eabi/5.2.1/../../../../arm-none-eabi/lib/armv7e-m/fpu/libnosys.a(fstat.o)
                0x000056d8                _fstat
 .text._getpid  0x000056e8       0x10 /home/sae512/.arduino15/packages/RMESS/tools/gcc-arm-none-eabi/5_2-2015q4/bin/../lib/gcc/arm-none-eabi/5.2.1/../../../../arm-none-eabi/lib/armv7e-m/fpu/libnosys.a(getpid.o)
                0x000056e8                _getpid
 .text._isatty  0x000056f8       0x10 /home/sae512/.arduino15/packages/RMESS/tools/gcc-arm-none-eabi/5_2-2015q4/bin/../lib/gcc/arm-none-eabi/5.2.1/../../../../arm-none-eabi/lib/armv7e-m/fpu/libnosys.a(isatty.o)
                0x000056f8                _isatty
 .text._kill    0x00005708       0x10 /home/sae512/.arduino15/packages/RMESS/tools/gcc-arm-none-eabi/5_2-2015q4/bin/../lib/gcc/arm-none-eabi/5.2.1/../../../../arm-none-eabi/lib/armv7e-m/fpu/libnosys.a(kill.o)
                0x00005708                _kill
 .text._lseek   0x00005718       0x10 /home/sae512/.arduino15/packages/RMESS/tools/gcc-arm-none-eabi/5_2-2015q4/bin/../lib/gcc/arm-none-eabi/5.2.1/../../../../arm-none-eabi/lib/armv7e-m/fpu/libnosys.a(lseek.o)
                0x00005718                _lseek
 .text._read    0x00005728       0x10 /home/sae512/.arduino15/packages/RMESS/tools/gcc-arm-none-eabi/5_2-2015q4/bin/../lib/gcc/arm-none-eabi/5.2.1/../../../../arm-none-eabi/lib/armv7e-m/fpu/libnosys.a(read.o)
                0x00005728                _read
 .text._sbrk    0x00005738       0x1c /home/sae512/.arduino15/packages/RMESS/tools/gcc-arm-none-eabi/5_2-2015q4/bin/../lib/gcc/arm-none-eabi/5.2.1/../../../../arm-none-eabi/lib/armv7e-m/fpu/libnosys.a(sbrk.o)
                0x00005738                _sbrk
 .text._exit    0x00005754        0x4 /home/sae512/.arduino15/packages/RMESS/tools/gcc-arm-none-eabi/5_2-2015q4/bin/../lib/gcc/arm-none-eabi/5.2.1/../../../../arm-none-eabi/lib/armv7e-m/fpu/libnosys.a(_exit.o)
                0x00005754                _exit
 *(.init)
 .init          0x00005758        0x4 /home/sae512/.arduino15/packages/RMESS/tools/gcc-arm-none-eabi/5_2-2015q4/bin/../lib/gcc/arm-none-eabi/5.2.1/armv7e-m/fpu/crti.o
                0x00005758                _init
 .init          0x0000575c        0x8 /home/sae512/.arduino15/packages/RMESS/tools/gcc-arm-none-eabi/5_2-2015q4/bin/../lib/gcc/arm-none-eabi/5.2.1/armv7e-m/fpu/crtn.o
 *(.fini)
 .fini          0x00005764        0x4 /home/sae512/.arduino15/packages/RMESS/tools/gcc-arm-none-eabi/5_2-2015q4/bin/../lib/gcc/arm-none-eabi/5.2.1/armv7e-m/fpu/crti.o
                0x00005764                _fini
 .fini          0x00005768        0x8 /home/sae512/.arduino15/packages/RMESS/tools/gcc-arm-none-eabi/5_2-2015q4/bin/../lib/gcc/arm-none-eabi/5.2.1/armv7e-m/fpu/crtn.o
 *crtbegin.o(.ctors)
 *crtbegin?.o(.ctors)
 *(EXCLUDE_FILE(*crtend.o *crtend?.o) .ctors)
 *(SORT(.ctors.*))
 *(.ctors)
 *crtbegin.o(.dtors)
 *crtbegin?.o(.dtors)
 *(EXCLUDE_FILE(*crtend.o *crtend?.o) .dtors)
 *(SORT(.dtors.*))
 *(.dtors)
 *(.rodata*)
 .rodata.str1.1
                0x00005770       0x44 /tmp/arduino/sketches/99157C4B004638A986025FB682D05DC6/sketch/ODS_M.ino.cpp.o
 .rodata._ZZN8SPIClassC4EP12NRF_SPI_TypehhhE19__PRETTY_FUNCTION__
                0x000057b4       0x3d /tmp/arduino/sketches/99157C4B004638A986025FB682D05DC6/libraries/SPI/SPI.cpp.o
 .rodata.str1.1
                0x000057f1       0x65 /tmp/arduino/sketches/99157C4B004638A986025FB682D05DC6/libraries/SPI/SPI.cpp.o
 *fill*         0x00005856        0x2 
 .rodata._ZL13TX_FCTRL_TXBR
                0x00005858        0xc /tmp/arduino/sketches/99157C4B004638A986025FB682D05DC6/libraries/DecaDuino/DecaDuino.cpp.o
 .rodata._ZL22calibratedAntennaDelay
                0x00005864       0x1c /tmp/arduino/sketches/99157C4B004638A986025FB682D05DC6/libraries/DecaDuino/DecaDuino.cpp.o
 .rodata._ZL28recommendedManualTxPowerConf
                0x00005880       0x28 /tmp/arduino/sketches/99157C4B004638A986025FB682D05DC6/libraries/DecaDuino/DecaDuino.cpp.o
 .rodata.CSWTCH.160
                0x000058a8       0x12 /tmp/arduino/sketches/99157C4B004638A986025FB682D05DC6/libraries/DecaDuino/DecaDuino.cpp.o
 .rodata._ZL10TC_PGDELAY
                0x000058ba        0x6 /tmp/arduino/sketches/99157C4B004638A986025FB682D05DC6/libraries/DecaDuino/DecaDuino.cpp.o
 .rodata._ZL13FS_PLLTUNE_CH
                0x000058c0        0x6 /tmp/arduino/sketches/99157C4B004638A986025FB682D05DC6/libraries/DecaDuino/DecaDuino.cpp.o
 *fill*         0x000058c6        0x2 
 .rodata._ZL16smartTxPowerConf
                0x000058c8       0x28 /tmp/arduino/sketches/99157C4B004638A986025FB682D05DC6/libraries/DecaDuino/DecaDuino.cpp.o
 .rodata._ZL10DRX_TUNE0b
                0x000058f0        0xc /tmp/arduino/sketches/99157C4B004638A986025FB682D05DC6/libraries/DecaDuino/DecaDuino.cpp.o
 .rodata._ZL8LDE_REPC
                0x000058fc       0x32 /tmp/arduino/sketches/99157C4B004638A986025FB682D05DC6/libraries/DecaDuino/DecaDuino.cpp.o
 *fill*         0x0000592e        0x2 
 .rodata._ZL16TX_POWER_CHANNEL
                0x00005930       0x20 /tmp/arduino/sketches/99157C4B004638A986025FB682D05DC6/libraries/DecaDuino/DecaDuino.cpp.o
 .rodata._ZL9RF_TXCTRL
                0x00005950       0x18 /tmp/arduino/sketches/99157C4B004638A986025FB682D05DC6/libraries/DecaDuino/DecaDuino.cpp.o
 .rodata._ZL12FS_PLLCFG_CH
                0x00005968       0x18 /tmp/arduino/sketches/99157C4B004638A986025FB682D05DC6/libraries/DecaDuino/DecaDuino.cpp.o
 .rodata.CSWTCH.191
                0x00005980       0x1a /tmp/arduino/sketches/99157C4B004638A986025FB682D05DC6/libraries/DecaDuino/DecaDuino.cpp.o
 *fill*         0x0000599a        0x2 
 .rodata._ZL7CHANNEL
                0x0000599c       0x20 /tmp/arduino/sketches/99157C4B004638A986025FB682D05DC6/libraries/DecaDuino/DecaDuino.cpp.o
 .rodata.g_ADigitalPinMap
                0x000059bc       0x6c /tmp/arduino/sketches/99157C4B004638A986025FB682D05DC6/core/variant.cpp.o
                0x000059bc                g_ADigitalPinMap
 .rodata.str1.1
                0x00005a28       0x11 /tmp/arduino/sketches/99157C4B004638A986025FB682D05DC6/../../cores/RMESS_nRF5_DWM1001-DEV_softdevice_none_a3bb6c47e8a15569f3a1fd5e1f800b74/core.a(Print.cpp.o)
 .rodata.CSWTCH.12
                0x00005a39        0x4 /tmp/arduino/sketches/99157C4B004638A986025FB682D05DC6/../../cores/RMESS_nRF5_DWM1001-DEV_softdevice_none_a3bb6c47e8a15569f3a1fd5e1f800b74/core.a(system_nrf52.c.o)
 .rodata.CSWTCH.14
                0x00005a3d        0x4 /tmp/arduino/sketches/99157C4B004638A986025FB682D05DC6/../../cores/RMESS_nRF5_DWM1001-DEV_softdevice_none_a3bb6c47e8a15569f3a1fd5e1f800b74/core.a(system_nrf52.c.o)
 *fill*         0x00005a41        0x3 
 .rodata._ZTV4Uart
                0x00005a44       0x30 /tmp/arduino/sketches/99157C4B004638A986025FB682D05DC6/../../cores/RMESS_nRF5_DWM1001-DEV_softdevice_none_a3bb6c47e8a15569f3a1fd5e1f800b74/core.a(Uart.cpp.o)
                0x00005a44                vtable for Uart
 .rodata.str1.1
                0x00005a74       0x3c /home/sae512/.arduino15/packages/RMESS/tools/gcc-arm-none-eabi/5_2-2015q4/bin/../lib/gcc/arm-none-eabi/5.2.1/../../../../arm-none-eabi/lib/armv7e-m/fpu/libc_nano.a(lib_a-assert.o)
                                 0x3d (size before relaxing)
 .rodata.str1.1
                0x00005ab0        0x2 /home/sae512/.arduino15/packages/RMESS/tools/gcc-arm-none-eabi/5_2-2015q4/bin/../lib/gcc/arm-none-eabi/5.2.1/../../../../arm-none-eabi/lib/armv7e-m/fpu/libc_nano.a(lib_a-impure.o)
 *fill*         0x00005ab2        0x2 
 .rodata._global_impure_ptr
                0x00005ab4        0x4 /home/sae512/.arduino15/packages/RMESS/tools/gcc-arm-none-eabi/5_2-2015q4/bin/../lib/gcc/arm-none-eabi/5.2.1/../../../../arm-none-eabi/lib/armv7e-m/fpu/libc_nano.a(lib_a-impure.o)
                0x00005ab4                _global_impure_ptr
 .rodata.str1.1
                0x00005ab8       0x11 /home/sae512/.arduino15/packages/RMESS/tools/gcc-arm-none-eabi/5_2-2015q4/bin/../lib/gcc/arm-none-eabi/5.2.1/../../../../arm-none-eabi/lib/armv7e-m/fpu/libc_nano.a(lib_a-nano-vfprintf.o)
 .rodata.str1.1
                0x00005ac9        0x8 /home/sae512/.arduino15/packages/RMESS/tools/gcc-arm-none-eabi/5_2-2015q4/bin/../lib/gcc/arm-none-eabi/5.2.1/../../../../arm-none-eabi/lib/armv7e-m/fpu/libc_nano.a(lib_a-nano-vfprintf_float.o)
                                 0x12 (size before relaxing)
 .rodata.str1.1
                0x00005ad1       0x22 /home/sae512/.arduino15/packages/RMESS/tools/gcc-arm-none-eabi/5_2-2015q4/bin/../lib/gcc/arm-none-eabi/5.2.1/../../../../arm-none-eabi/lib/armv7e-m/fpu/libc_nano.a(lib_a-nano-vfprintf_i.o)
 .rodata.str1.1
                0x00005af3        0xd /home/sae512/.arduino15/packages/RMESS/tools/gcc-arm-none-eabi/5_2-2015q4/bin/../lib/gcc/arm-none-eabi/5.2.1/../../../../arm-none-eabi/lib/armv7e-m/fpu/libc_nano.a(lib_a-dtoa.o)
                                  0xf (size before relaxing)
 .rodata.__sf_fake_stdin
                0x00005b00       0x20 /home/sae512/.arduino15/packages/RMESS/tools/gcc-arm-none-eabi/5_2-2015q4/bin/../lib/gcc/arm-none-eabi/5.2.1/../../../../arm-none-eabi/lib/armv7e-m/fpu/libc_nano.a(lib_a-findfp.o)
                0x00005b00                __sf_fake_stdin
 .rodata.__sf_fake_stdout
                0x00005b20       0x20 /home/sae512/.arduino15/packages/RMESS/tools/gcc-arm-none-eabi/5_2-2015q4/bin/../lib/gcc/arm-none-eabi/5.2.1/../../../../arm-none-eabi/lib/armv7e-m/fpu/libc_nano.a(lib_a-findfp.o)
                0x00005b20                __sf_fake_stdout
 .rodata.__sf_fake_stderr
                0x00005b40       0x20 /home/sae512/.arduino15/packages/RMESS/tools/gcc-arm-none-eabi/5_2-2015q4/bin/../lib/gcc/arm-none-eabi/5.2.1/../../../../arm-none-eabi/lib/armv7e-m/fpu/libc_nano.a(lib_a-findfp.o)
                0x00005b40                __sf_fake_stderr
 .rodata.str1.1
                0x00005b60        0x6 /home/sae512/.arduino15/packages/RMESS/tools/gcc-arm-none-eabi/5_2-2015q4/bin/../lib/gcc/arm-none-eabi/5.2.1/../../../../arm-none-eabi/lib/armv7e-m/fpu/libc_nano.a(lib_a-locale.o)
                                  0xb (size before relaxing)
 *fill*         0x00005b66        0x2 
 .rodata.__mprec_tens
                0x00005b68       0xc8 /home/sae512/.arduino15/packages/RMESS/tools/gcc-arm-none-eabi/5_2-2015q4/bin/../lib/gcc/arm-none-eabi/5.2.1/../../../../arm-none-eabi/lib/armv7e-m/fpu/libc_nano.a(lib_a-mprec.o)
                0x00005b68                __mprec_tens
 .rodata.__mprec_bigtens
                0x00005c30       0x28 /home/sae512/.arduino15/packages/RMESS/tools/gcc-arm-none-eabi/5_2-2015q4/bin/../lib/gcc/arm-none-eabi/5.2.1/../../../../arm-none-eabi/lib/armv7e-m/fpu/libc_nano.a(lib_a-mprec.o)
                0x00005c30                __mprec_bigtens
 .rodata.p05.5416
                0x00005c58        0xc /home/sae512/.arduino15/packages/RMESS/tools/gcc-arm-none-eabi/5_2-2015q4/bin/../lib/gcc/arm-none-eabi/5.2.1/../../../../arm-none-eabi/lib/armv7e-m/fpu/libc_nano.a(lib_a-mprec.o)
 *(.eh_frame*)
 .eh_frame      0x00005c64        0x0 /home/sae512/.arduino15/packages/RMESS/tools/gcc-arm-none-eabi/5_2-2015q4/bin/../lib/gcc/arm-none-eabi/5.2.1/armv7e-m/fpu/crtbegin.o
 .eh_frame      0x00005c64        0x4 /home/sae512/.arduino15/packages/RMESS/tools/gcc-arm-none-eabi/5_2-2015q4/bin/../lib/gcc/arm-none-eabi/5.2.1/armv7e-m/fpu/crtend.o

.glue_7         0x00005c68        0x0
 .glue_7        0x00005c68        0x0 linker stubs

.glue_7t        0x00005c68        0x0
 .glue_7t       0x00005c68        0x0 linker stubs

.vfp11_veneer   0x00005c68        0x0
 .vfp11_veneer  0x00005c68        0x0 linker stubs

.v4_bx          0x00005c68        0x0
 .v4_bx         0x00005c68        0x0 linker stubs

.iplt           0x00005c68        0x0
 .iplt          0x00005c68        0x0 /home/sae512/.arduino15/packages/RMESS/tools/gcc-arm-none-eabi/5_2-2015q4/bin/../lib/gcc/arm-none-eabi/5.2.1/armv7e-m/fpu/crtbegin.o

.ARM.extab
 *(.ARM.extab* .gnu.linkonce.armextab.*)
                0x00005c68                __exidx_start = .

.ARM.exidx      0x00005c68        0x8
 *(.ARM.exidx* .gnu.linkonce.armexidx.*)
 .ARM.exidx     0x00005c68        0x8 /home/sae512/.arduino15/packages/RMESS/tools/gcc-arm-none-eabi/5_2-2015q4/bin/../lib/gcc/arm-none-eabi/5.2.1/../../../../arm-none-eabi/lib/armv7e-m/fpu/crt0.o
                0x00005c70                __exidx_end = .

.rel.dyn        0x00005c70        0x0
 .rel.iplt      0x00005c70        0x0 /home/sae512/.arduino15/packages/RMESS/tools/gcc-arm-none-eabi/5_2-2015q4/bin/../lib/gcc/arm-none-eabi/5.2.1/armv7e-m/fpu/crtbegin.o
                0x00005c70                . = ALIGN (0x4)
                0x00005c70                __etext = .

.data           0x20000000       0xd8 load address 0x00005c70
                0x20000000                __data_start__ = .
 *(vtable)
 *(.data*)
 .data.DRX_TUNE2
                0x20000000       0x20 /tmp/arduino/sketches/99157C4B004638A986025FB682D05DC6/libraries/DecaDuino/DecaDuino.cpp.o
                0x20000000                DRX_TUNE2
 .data.SystemCoreClock
                0x20000020        0x4 /tmp/arduino/sketches/99157C4B004638A986025FB682D05DC6/../../cores/RMESS_nRF5_DWM1001-DEV_softdevice_none_a3bb6c47e8a15569f3a1fd5e1f800b74/core.a(system_nrf52.c.o)
                0x20000020                SystemCoreClock
 .data.impure_data
                0x20000024       0x60 /home/sae512/.arduino15/packages/RMESS/tools/gcc-arm-none-eabi/5_2-2015q4/bin/../lib/gcc/arm-none-eabi/5.2.1/../../../../arm-none-eabi/lib/armv7e-m/fpu/libc_nano.a(lib_a-impure.o)
 .data._impure_ptr
                0x20000084        0x4 /home/sae512/.arduino15/packages/RMESS/tools/gcc-arm-none-eabi/5_2-2015q4/bin/../lib/gcc/arm-none-eabi/5.2.1/../../../../arm-none-eabi/lib/armv7e-m/fpu/libc_nano.a(lib_a-impure.o)
                0x20000084                _impure_ptr
 .data.lconv    0x20000088       0x38 /home/sae512/.arduino15/packages/RMESS/tools/gcc-arm-none-eabi/5_2-2015q4/bin/../lib/gcc/arm-none-eabi/5.2.1/../../../../arm-none-eabi/lib/armv7e-m/fpu/libc_nano.a(lib_a-locale.o)
                0x200000c0                . = ALIGN (0x4)
                0x200000c0                PROVIDE (__preinit_array_start, .)
 *(.preinit_array)
                0x200000c0                PROVIDE (__preinit_array_end, .)
                0x200000c0                . = ALIGN (0x4)
                0x200000c0                PROVIDE (__init_array_start, .)
 *(SORT(.init_array.*))
 *(.init_array)
 .init_array    0x200000c0        0x4 /home/sae512/.arduino15/packages/RMESS/tools/gcc-arm-none-eabi/5_2-2015q4/bin/../lib/gcc/arm-none-eabi/5.2.1/armv7e-m/fpu/crtbegin.o
 .init_array    0x200000c4        0x4 /tmp/arduino/sketches/99157C4B004638A986025FB682D05DC6/sketch/ODS_M.ino.cpp.o
 .init_array    0x200000c8        0x4 /tmp/arduino/sketches/99157C4B004638A986025FB682D05DC6/libraries/SPI/SPI.cpp.o
 .init_array    0x200000cc        0x4 /tmp/arduino/sketches/99157C4B004638A986025FB682D05DC6/../../cores/RMESS_nRF5_DWM1001-DEV_softdevice_none_a3bb6c47e8a15569f3a1fd5e1f800b74/core.a(Uart.cpp.o)
                0x200000d0                PROVIDE (__init_array_end, .)
                0x200000d0                . = ALIGN (0x4)
                [!provide]                PROVIDE (__fini_array_start, .)
 *(SORT(.fini_array.*))
 *(.fini_array)
 .fini_array    0x200000d0        0x4 /home/sae512/.arduino15/packages/RMESS/tools/gcc-arm-none-eabi/5_2-2015q4/bin/../lib/gcc/arm-none-eabi/5.2.1/armv7e-m/fpu/crtbegin.o
                [!provide]                PROVIDE (__fini_array_end, .)
 *(.jcr*)
 .jcr           0x200000d4        0x0 /home/sae512/.arduino15/packages/RMESS/tools/gcc-arm-none-eabi/5_2-2015q4/bin/../lib/gcc/arm-none-eabi/5.2.1/armv7e-m/fpu/crtbegin.o
 .jcr           0x200000d4        0x4 /home/sae512/.arduino15/packages/RMESS/tools/gcc-arm-none-eabi/5_2-2015q4/bin/../lib/gcc/arm-none-eabi/5.2.1/armv7e-m/fpu/crtend.o
                0x200000d8                . = ALIGN (0x4)
                0x200000d8                __data_end__ = .

.tm_clone_table
                0x200000d8        0x0 load address 0x00005d48
 .tm_clone_table
                0x200000d8        0x0 /home/sae512/.arduino15/packages/RMESS/tools/gcc-arm-none-eabi/5_2-2015q4/bin/../lib/gcc/arm-none-eabi/5.2.1/armv7e-m/fpu/crtbegin.o
 .tm_clone_table
                0x200000d8        0x0 /home/sae512/.arduino15/packages/RMESS/tools/gcc-arm-none-eabi/5_2-2015q4/bin/../lib/gcc/arm-none-eabi/5.2.1/armv7e-m/fpu/crtend.o

.igot.plt       0x200000d8        0x0 load address 0x00005d48
 .igot.plt      0x200000d8        0x0 /home/sae512/.arduino15/packages/RMESS/tools/gcc-arm-none-eabi/5_2-2015q4/bin/../lib/gcc/arm-none-eabi/5.2.1/armv7e-m/fpu/crtbegin.o

.bss            0x200000d8      0x2e0 load address 0x00005d48
                0x200000d8                . = ALIGN (0x4)
                0x200000d8                __bss_start__ = .
 *(.bss*)
 .bss           0x200000d8       0x1c /home/sae512/.arduino15/packages/RMESS/tools/gcc-arm-none-eabi/5_2-2015q4/bin/../lib/gcc/arm-none-eabi/5.2.1/armv7e-m/fpu/crtbegin.o
 .bss.lastEmitTime
                0x200000f4        0x4 /tmp/arduino/sketches/99157C4B004638A986025FB682D05DC6/sketch/ODS_M.ino.cpp.o
                0x200000f4                lastEmitTime
 .bss.txData    0x200000f8        0x1 /tmp/arduino/sketches/99157C4B004638A986025FB682D05DC6/sketch/ODS_M.ino.cpp.o
                0x200000f8                txData
 *fill*         0x200000f9        0x7 
 .bss.decaduino
                0x20000100      0x160 /tmp/arduino/sketches/99157C4B004638A986025FB682D05DC6/sketch/ODS_M.ino.cpp.o
                0x20000100                decaduino
 .bss._ZL20DEFAULT_SPI_SETTINGS
                0x20000260        0xc /tmp/arduino/sketches/99157C4B004638A986025FB682D05DC6/libraries/SPI/SPI.cpp.o
 .bss.SPI       0x2000026c       0x14 /tmp/arduino/sketches/99157C4B004638A986025FB682D05DC6/libraries/SPI/SPI.cpp.o
                0x2000026c                SPI
 .bss.SPI1      0x20000280       0x14 /tmp/arduino/sketches/99157C4B004638A986025FB682D05DC6/libraries/SPI/SPI.cpp.o
                0x20000280                SPI1
 .bss._ZN9DecaDuino19_DecaDuinoInterruptE
                0x20000294       0x80 /tmp/arduino/sketches/99157C4B004638A986025FB682D05DC6/libraries/DecaDuino/DecaDuino.cpp.o
                0x20000294                DecaDuino::_DecaDuinoInterrupt
 .bss.Serial    0x20000314       0x64 /tmp/arduino/sketches/99157C4B004638A986025FB682D05DC6/../../cores/RMESS_nRF5_DWM1001-DEV_softdevice_none_a3bb6c47e8a15569f3a1fd5e1f800b74/core.a(Uart.cpp.o)
                0x20000314                Serial
 .bss.channelMap
                0x20000378        0x8 /tmp/arduino/sketches/99157C4B004638A986025FB682D05DC6/../../cores/RMESS_nRF5_DWM1001-DEV_softdevice_none_a3bb6c47e8a15569f3a1fd5e1f800b74/core.a(WInterrupts.c.o)
 .bss.enabled   0x20000380        0x4 /tmp/arduino/sketches/99157C4B004638A986025FB682D05DC6/../../cores/RMESS_nRF5_DWM1001-DEV_softdevice_none_a3bb6c47e8a15569f3a1fd5e1f800b74/core.a(WInterrupts.c.o)
 .bss.callbacksInt
                0x20000384       0x20 /tmp/arduino/sketches/99157C4B004638A986025FB682D05DC6/../../cores/RMESS_nRF5_DWM1001-DEV_softdevice_none_a3bb6c47e8a15569f3a1fd5e1f800b74/core.a(WInterrupts.c.o)
 .bss.overflows
                0x200003a4        0x4 /tmp/arduino/sketches/99157C4B004638A986025FB682D05DC6/../../cores/RMESS_nRF5_DWM1001-DEV_softdevice_none_a3bb6c47e8a15569f3a1fd5e1f800b74/core.a(delay.c.o)
 .bss.__malloc_sbrk_start
                0x200003a8        0x4 /home/sae512/.arduino15/packages/RMESS/tools/gcc-arm-none-eabi/5_2-2015q4/bin/../lib/gcc/arm-none-eabi/5.2.1/../../../../arm-none-eabi/lib/armv7e-m/fpu/libc_nano.a(lib_a-nano-mallocr.o)
                0x200003a8                __malloc_sbrk_start
 .bss.__malloc_free_list
                0x200003ac        0x4 /home/sae512/.arduino15/packages/RMESS/tools/gcc-arm-none-eabi/5_2-2015q4/bin/../lib/gcc/arm-none-eabi/5.2.1/../../../../arm-none-eabi/lib/armv7e-m/fpu/libc_nano.a(lib_a-nano-mallocr.o)
                0x200003ac                __malloc_free_list
 .bss.heap_end.4169
                0x200003b0        0x4 /home/sae512/.arduino15/packages/RMESS/tools/gcc-arm-none-eabi/5_2-2015q4/bin/../lib/gcc/arm-none-eabi/5.2.1/../../../../arm-none-eabi/lib/armv7e-m/fpu/libnosys.a(sbrk.o)
 *(COMMON)
 COMMON         0x200003b4        0x4 /home/sae512/.arduino15/packages/RMESS/tools/gcc-arm-none-eabi/5_2-2015q4/bin/../lib/gcc/arm-none-eabi/5.2.1/../../../../arm-none-eabi/lib/armv7e-m/fpu/libc_nano.a(lib_a-reent.o)
                0x200003b4                errno
                0x200003b8                . = ALIGN (0x4)
                0x200003b8                __bss_end__ = .

.heap           0x200003b8     0x1000
                0x200003b8                __HeapBase = .
                0x200003b8                __end__ = .
                0x200003b8                PROVIDE (end, .)
 *(.heap*)
 .heap          0x200003b8     0x1000 /tmp/arduino/sketches/99157C4B004638A986025FB682D05DC6/../../cores/RMESS_nRF5_DWM1001-DEV_softdevice_none_a3bb6c47e8a15569f3a1fd5e1f800b74/core.a(gcc_startup_nrf52.S.o)
                0x200013b8                __HeapLimit = .

.stack_dummy    0x200003b8     0x1000
 *(.stack*)
 .stack         0x200003b8     0x1000 /tmp/arduino/sketches/99157C4B004638A986025FB682D05DC6/../../cores/RMESS_nRF5_DWM1001-DEV_softdevice_none_a3bb6c47e8a15569f3a1fd5e1f800b74/core.a(gcc_startup_nrf52.S.o)
                0x20010000                __StackTop = (ORIGIN (RAM) + LENGTH (RAM))
                0x2000f000                __StackLimit = (__StackTop - SIZEOF (.stack_dummy))
                0x20010000                PROVIDE (__stack, __StackTop)
                0x00000001                ASSERT ((__StackLimit >= __HeapLimit), region RAM overflowed with stack)
                0x000000d8                DataInitFlashUsed = (__bss_start__ - __data_start__)
                0x00005c70                CodeFlashUsed = (__etext - ORIGIN (FLASH))
                0x00005d48                TotalFlashUsed = (CodeFlashUsed + DataInitFlashUsed)
                0x00000001                ASSERT ((TotalFlashUsed <= LENGTH (FLASH)), region FLASH overflowed with .data and user data)
OUTPUT(/tmp/arduino/sketches/99157C4B004638A986025FB682D05DC6/ODS_M.ino.elf elf32-littlearm)

.ARM.attributes
                0x00000000       0x30
 .ARM.attributes
                0x00000000       0x22 /home/sae512/.arduino15/packages/RMESS/tools/gcc-arm-none-eabi/5_2-2015q4/bin/../lib/gcc/arm-none-eabi/5.2.1/armv7e-m/fpu/crti.o
 .ARM.attributes
                0x00000022       0x34 /home/sae512/.arduino15/packages/RMESS/tools/gcc-arm-none-eabi/5_2-2015q4/bin/../lib/gcc/arm-none-eabi/5.2.1/armv7e-m/fpu/crtbegin.o
 .ARM.attributes
                0x00000056       0x20 /home/sae512/.arduino15/packages/RMESS/tools/gcc-arm-none-eabi/5_2-2015q4/bin/../lib/gcc/arm-none-eabi/5.2.1/../../../../arm-none-eabi/lib/armv7e-m/fpu/crt0.o
 .ARM.attributes
                0x00000076       0x39 /tmp/arduino/sketches/99157C4B004638A986025FB682D05DC6/sketch/ODS_M.ino.cpp.o
 .ARM.attributes
                0x000000af       0x39 /tmp/arduino/sketches/99157C4B004638A986025FB682D05DC6/libraries/SPI/SPI.cpp.o
 .ARM.attributes
                0x000000e8       0x39 /tmp/arduino/sketches/99157C4B004638A986025FB682D05DC6/libraries/DecaDuino/DecaDuino.cpp.o
 .ARM.attributes
                0x00000121       0x39 /tmp/arduino/sketches/99157C4B004638A986025FB682D05DC6/libraries/printfToSerial/printfToSerial.cpp.o
 .ARM.attributes
                0x0000015a       0x39 /tmp/arduino/sketches/99157C4B004638A986025FB682D05DC6/core/variant.cpp.o
 .ARM.attributes
                0x00000193       0x34 /home/sae512/.arduino15/packages/RMESS/tools/gcc-arm-none-eabi/5_2-2015q4/bin/../lib/gcc/arm-none-eabi/5.2.1/../../../../arm-none-eabi/lib/armv7e-m/fpu/libm.a(lib_a-s_fpclassify.o)
 .ARM.attributes
                0x000001c7       0x39 /tmp/arduino/sketches/99157C4B004638A986025FB682D05DC6/../../cores/RMESS_nRF5_DWM1001-DEV_softdevice_none_a3bb6c47e8a15569f3a1fd5e1f800b74/core.a(Print.cpp.o)
 .ARM.attributes
                0x00000200       0x1c /tmp/arduino/sketches/99157C4B004638A986025FB682D05DC6/../../cores/RMESS_nRF5_DWM1001-DEV_softdevice_none_a3bb6c47e8a15569f3a1fd5e1f800b74/core.a(gcc_startup_nrf52.S.o)
 .ARM.attributes
                0x0000021c       0x39 /tmp/arduino/sketches/99157C4B004638A986025FB682D05DC6/../../cores/RMESS_nRF5_DWM1001-DEV_softdevice_none_a3bb6c47e8a15569f3a1fd5e1f800b74/core.a(system_nrf52.c.o)
 .ARM.attributes
                0x00000255       0x39 /tmp/arduino/sketches/99157C4B004638A986025FB682D05DC6/../../cores/RMESS_nRF5_DWM1001-DEV_softdevice_none_a3bb6c47e8a15569f3a1fd5e1f800b74/core.a(Uart.cpp.o)
 .ARM.attributes
                0x0000028e       0x39 /tmp/arduino/sketches/99157C4B004638A986025FB682D05DC6/../../cores/RMESS_nRF5_DWM1001-DEV_softdevice_none_a3bb6c47e8a15569f3a1fd5e1f800b74/core.a(WInterrupts.c.o)
 .ARM.attributes
                0x000002c7       0x39 /tmp/arduino/sketches/99157C4B004638A986025FB682D05DC6/../../cores/RMESS_nRF5_DWM1001-DEV_softdevice_none_a3bb6c47e8a15569f3a1fd5e1f800b74/core.a(delay.c.o)
 .ARM.attributes
                0x00000300       0x39 /tmp/arduino/sketches/99157C4B004638A986025FB682D05DC6/../../cores/RMESS_nRF5_DWM1001-DEV_softdevice_none_a3bb6c47e8a15569f3a1fd5e1f800b74/core.a(hooks.c.o)
 .ARM.attributes
                0x00000339       0x39 /tmp/arduino/sketches/99157C4B004638A986025FB682D05DC6/../../cores/RMESS_nRF5_DWM1001-DEV_softdevice_none_a3bb6c47e8a15569f3a1fd5e1f800b74/core.a(main.cpp.o)
 .ARM.attributes
                0x00000372       0x39 /tmp/arduino/sketches/99157C4B004638A986025FB682D05DC6/../../cores/RMESS_nRF5_DWM1001-DEV_softdevice_none_a3bb6c47e8a15569f3a1fd5e1f800b74/core.a(wiring.c.o)
 .ARM.attributes
                0x000003ab       0x39 /tmp/arduino/sketches/99157C4B004638A986025FB682D05DC6/../../cores/RMESS_nRF5_DWM1001-DEV_softdevice_none_a3bb6c47e8a15569f3a1fd5e1f800b74/core.a(wiring_digital.c.o)
 .ARM.attributes
                0x000003e4       0x39 /tmp/arduino/sketches/99157C4B004638A986025FB682D05DC6/../../cores/RMESS_nRF5_DWM1001-DEV_softdevice_none_a3bb6c47e8a15569f3a1fd5e1f800b74/core.a(RingBuffer.cpp.o)
 .ARM.attributes
                0x0000041d       0x22 /home/sae512/.arduino15/packages/RMESS/tools/gcc-arm-none-eabi/5_2-2015q4/bin/../lib/gcc/arm-none-eabi/5.2.1/armv7e-m/fpu/libgcc.a(_arm_addsubdf3.o)
 .ARM.attributes
                0x0000043f       0x22 /home/sae512/.arduino15/packages/RMESS/tools/gcc-arm-none-eabi/5_2-2015q4/bin/../lib/gcc/arm-none-eabi/5.2.1/armv7e-m/fpu/libgcc.a(_arm_muldivdf3.o)
 .ARM.attributes
                0x00000461       0x22 /home/sae512/.arduino15/packages/RMESS/tools/gcc-arm-none-eabi/5_2-2015q4/bin/../lib/gcc/arm-none-eabi/5.2.1/armv7e-m/fpu/libgcc.a(_arm_cmpdf2.o)
 .ARM.attributes
                0x00000483       0x22 /home/sae512/.arduino15/packages/RMESS/tools/gcc-arm-none-eabi/5_2-2015q4/bin/../lib/gcc/arm-none-eabi/5.2.1/armv7e-m/fpu/libgcc.a(_arm_fixdfsi.o)
 .ARM.attributes
                0x000004a5       0x22 /home/sae512/.arduino15/packages/RMESS/tools/gcc-arm-none-eabi/5_2-2015q4/bin/../lib/gcc/arm-none-eabi/5.2.1/armv7e-m/fpu/libgcc.a(_arm_truncdfsf2.o)
 .ARM.attributes
                0x000004c7       0x34 /home/sae512/.arduino15/packages/RMESS/tools/gcc-arm-none-eabi/5_2-2015q4/bin/../lib/gcc/arm-none-eabi/5.2.1/../../../../arm-none-eabi/lib/armv7e-m/fpu/libc_nano.a(lib_a-assert.o)
 .ARM.attributes
                0x000004fb       0x34 /home/sae512/.arduino15/packages/RMESS/tools/gcc-arm-none-eabi/5_2-2015q4/bin/../lib/gcc/arm-none-eabi/5.2.1/../../../../arm-none-eabi/lib/armv7e-m/fpu/libc_nano.a(lib_a-exit.o)
 .ARM.attributes
                0x0000052f       0x34 /home/sae512/.arduino15/packages/RMESS/tools/gcc-arm-none-eabi/5_2-2015q4/bin/../lib/gcc/arm-none-eabi/5.2.1/../../../../arm-none-eabi/lib/armv7e-m/fpu/libc_nano.a(lib_a-fprintf.o)
 .ARM.attributes
                0x00000563       0x34 /home/sae512/.arduino15/packages/RMESS/tools/gcc-arm-none-eabi/5_2-2015q4/bin/../lib/gcc/arm-none-eabi/5.2.1/../../../../arm-none-eabi/lib/armv7e-m/fpu/libc_nano.a(lib_a-impure.o)
 .ARM.attributes
                0x00000597       0x34 /home/sae512/.arduino15/packages/RMESS/tools/gcc-arm-none-eabi/5_2-2015q4/bin/../lib/gcc/arm-none-eabi/5.2.1/../../../../arm-none-eabi/lib/armv7e-m/fpu/libc_nano.a(lib_a-init.o)
 .ARM.attributes
                0x000005cb       0x34 /home/sae512/.arduino15/packages/RMESS/tools/gcc-arm-none-eabi/5_2-2015q4/bin/../lib/gcc/arm-none-eabi/5.2.1/../../../../arm-none-eabi/lib/armv7e-m/fpu/libc_nano.a(lib_a-memset.o)
 .ARM.attributes
                0x000005ff       0x34 /home/sae512/.arduino15/packages/RMESS/tools/gcc-arm-none-eabi/5_2-2015q4/bin/../lib/gcc/arm-none-eabi/5.2.1/../../../../arm-none-eabi/lib/armv7e-m/fpu/libc_nano.a(lib_a-nano-vfprintf.o)
 .ARM.attributes
                0x00000633       0x34 /home/sae512/.arduino15/packages/RMESS/tools/gcc-arm-none-eabi/5_2-2015q4/bin/../lib/gcc/arm-none-eabi/5.2.1/../../../../arm-none-eabi/lib/armv7e-m/fpu/libc_nano.a(lib_a-nano-vfprintf_float.o)
 .ARM.attributes
                0x00000667       0x34 /home/sae512/.arduino15/packages/RMESS/tools/gcc-arm-none-eabi/5_2-2015q4/bin/../lib/gcc/arm-none-eabi/5.2.1/../../../../arm-none-eabi/lib/armv7e-m/fpu/libc_nano.a(lib_a-nano-vfprintf_i.o)
 .ARM.attributes
                0x0000069b       0x1b /home/sae512/.arduino15/packages/RMESS/tools/gcc-arm-none-eabi/5_2-2015q4/bin/../lib/gcc/arm-none-eabi/5.2.1/../../../../arm-none-eabi/lib/armv7e-m/fpu/libc_nano.a(lib_a-strlen.o)
 .ARM.attributes
                0x000006b6       0x34 /home/sae512/.arduino15/packages/RMESS/tools/gcc-arm-none-eabi/5_2-2015q4/bin/../lib/gcc/arm-none-eabi/5.2.1/../../../../arm-none-eabi/lib/armv7e-m/fpu/libc_nano.a(lib_a-wbuf.o)
 .ARM.attributes
                0x000006ea       0x34 /home/sae512/.arduino15/packages/RMESS/tools/gcc-arm-none-eabi/5_2-2015q4/bin/../lib/gcc/arm-none-eabi/5.2.1/../../../../arm-none-eabi/lib/armv7e-m/fpu/libc_nano.a(lib_a-wsetup.o)
 .ARM.attributes
                0x0000071e       0x34 /home/sae512/.arduino15/packages/RMESS/tools/gcc-arm-none-eabi/5_2-2015q4/bin/../lib/gcc/arm-none-eabi/5.2.1/../../../../arm-none-eabi/lib/armv7e-m/fpu/libc_nano.a(lib_a-abort.o)
 .ARM.attributes
                0x00000752       0x34 /home/sae512/.arduino15/packages/RMESS/tools/gcc-arm-none-eabi/5_2-2015q4/bin/../lib/gcc/arm-none-eabi/5.2.1/../../../../arm-none-eabi/lib/armv7e-m/fpu/libc_nano.a(lib_a-dtoa.o)
 .ARM.attributes
                0x00000786       0x34 /home/sae512/.arduino15/packages/RMESS/tools/gcc-arm-none-eabi/5_2-2015q4/bin/../lib/gcc/arm-none-eabi/5.2.1/../../../../arm-none-eabi/lib/armv7e-m/fpu/libc_nano.a(lib_a-fflush.o)
 .ARM.attributes
                0x000007ba       0x34 /home/sae512/.arduino15/packages/RMESS/tools/gcc-arm-none-eabi/5_2-2015q4/bin/../lib/gcc/arm-none-eabi/5.2.1/../../../../arm-none-eabi/lib/armv7e-m/fpu/libc_nano.a(lib_a-findfp.o)
 .ARM.attributes
                0x000007ee       0x34 /home/sae512/.arduino15/packages/RMESS/tools/gcc-arm-none-eabi/5_2-2015q4/bin/../lib/gcc/arm-none-eabi/5.2.1/../../../../arm-none-eabi/lib/armv7e-m/fpu/libc_nano.a(lib_a-fwalk.o)
 .ARM.attributes
                0x00000822       0x34 /home/sae512/.arduino15/packages/RMESS/tools/gcc-arm-none-eabi/5_2-2015q4/bin/../lib/gcc/arm-none-eabi/5.2.1/../../../../arm-none-eabi/lib/armv7e-m/fpu/libc_nano.a(lib_a-locale.o)
 .ARM.attributes
                0x00000856       0x34 /home/sae512/.arduino15/packages/RMESS/tools/gcc-arm-none-eabi/5_2-2015q4/bin/../lib/gcc/arm-none-eabi/5.2.1/../../../../arm-none-eabi/lib/armv7e-m/fpu/libc_nano.a(lib_a-makebuf.o)
 .ARM.attributes
                0x0000088a       0x34 /home/sae512/.arduino15/packages/RMESS/tools/gcc-arm-none-eabi/5_2-2015q4/bin/../lib/gcc/arm-none-eabi/5.2.1/../../../../arm-none-eabi/lib/armv7e-m/fpu/libc_nano.a(lib_a-malloc.o)
 .ARM.attributes
                0x000008be       0x20 /home/sae512/.arduino15/packages/RMESS/tools/gcc-arm-none-eabi/5_2-2015q4/bin/../lib/gcc/arm-none-eabi/5.2.1/../../../../arm-none-eabi/lib/armv7e-m/fpu/libc_nano.a(lib_a-memchr.o)
 .ARM.attributes
                0x000008de       0x34 /home/sae512/.arduino15/packages/RMESS/tools/gcc-arm-none-eabi/5_2-2015q4/bin/../lib/gcc/arm-none-eabi/5.2.1/../../../../arm-none-eabi/lib/armv7e-m/fpu/libc_nano.a(lib_a-memcpy-stub.o)
 .ARM.attributes
                0x00000912       0x34 /home/sae512/.arduino15/packages/RMESS/tools/gcc-arm-none-eabi/5_2-2015q4/bin/../lib/gcc/arm-none-eabi/5.2.1/../../../../arm-none-eabi/lib/armv7e-m/fpu/libc_nano.a(lib_a-mprec.o)
 .ARM.attributes
                0x00000946       0x34 /home/sae512/.arduino15/packages/RMESS/tools/gcc-arm-none-eabi/5_2-2015q4/bin/../lib/gcc/arm-none-eabi/5.2.1/../../../../arm-none-eabi/lib/armv7e-m/fpu/libc_nano.a(lib_a-nano-callocr.o)
 .ARM.attributes
                0x0000097a       0x34 /home/sae512/.arduino15/packages/RMESS/tools/gcc-arm-none-eabi/5_2-2015q4/bin/../lib/gcc/arm-none-eabi/5.2.1/../../../../arm-none-eabi/lib/armv7e-m/fpu/libc_nano.a(lib_a-nano-freer.o)
 .ARM.attributes
                0x000009ae       0x34 /home/sae512/.arduino15/packages/RMESS/tools/gcc-arm-none-eabi/5_2-2015q4/bin/../lib/gcc/arm-none-eabi/5.2.1/../../../../arm-none-eabi/lib/armv7e-m/fpu/libc_nano.a(lib_a-nano-mallocr.o)
 .ARM.attributes
                0x000009e2       0x34 /home/sae512/.arduino15/packages/RMESS/tools/gcc-arm-none-eabi/5_2-2015q4/bin/../lib/gcc/arm-none-eabi/5.2.1/../../../../arm-none-eabi/lib/armv7e-m/fpu/libc_nano.a(lib_a-sbrkr.o)
 .ARM.attributes
                0x00000a16       0x34 /home/sae512/.arduino15/packages/RMESS/tools/gcc-arm-none-eabi/5_2-2015q4/bin/../lib/gcc/arm-none-eabi/5.2.1/../../../../arm-none-eabi/lib/armv7e-m/fpu/libc_nano.a(lib_a-signal.o)
 .ARM.attributes
                0x00000a4a       0x34 /home/sae512/.arduino15/packages/RMESS/tools/gcc-arm-none-eabi/5_2-2015q4/bin/../lib/gcc/arm-none-eabi/5.2.1/../../../../arm-none-eabi/lib/armv7e-m/fpu/libc_nano.a(lib_a-signalr.o)
 .ARM.attributes
                0x00000a7e       0x34 /home/sae512/.arduino15/packages/RMESS/tools/gcc-arm-none-eabi/5_2-2015q4/bin/../lib/gcc/arm-none-eabi/5.2.1/../../../../arm-none-eabi/lib/armv7e-m/fpu/libc_nano.a(lib_a-stdio.o)
 .ARM.attributes
                0x00000ab2       0x34 /home/sae512/.arduino15/packages/RMESS/tools/gcc-arm-none-eabi/5_2-2015q4/bin/../lib/gcc/arm-none-eabi/5.2.1/../../../../arm-none-eabi/lib/armv7e-m/fpu/libc_nano.a(lib_a-writer.o)
 .ARM.attributes
                0x00000ae6       0x34 /home/sae512/.arduino15/packages/RMESS/tools/gcc-arm-none-eabi/5_2-2015q4/bin/../lib/gcc/arm-none-eabi/5.2.1/../../../../arm-none-eabi/lib/armv7e-m/fpu/libc_nano.a(lib_a-closer.o)
 .ARM.attributes
                0x00000b1a       0x34 /home/sae512/.arduino15/packages/RMESS/tools/gcc-arm-none-eabi/5_2-2015q4/bin/../lib/gcc/arm-none-eabi/5.2.1/../../../../arm-none-eabi/lib/armv7e-m/fpu/libc_nano.a(lib_a-fstatr.o)
 .ARM.attributes
                0x00000b4e       0x34 /home/sae512/.arduino15/packages/RMESS/tools/gcc-arm-none-eabi/5_2-2015q4/bin/../lib/gcc/arm-none-eabi/5.2.1/../../../../arm-none-eabi/lib/armv7e-m/fpu/libc_nano.a(lib_a-isattyr.o)
 .ARM.attributes
                0x00000b82       0x34 /home/sae512/.arduino15/packages/RMESS/tools/gcc-arm-none-eabi/5_2-2015q4/bin/../lib/gcc/arm-none-eabi/5.2.1/../../../../arm-none-eabi/lib/armv7e-m/fpu/libc_nano.a(lib_a-lseekr.o)
 .ARM.attributes
                0x00000bb6       0x34 /home/sae512/.arduino15/packages/RMESS/tools/gcc-arm-none-eabi/5_2-2015q4/bin/../lib/gcc/arm-none-eabi/5.2.1/../../../../arm-none-eabi/lib/armv7e-m/fpu/libc_nano.a(lib_a-readr.o)
 .ARM.attributes