Archive member included to satisfy reference by file (symbol)

/home/sae512/.arduino15/packages/RMESS/tools/gcc-arm-none-eabi/5_2-2015q4/bin/../lib/gcc/arm-none-eabi/5.2.1/../../../../arm-none-eabi/lib/armv7e-m/fpu/libm.a(lib_a-w_log10.o)
                              /tmp/arduino/sketches/E65DF7F019958BA2DB7ACD8165DBD9C2/libraries/DecaDuino/DecaDuino.cpp.o (log10)
/home/sae512/.arduino15/packages/RMESS/tools/gcc-arm-none-eabi/5_2-2015q4/bin/../lib/gcc/arm-none-eabi/5.2.1/../../../../arm-none-eabi/lib/armv7e-m/fpu/libm.a(lib_a-e_log10.o)
                              /home/sae512/.arduino15/packages/RMESS/tools/gcc-arm-none-eabi/5_2-2015q4/bin/../lib/gcc/arm-none-eabi/5.2.1/../../../../arm-none-eabi/lib/armv7e-m/fpu/libm.a(lib_a-w_log10.o) (__ieee754_log10)
/home/sae512/.arduino15/packages/RMESS/tools/gcc-arm-none-eabi/5_2-2015q4/bin/../lib/gcc/arm-none-eabi/5.2.1/../../../../arm-none-eabi/lib/armv7e-m/fpu/libm.a(lib_a-s_fpclassify.o)
                              /home/sae512/.arduino15/packages/RMESS/tools/gcc-arm-none-eabi/5_2-2015q4/bin/../lib/gcc/arm-none-eabi/5.2.1/../../../../arm-none-eabi/lib/armv7e-m/fpu/libm.a(lib_a-w_log10.o) (__fpclassifyd)
/home/sae512/.arduino15/packages/RMESS/tools/gcc-arm-none-eabi/5_2-2015q4/bin/../lib/gcc/arm-none-eabi/5.2.1/../../../../arm-none-eabi/lib/armv7e-m/fpu/libm.a(lib_a-s_lib_ver.o)
                              /home/sae512/.arduino15/packages/RMESS/tools/gcc-arm-none-eabi/5_2-2015q4/bin/../lib/gcc/arm-none-eabi/5.2.1/../../../../arm-none-eabi/lib/armv7e-m/fpu/libm.a(lib_a-w_log10.o) (__fdlib_version)
/home/sae512/.arduino15/packages/RMESS/tools/gcc-arm-none-eabi/5_2-2015q4/bin/../lib/gcc/arm-none-eabi/5.2.1/../../../../arm-none-eabi/lib/armv7e-m/fpu/libm.a(lib_a-s_matherr.o)
                              /home/sae512/.arduino15/packages/RMESS/tools/gcc-arm-none-eabi/5_2-2015q4/bin/../lib/gcc/arm-none-eabi/5.2.1/../../../../arm-none-eabi/lib/armv7e-m/fpu/libm.a(lib_a-w_log10.o) (matherr)
/home/sae512/.arduino15/packages/RMESS/tools/gcc-arm-none-eabi/5_2-2015q4/bin/../lib/gcc/arm-none-eabi/5.2.1/../../../../arm-none-eabi/lib/armv7e-m/fpu/libm.a(lib_a-s_nan.o)
                              /home/sae512/.arduino15/packages/RMESS/tools/gcc-arm-none-eabi/5_2-2015q4/bin/../lib/gcc/arm-none-eabi/5.2.1/../../../../arm-none-eabi/lib/armv7e-m/fpu/libm.a(lib_a-w_log10.o) (nan)
/home/sae512/.arduino15/packages/RMESS/tools/gcc-arm-none-eabi/5_2-2015q4/bin/../lib/gcc/arm-none-eabi/5.2.1/../../../../arm-none-eabi/lib/armv7e-m/fpu/libm.a(lib_a-e_log.o)
                              /home/sae512/.arduino15/packages/RMESS/tools/gcc-arm-none-eabi/5_2-2015q4/bin/../lib/gcc/arm-none-eabi/5.2.1/../../../../arm-none-eabi/lib/armv7e-m/fpu/libm.a(lib_a-e_log10.o) (__ieee754_log)
/tmp/arduino/sketches/E65DF7F019958BA2DB7ACD8165DBD9C2/../../cores/RMESS_nRF5_DWM1001-DEV_softdevice_none_a3bb6c47e8a15569f3a1fd5e1f800b74/core.a(Print.cpp.o)
                              /tmp/arduino/sketches/E65DF7F019958BA2DB7ACD8165DBD9C2/libraries/printfToSerial/printfToSerial.cpp.o (Print::write(unsigned char const*, unsigned int))
/tmp/arduino/sketches/E65DF7F019958BA2DB7ACD8165DBD9C2/../../cores/RMESS_nRF5_DWM1001-DEV_softdevice_none_a3bb6c47e8a15569f3a1fd5e1f800b74/core.a(gcc_startup_nrf52.S.o)
                              (Reset_Handler)
/tmp/arduino/sketches/E65DF7F019958BA2DB7ACD8165DBD9C2/../../cores/RMESS_nRF5_DWM1001-DEV_softdevice_none_a3bb6c47e8a15569f3a1fd5e1f800b74/core.a(system_nrf52.c.o)
                              /tmp/arduino/sketches/E65DF7F019958BA2DB7ACD8165DBD9C2/../../cores/RMESS_nRF5_DWM1001-DEV_softdevice_none_a3bb6c47e8a15569f3a1fd5e1f800b74/core.a(gcc_startup_nrf52.S.o) (SystemInit)
/tmp/arduino/sketches/E65DF7F019958BA2DB7ACD8165DBD9C2/../../cores/RMESS_nRF5_DWM1001-DEV_softdevice_none_a3bb6c47e8a15569f3a1fd5e1f800b74/core.a(Uart.cpp.o)
                              /tmp/arduino/sketches/E65DF7F019958BA2DB7ACD8165DBD9C2/sketch/ODS_A3.ino.cpp.o (Uart::begin(unsigned long))
/tmp/arduino/sketches/E65DF7F019958BA2DB7ACD8165DBD9C2/../../cores/RMESS_nRF5_DWM1001-DEV_softdevice_none_a3bb6c47e8a15569f3a1fd5e1f800b74/core.a(WInterrupts.c.o)
                              /tmp/arduino/sketches/E65DF7F019958BA2DB7ACD8165DBD9C2/libraries/DecaDuino/DecaDuino.cpp.o (attachInterrupt)
/tmp/arduino/sketches/E65DF7F019958BA2DB7ACD8165DBD9C2/../../cores/RMESS_nRF5_DWM1001-DEV_softdevice_none_a3bb6c47e8a15569f3a1fd5e1f800b74/core.a(abi.cpp.o)
                              /tmp/arduino/sketches/E65DF7F019958BA2DB7ACD8165DBD9C2/../../cores/RMESS_nRF5_DWM1001-DEV_softdevice_none_a3bb6c47e8a15569f3a1fd5e1f800b74/core.a(Print.cpp.o) (__cxa_pure_virtual)
/tmp/arduino/sketches/E65DF7F019958BA2DB7ACD8165DBD9C2/../../cores/RMESS_nRF5_DWM1001-DEV_softdevice_none_a3bb6c47e8a15569f3a1fd5e1f800b74/core.a(delay.c.o)
                              /tmp/arduino/sketches/E65DF7F019958BA2DB7ACD8165DBD9C2/sketch/ODS_A3.ino.cpp.o (millis)
[...]
Memory Configuration

Name             Origin             Length             Attributes
FLASH            0x00000000         0x00080000         xr
RAM              0x20000000         0x00010000         xrw
CODE_RAM         0x00800000         0x00010000         xrw
*default*        0x00000000         0xffffffff

Linker script and memory map

LOAD /home/sae512/.arduino15/packages/RMESS/tools/gcc-arm-none-eabi/5_2-2015q4/bin/../lib/gcc/arm-none-eabi/5.2.1/armv7e-m/fpu/crti.o
LOAD /home/sae512/.arduino15/packages/RMESS/tools/gcc-arm-none-eabi/5_2-2015q4/bin/../lib/gcc/arm-none-eabi/5.2.1/armv7e-m/fpu/crtbegin.o
LOAD /home/sae512/.arduino15/packages/RMESS/tools/gcc-arm-none-eabi/5_2-2015q4/bin/../lib/gcc/arm-none-eabi/5.2.1/../../../../arm-none-eabi/lib/armv7e-m/fpu/crt0.o
LOAD /tmp/arduino/sketches/E65DF7F019958BA2DB7ACD8165DBD9C2/sketch/ODS_A3.ino.cpp.o
LOAD /tmp/arduino/sketches/E65DF7F019958BA2DB7ACD8165DBD9C2/libraries/SPI/SPI.cpp.o
LOAD /tmp/arduino/sketches/E65DF7F019958BA2DB7ACD8165DBD9C2/libraries/DecaDuino/DecaDuino.cpp.o
LOAD /tmp/arduino/sketches/E65DF7F019958BA2DB7ACD8165DBD9C2/libraries/printfToSerial/printfToSerial.cpp.o
LOAD /tmp/arduino/sketches/E65DF7F019958BA2DB7ACD8165DBD9C2/core/variant.cpp.o
START GROUP
LOAD /home/sae512/.arduino15/packages/RMESS/tools/gcc-arm-none-eabi/5_2-2015q4/bin/../lib/gcc/arm-none-eabi/5.2.1/../../../../arm-none-eabi/lib/armv7e-m/fpu/libm.a
LOAD /tmp/arduino/sketches/E65DF7F019958BA2DB7ACD8165DBD9C2/../../cores/RMESS_nRF5_DWM1001-DEV_softdevice_none_a3bb6c47e8a15569f3a1fd5e1f800b74/core.a
END GROUP
START GROUP
LOAD /home/sae512/.arduino15/packages/RMESS/tools/gcc-arm-none-eabi/5_2-2015q4/bin/../lib/gcc/arm-none-eabi/5.2.1/armv7e-m/fpu/libgcc.a
LOAD /home/sae512/.arduino15/packages/RMESS/tools/gcc-arm-none-eabi/5_2-2015q4/bin/../lib/gcc/arm-none-eabi/5.2.1/../../../../arm-none-eabi/lib/armv7e-m/fpu/libc_nano.a
END GROUP
START GROUP
LOAD /home/sae512/.arduino15/packages/RMESS/tools/gcc-arm-none-eabi/5_2-2015q4/bin/../lib/gcc/arm-none-eabi/5.2.1/armv7e-m/fpu/libgcc.a
LOAD /home/sae512/.arduino15/packages/RMESS/tools/gcc-arm-none-eabi/5_2-2015q4/bin/../lib/gcc/arm-none-eabi/5.2.1/../../../../arm-none-eabi/lib/armv7e-m/fpu/libc_nano.a
LOAD /home/sae512/.arduino15/packages/RMESS/tools/gcc-arm-none-eabi/5_2-2015q4/bin/../lib/gcc/arm-none-eabi/5.2.1/../../../../arm-none-eabi/lib/armv7e-m/fpu/libnosys.a
END GROUP
START GROUP
LOAD /home/sae512/.arduino15/packages/RMESS/tools/gcc-arm-none-eabi/5_2-2015q4/bin/../lib/gcc/arm-none-eabi/5.2.1/armv7e-m/fpu/libgcc.a
LOAD /home/sae512/.arduino15/packages/RMESS/tools/gcc-arm-none-eabi/5_2-2015q4/bin/../lib/gcc/arm-none-eabi/5.2.1/../../../../arm-none-eabi/lib/armv7e-m/fpu/libc_nano.a
LOAD /home/sae512/.arduino15/packages/RMESS/tools/gcc-arm-none-eabi/5_2-2015q4/bin/../lib/gcc/arm-none-eabi/5.2.1/../../../../arm-none-eabi/lib/armv7e-m/fpu/libnosys.a
END GROUP
LOAD /home/sae512/.arduino15/packages/RMESS/tools/gcc-arm-none-eabi/5_2-2015q4/bin/../lib/gcc/arm-none-eabi/5.2.1/armv7e-m/fpu/crtend.o
LOAD /home/sae512/.arduino15/packages/RMESS/tools/gcc-arm-none-eabi/5_2-2015q4/bin/../lib/gcc/arm-none-eabi/5.2.1/armv7e-m/fpu/crtn.o
START GROUP
LOAD /home/sae512/.arduino15/packages/RMESS/tools/gcc-arm-none-eabi/5_2-2015q4/bin/../lib/gcc/arm-none-eabi/5.2.1/armv7e-m/fpu/libgcc.a
LOAD /home/sae512/.arduino15/packages/RMESS/tools/gcc-arm-none-eabi/5_2-2015q4/bin/../lib/gcc/arm-none-eabi/5.2.1/../../../../arm-none-eabi/lib/armv7e-m/fpu/libc.a
LOAD /home/sae512/.arduino15/packages/RMESS/tools/gcc-arm-none-eabi/5_2-2015q4/bin/../lib/gcc/arm-none-eabi/5.2.1/../../../../arm-none-eabi/lib/armv7e-m/fpu/libnosys.a
END GROUP

.text           0x00000000     0x5eb0
 *(.isr_vector)
 .isr_vector    0x00000000      0x200 /tmp/arduino/sketches/E65DF7F019958BA2DB7ACD8165DBD9C2/../../cores/RMESS_nRF5_DWM1001-DEV_softdevice_none_a3bb6c47e8a15569f3a1fd5e1f800b74/core.a(gcc_startup_nrf52.S.o)
                0x00000000                __isr_vector
 *(.text*)
 .text          0x00000200       0xa4 /home/sae512/.arduino15/packages/RMESS/tools/gcc-arm-none-eabi/5_2-2015q4/bin/../lib/gcc/arm-none-eabi/5.2.1/armv7e-m/fpu/crtbegin.o
 .text          0x000002a4       0x74 /home/sae512/.arduino15/packages/RMESS/tools/gcc-arm-none-eabi/5_2-2015q4/bin/../lib/gcc/arm-none-eabi/5.2.1/../../../../arm-none-eabi/lib/armv7e-m/fpu/crt0.o
                0x000002a4                _mainCRTStartup
                0x000002a4                _start
 .text.loop     0x00000318      0x1ac /tmp/arduino/sketches/E65DF7F019958BA2DB7ACD8165DBD9C2/sketch/ODS_A3.ino.cpp.o
                0x00000318                loop
 .text.startup._GLOBAL__sub_I_timeout
                0x000004c4       0x10 /tmp/arduino/sketches/E65DF7F019958BA2DB7ACD8165DBD9C2/sketch/ODS_A3.ino.cpp.o
 .text.setup    0x000004d4       0x48 /tmp/arduino/sketches/E65DF7F019958BA2DB7ACD8165DBD9C2/sketch/ODS_A3.ino.cpp.o
                0x000004d4                setup
 .text._ZN8SPIClassC2EP12NRF_SPI_Typehhh
                0x0000051c       0x48 /tmp/arduino/sketches/E65DF7F019958BA2DB7ACD8165DBD9C2/libraries/SPI/SPI.cpp.o
                0x0000051c                SPIClass::SPIClass(NRF_SPI_Type*, unsigned char, unsigned char, unsigned char)
                0x0000051c                SPIClass::SPIClass(NRF_SPI_Type*, unsigned char, unsigned char, unsigned char)
 .text._ZN8SPIClass4initEv
                0x00000564       0x10 /tmp/arduino/sketches/E65DF7F019958BA2DB7ACD8165DBD9C2/libraries/SPI/SPI.cpp.o
                0x00000564                SPIClass::init()
 .text._ZN8SPIClass6configE11SPISettings
                0x00000574       0x48 /tmp/arduino/sketches/E65DF7F019958BA2DB7ACD8165DBD9C2/libraries/SPI/SPI.cpp.o
                0x00000574                SPIClass::config(SPISettings)
 .text._ZN8SPIClass5beginEv
                0x000005bc       0x2c /tmp/arduino/sketches/E65DF7F019958BA2DB7ACD8165DBD9C2/libraries/SPI/SPI.cpp.o
                0x000005bc                SPIClass::begin()
 .text._ZN8SPIClass16beginTransactionE11SPISettings
                0x000005e8       0x18 /tmp/arduino/sketches/E65DF7F019958BA2DB7ACD8165DBD9C2/libraries/SPI/SPI.cpp.o
                0x000005e8                SPIClass::beginTransaction(SPISettings)
 .text._ZN8SPIClass14endTransactionEv
                0x00000600        0x2 /tmp/arduino/sketches/E65DF7F019958BA2DB7ACD8165DBD9C2/libraries/SPI/SPI.cpp.o
                0x00000600                SPIClass::endTransaction()
 .text._ZN8SPIClass8transferEh
                0x00000602       0x1c /tmp/arduino/sketches/E65DF7F019958BA2DB7ACD8165DBD9C2/libraries/SPI/SPI.cpp.o
                0x00000602                SPIClass::transfer(unsigned char)
 *fill*         0x0000061e        0x2 
 .text.startup._GLOBAL__sub_I__ZN8SPIClassC2EP12NRF_SPI_Typehhh
                0x00000620       0x4c /tmp/arduino/sketches/E65DF7F019958BA2DB7ACD8165DBD9C2/libraries/SPI/SPI.cpp.o
 .text._ZL10end_atomicm
                0x0000066c        0x6 /tmp/arduino/sketches/E65DF7F019958BA2DB7ACD8165DBD9C2/libraries/DecaDuino/DecaDuino.cpp.o
 *fill*         0x00000672        0x2 
 .text._ZN9DecaDuino4isr0Ev
                0x00000674       0x10 /tmp/arduino/sketches/E65DF7F019958BA2DB7ACD8165DBD9C2/libraries/DecaDuino/DecaDuino.cpp.o
                0x00000674                DecaDuino::isr0()
 .text._ZN9DecaDuinoC2Ehh
                0x00000684       0x96 /tmp/arduino/sketches/E65DF7F019958BA2DB7ACD8165DBD9C2/libraries/DecaDuino/DecaDuino.cpp.o
                0x00000684                DecaDuino::DecaDuino(unsigned char, unsigned char)
                0x00000684                DecaDuino::DecaDuino(unsigned char, unsigned char)
 .text._ZN9DecaDuino14hasTxSucceededEv
                0x0000071a        0x6 /tmp/arduino/sketches/E65DF7F019958BA2DB7ACD8165DBD9C2/libraries/DecaDuino/DecaDuino.cpp.o
                0x0000071a                DecaDuino::hasTxSucceeded()
 .text._ZN9DecaDuino11setRxBufferEPhPt
                0x00000720       0x10 /tmp/arduino/sketches/E65DF7F019958BA2DB7ACD8165DBD9C2/libraries/DecaDuino/DecaDuino.cpp.o
                0x00000720                DecaDuino::setRxBuffer(unsigned char*, unsigned short*)
 .text._ZN9DecaDuino16rxFrameAvailableEv
                0x00000730       0x14 /tmp/arduino/sketches/E65DF7F019958BA2DB7ACD8165DBD9C2/libraries/DecaDuino/DecaDuino.cpp.o
                0x00000730                DecaDuino::rxFrameAvailable()
 .text._ZN9DecaDuino8spi_sendEPht
                0x00000744       0x20 /tmp/arduino/sketches/E65DF7F019958BA2DB7ACD8165DBD9C2/libraries/DecaDuino/DecaDuino.cpp.o
                0x00000744                DecaDuino::spi_send(unsigned char*, unsigned short)
 .text._ZN9DecaDuino11spi_receiveEPht
                0x00000764       0x24 /tmp/arduino/sketches/E65DF7F019958BA2DB7ACD8165DBD9C2/libraries/DecaDuino/DecaDuino.cpp.o
                0x00000764                DecaDuino::spi_receive(unsigned char*, unsigned short)
 .text._ZN9DecaDuino7readSpiEhPht
                0x00000788       0x5c /tmp/arduino/sketches/E65DF7F019958BA2DB7ACD8165DBD9C2/libraries/DecaDuino/DecaDuino.cpp.o
                0x00000788                DecaDuino::readSpi(unsigned char, unsigned char*, unsigned short)
 .text._ZN9DecaDuino17readSpiSubAddressEhtPht
                0x000007e4       0xa0 /tmp/arduino/sketches/E65DF7F019958BA2DB7ACD8165DBD9C2/libraries/DecaDuino/DecaDuino.cpp.o
                0x000007e4                DecaDuino::readSpiSubAddress(unsigned char, unsigned short, unsigned char*, unsigned short)
 .text._ZN9DecaDuino8writeSpiEhPht
                0x00000884       0x60 /tmp/arduino/sketches/E65DF7F019958BA2DB7ACD8165DBD9C2/libraries/DecaDuino/DecaDuino.cpp.o
                0x00000884                DecaDuino::writeSpi(unsigned char, unsigned char*, unsigned short)
 .text._ZN9DecaDuino18writeSpiSubAddressEhtPht
                0x000008e4       0x9c /tmp/arduino/sketches/E65DF7F019958BA2DB7ACD8165DBD9C2/libraries/DecaDuino/DecaDuino.cpp.o
                0x000008e4                DecaDuino::writeSpiSubAddress(unsigned char, unsigned short, unsigned char*, unsigned short)
 .text._ZN9DecaDuino7readOTPEtPh
                0x00000980       0x6a /tmp/arduino/sketches/E65DF7F019958BA2DB7ACD8165DBD9C2/libraries/DecaDuino/DecaDuino.cpp.o
                0x00000980                DecaDuino::readOTP(unsigned short, unsigned char*)
 .text._ZN9DecaDuino12decodeUint32EPh
                0x000009ea        0x4 /tmp/arduino/sketches/E65DF7F019958BA2DB7ACD8165DBD9C2/libraries/DecaDuino/DecaDuino.cpp.o
                0x000009ea                DecaDuino::decodeUint32(unsigned char*)
 .text._ZN9DecaDuino13readSpiUint32Eh
                0x000009ee       0x1a /tmp/arduino/sketches/E65DF7F019958BA2DB7ACD8165DBD9C2/libraries/DecaDuino/DecaDuino.cpp.o
                0x000009ee                DecaDuino::readSpiUint32(unsigned char)
 .text._ZN9DecaDuino12encodeUint32EmPh
                0x00000a08       0x10 /tmp/arduino/sketches/E65DF7F019958BA2DB7ACD8165DBD9C2/libraries/DecaDuino/DecaDuino.cpp.o
                0x00000a08                DecaDuino::encodeUint32(unsigned long, unsigned char*)
 .text._ZN9DecaDuino14writeSpiUint32Ehm
                0x00000a18       0x1c /tmp/arduino/sketches/E65DF7F019958BA2DB7ACD8165DBD9C2/libraries/DecaDuino/DecaDuino.cpp.o
                0x00000a18                DecaDuino::writeSpiUint32(unsigned char, unsigned long)
 .text._ZN9DecaDuino11resetDW1000Ev
                0x00000a34      0x1e8 /tmp/arduino/sketches/E65DF7F019958BA2DB7ACD8165DBD9C2/libraries/DecaDuino/DecaDuino.cpp.o
                0x00000a34                DecaDuino::resetDW1000()
 .text._ZN9DecaDuino19plmeRxEnableRequestEv
                0x00000c1c       0x1e /tmp/arduino/sketches/E65DF7F019958BA2DB7ACD8165DBD9C2/libraries/DecaDuino/DecaDuino.cpp.o
                0x00000c1c                DecaDuino::plmeRxEnableRequest()
 .text._ZN9DecaDuino20plmeRxDisableRequestEv
                0x00000c3a       0x1a /tmp/arduino/sketches/E65DF7F019958BA2DB7ACD8165DBD9C2/libraries/DecaDuino/DecaDuino.cpp.o
                0x00000c3a                DecaDuino::plmeRxDisableRequest()
 .text._ZN9DecaDuino12encodeUint40EyPh
                0x00000c54       0x14 /tmp/arduino/sketches/E65DF7F019958BA2DB7ACD8165DBD9C2/libraries/DecaDuino/DecaDuino.cpp.o
                0x00000c54                DecaDuino::encodeUint40(unsigned long long, unsigned char*)
 .text._ZN9DecaDuino12decodeUint64EPh
                0x00000c68       0x22 /tmp/arduino/sketches/E65DF7F019958BA2DB7ACD8165DBD9C2/libraries/DecaDuino/DecaDuino.cpp.o
                0x00000c68                DecaDuino::decodeUint64(unsigned char*)
 .text._ZN9DecaDuino12encodeUint64EyPh
                0x00000c8a       0x20 /tmp/arduino/sketches/E65DF7F019958BA2DB7ACD8165DBD9C2/libraries/DecaDuino/DecaDuino.cpp.o
                0x00000c8a                DecaDuino::encodeUint64(unsigned long long, unsigned char*)
 .text._ZN9DecaDuino14isTxPowerSmartEv
                0x00000caa       0x12 /tmp/arduino/sketches/E65DF7F019958BA2DB7ACD8165DBD9C2/libraries/DecaDuino/DecaDuino.cpp.o
                0x00000caa                DecaDuino::isTxPowerSmart()
 .text._ZN9DecaDuino31setManualTxPowerRawFullRegisterEm
                0x00000cbc       0x26 /tmp/arduino/sketches/E65DF7F019958BA2DB7ACD8165DBD9C2/libraries/DecaDuino/DecaDuino.cpp.o
                0x00000cbc                DecaDuino::setManualTxPowerRawFullRegister(unsigned long)
 .text._ZN9DecaDuino15isTxPowerManualEv
                0x00000ce2        0xe /tmp/arduino/sketches/E65DF7F019958BA2DB7ACD8165DBD9C2/libraries/DecaDuino/DecaDuino.cpp.o
                0x00000ce2                DecaDuino::isTxPowerManual()
 .text._ZN9DecaDuino18getLastTxTimestampEv
                0x00000cf0        0xa /tmp/arduino/sketches/E65DF7F019958BA2DB7ACD8165DBD9C2/libraries/DecaDuino/DecaDuino.cpp.o
                0x00000cf0                DecaDuino::getLastTxTimestamp()
 .text._ZN9DecaDuino18getLastRxTimestampEv
                0x00000cfa        0xa /tmp/arduino/sketches/E65DF7F019958BA2DB7ACD8165DBD9C2/libraries/DecaDuino/DecaDuino.cpp.o
                0x00000cfa                DecaDuino::getLastRxTimestamp()
 *fill*         0x00000d04        0x4 
 .text._ZN9DecaDuino17computeRxDurationEij
                0x00000d08      0x150 /tmp/arduino/sketches/E65DF7F019958BA2DB7ACD8165DBD9C2/libraries/DecaDuino/DecaDuino.cpp.o
                0x00000d08                DecaDuino::computeRxDuration(int, unsigned int)
 .text._ZN9DecaDuino6engineEv
                0x00000e58      0x2d8 /tmp/arduino/sketches/E65DF7F019958BA2DB7ACD8165DBD9C2/libraries/DecaDuino/DecaDuino.cpp.o
                0x00000e58                DecaDuino::engine()
 .text._ZN9DecaDuino7getEuidEv
                0x00001130       0x1a /tmp/arduino/sketches/E65DF7F019958BA2DB7ACD8165DBD9C2/libraries/DecaDuino/DecaDuino.cpp.o
                0x00001130                DecaDuino::getEuid()
 .text._ZN9DecaDuino23setShortAddressAndPanIdEm
                0x0000114a       0x1e /tmp/arduino/sketches/E65DF7F019958BA2DB7ACD8165DBD9C2/libraries/DecaDuino/DecaDuino.cpp.o
                0x0000114a                DecaDuino::setShortAddressAndPanId(unsigned long)
 .text._ZN9DecaDuino13getChannelRawEv
                0x00001168       0x1c /tmp/arduino/sketches/E65DF7F019958BA2DB7ACD8165DBD9C2/libraries/DecaDuino/DecaDuino.cpp.o
                0x00001168                DecaDuino::getChannelRaw()
 .text._ZN9DecaDuino10getChannelEv
                0x00001184        0xc /tmp/arduino/sketches/E65DF7F019958BA2DB7ACD8165DBD9C2/libraries/DecaDuino/DecaDuino.cpp.o
                0x00001184                DecaDuino::getChannel()
 .text._ZN9DecaDuino14getChanControlEv
                0x00001190        0x6 /tmp/arduino/sketches/E65DF7F019958BA2DB7ACD8165DBD9C2/libraries/DecaDuino/DecaDuino.cpp.o
                0x00001190                DecaDuino::getChanControl()
 .text._ZN9DecaDuino8getRxPrfEv
                0x00001196       0x1e /tmp/arduino/sketches/E65DF7F019958BA2DB7ACD8165DBD9C2/libraries/DecaDuino/DecaDuino.cpp.o
                0x00001196                DecaDuino::getRxPrf()
 .text._ZN9DecaDuino8getTxPrfEv
                0x000011b4       0x1e /tmp/arduino/sketches/E65DF7F019958BA2DB7ACD8165DBD9C2/libraries/DecaDuino/DecaDuino.cpp.o
                0x000011b4                DecaDuino::getTxPrf()
 *fill*         0x000011d2        0x2 
 .text._ZN9DecaDuino21writeSmartTxPowerConfEv
                0x000011d4       0x40 /tmp/arduino/sketches/E65DF7F019958BA2DB7ACD8165DBD9C2/libraries/DecaDuino/DecaDuino.cpp.o
                0x000011d4                DecaDuino::writeSmartTxPowerConf()
 .text._ZN9DecaDuino15setSmartTxPowerEb
                0x00001214       0x24 /tmp/arduino/sketches/E65DF7F019958BA2DB7ACD8165DBD9C2/libraries/DecaDuino/DecaDuino.cpp.o
                0x00001214                DecaDuino::setSmartTxPower(bool)
 .text._ZN9DecaDuino32writeRecommendedFixedTxPowerConfEv
                0x00001238       0x3c /tmp/arduino/sketches/E65DF7F019958BA2DB7ACD8165DBD9C2/libraries/DecaDuino/DecaDuino.cpp.o
                0x00001238                DecaDuino::writeRecommendedFixedTxPowerConf()
 .text._ZN9DecaDuino10getTxPcodeEv
                0x00001274        0xe /tmp/arduino/sketches/E65DF7F019958BA2DB7ACD8165DBD9C2/libraries/DecaDuino/DecaDuino.cpp.o
                0x00001274                DecaDuino::getTxPcode()
 .text._ZN9DecaDuino8setRxPACEh
                0x00001282       0xe6 /tmp/arduino/sketches/E65DF7F019958BA2DB7ACD8165DBD9C2/libraries/DecaDuino/DecaDuino.cpp.o
                0x00001282                DecaDuino::setRxPAC(unsigned char)
 .text._ZN9DecaDuino8setTxPrfEh
                0x00001368       0x5c /tmp/arduino/sketches/E65DF7F019958BA2DB7ACD8165DBD9C2/libraries/DecaDuino/DecaDuino.cpp.o
                0x00001368                DecaDuino::setTxPrf(unsigned char)
 .text._ZN9DecaDuino18recommendedPACSizeEt
                0x000013c4       0x1e /tmp/arduino/sketches/E65DF7F019958BA2DB7ACD8165DBD9C2/libraries/DecaDuino/DecaDuino.cpp.o
                0x000013c4                DecaDuino::recommendedPACSize(unsigned short)
 .text._ZN9DecaDuino10setTxPcodeEh
                0x000013e2       0x2a /tmp/arduino/sketches/E65DF7F019958BA2DB7ACD8165DBD9C2/libraries/DecaDuino/DecaDuino.cpp.o
                0x000013e2                DecaDuino::setTxPcode(unsigned char)
 .text._ZN9DecaDuino17getPreambleLengthEv
                0x0000140c       0x20 /tmp/arduino/sketches/E65DF7F019958BA2DB7ACD8165DBD9C2/libraries/DecaDuino/DecaDuino.cpp.o
                0x0000140c                DecaDuino::getPreambleLength()
 .text._ZN9DecaDuino8setRxPrfEh
                0x0000142c       0xac /tmp/arduino/sketches/E65DF7F019958BA2DB7ACD8165DBD9C2/libraries/DecaDuino/DecaDuino.cpp.o
                0x0000142c                DecaDuino::setRxPrf(unsigned char)
 .text._ZN9DecaDuino14getOTPXTalTrimEv
                0x000014d8       0x1e /tmp/arduino/sketches/E65DF7F019958BA2DB7ACD8165DBD9C2/libraries/DecaDuino/DecaDuino.cpp.o
                0x000014d8                DecaDuino::getOTPXTalTrim()
 .text._ZN9DecaDuino11setXTalTrimEh
                0x000014f6       0x22 /tmp/arduino/sketches/E65DF7F019958BA2DB7ACD8165DBD9C2/libraries/DecaDuino/DecaDuino.cpp.o
                0x000014f6                DecaDuino::setXTalTrim(unsigned char)
 .text._ZN9DecaDuino18setXTalTrimFromOTPEv
                0x00001518       0x14 /tmp/arduino/sketches/E65DF7F019958BA2DB7ACD8165DBD9C2/libraries/DecaDuino/DecaDuino.cpp.o
                0x00001518                DecaDuino::setXTalTrimFromOTP()
 .text._ZN9DecaDuino20getTXAntennaDelayRegEv
                0x0000152c       0x1e /tmp/arduino/sketches/E65DF7F019958BA2DB7ACD8165DBD9C2/libraries/DecaDuino/DecaDuino.cpp.o
                0x0000152c                DecaDuino::getTXAntennaDelayReg()
 *fill*         0x0000154a        0x2 
 .text._ZN9DecaDuino13pdDataRequestEPhtby
                0x0000154c       0x98 /tmp/arduino/sketches/E65DF7F019958BA2DB7ACD8165DBD9C2/libraries/DecaDuino/DecaDuino.cpp.o
                0x0000154c                DecaDuino::pdDataRequest(unsigned char*, unsigned short, bool, unsigned long long)
 .text._ZN9DecaDuino13pdDataRequestEPht
                0x000015e4       0x14 /tmp/arduino/sketches/E65DF7F019958BA2DB7ACD8165DBD9C2/libraries/DecaDuino/DecaDuino.cpp.o
                0x000015e4                DecaDuino::pdDataRequest(unsigned char*, unsigned short)
 .text._ZN9DecaDuino20setTXAntennaDelayRegEt
                0x000015f8       0x1c /tmp/arduino/sketches/E65DF7F019958BA2DB7ACD8165DBD9C2/libraries/DecaDuino/DecaDuino.cpp.o
                0x000015f8                DecaDuino::setTXAntennaDelayReg(unsigned short)
 .text._ZN9DecaDuino20setRXAntennaDelayRegEt
                0x00001614       0x22 /tmp/arduino/sketches/E65DF7F019958BA2DB7ACD8165DBD9C2/libraries/DecaDuino/DecaDuino.cpp.o
                0x00001614                DecaDuino::setRXAntennaDelayReg(unsigned short)
 .text._ZN9DecaDuino15setAntennaDelayEtb
                0x00001636       0x32 /tmp/arduino/sketches/E65DF7F019958BA2DB7ACD8165DBD9C2/libraries/DecaDuino/DecaDuino.cpp.o
                0x00001636                DecaDuino::setAntennaDelay(unsigned short, bool)
 .text._ZN9DecaDuino25setCalibratedAntennaDelayEv
                0x00001668       0x2c /tmp/arduino/sketches/E65DF7F019958BA2DB7ACD8165DBD9C2/libraries/DecaDuino/DecaDuino.cpp.o
                0x00001668                DecaDuino::setCalibratedAntennaDelay()
 .text._ZN9DecaDuino6setPrfEh
                0x00001694       0x4a /tmp/arduino/sketches/E65DF7F019958BA2DB7ACD8165DBD9C2/libraries/DecaDuino/DecaDuino.cpp.o
                0x00001694                DecaDuino::setPrf(unsigned char)
 .text._ZN9DecaDuino25useCalibratedAntennaDelayEv
                0x000016de        0xa /tmp/arduino/sketches/E65DF7F019958BA2DB7ACD8165DBD9C2/libraries/DecaDuino/DecaDuino.cpp.o
                0x000016de                DecaDuino::useCalibratedAntennaDelay()
 .text._ZN9DecaDuino13setSFD_LENGTHEh
                0x000016e8       0x1a /tmp/arduino/sketches/E65DF7F019958BA2DB7ACD8165DBD9C2/libraries/DecaDuino/DecaDuino.cpp.o
                0x000016e8                DecaDuino::setSFD_LENGTH(unsigned char)
 .text._ZN9DecaDuino13setSFDTimeoutEt
                0x00001702       0x20 /tmp/arduino/sketches/E65DF7F019958BA2DB7ACD8165DBD9C2/libraries/DecaDuino/DecaDuino.cpp.o
                0x00001702                DecaDuino::setSFDTimeout(unsigned short)
 .text._ZN9DecaDuino11getDataRateEv
                0x00001722       0x1e /tmp/arduino/sketches/E65DF7F019958BA2DB7ACD8165DBD9C2/libraries/DecaDuino/DecaDuino.cpp.o
                0x00001722                DecaDuino::getDataRate()
 .text._ZN9DecaDuino10setRxPcodeEh
                0x00001740       0x64 /tmp/arduino/sketches/E65DF7F019958BA2DB7ACD8165DBD9C2/libraries/DecaDuino/DecaDuino.cpp.o
                0x00001740                DecaDuino::setRxPcode(unsigned char)
 .text._ZN9DecaDuino8setPcodeEh
                0x000017a4       0x1a /tmp/arduino/sketches/E65DF7F019958BA2DB7ACD8165DBD9C2/libraries/DecaDuino/DecaDuino.cpp.o
                0x000017a4                DecaDuino::setPcode(unsigned char)
 *fill*         0x000017be        0x2 
 .text._ZN9DecaDuino10setChannelEh
                0x000017c0      0x1d8 /tmp/arduino/sketches/E65DF7F019958BA2DB7ACD8165DBD9C2/libraries/DecaDuino/DecaDuino.cpp.o
                0x000017c0                DecaDuino::setChannel(unsigned char)
 .text._ZN9DecaDuino17setPreambleLengthEi
                0x00001998      0x10c /tmp/arduino/sketches/E65DF7F019958BA2DB7ACD8165DBD9C2/libraries/DecaDuino/DecaDuino.cpp.o
                0x00001998                DecaDuino::setPreambleLength(int)
 .text._ZN9DecaDuino6setNTMEh
                0x00001aa4       0x42 /tmp/arduino/sketches/E65DF7F019958BA2DB7ACD8165DBD9C2/libraries/DecaDuino/DecaDuino.cpp.o
                0x00001aa4                DecaDuino::setNTM(unsigned char)
 .text._ZN9DecaDuino8setPMULTEh
                0x00001ae6       0x44 /tmp/arduino/sketches/E65DF7F019958BA2DB7ACD8165DBD9C2/libraries/DecaDuino/DecaDuino.cpp.o
                0x00001ae6                DecaDuino::setPMULT(unsigned char)
 *fill*         0x00001b2a        0x2 
 .text._ZN9DecaDuino14setStandardSFDEv
                0x00001b2c       0x3c /tmp/arduino/sketches/E65DF7F019958BA2DB7ACD8165DBD9C2/libraries/DecaDuino/DecaDuino.cpp.o
                0x00001b2c                DecaDuino::setStandardSFD()
 .text._ZN9DecaDuino14setDecaWaveSFDEv
                0x00001b68       0x82 /tmp/arduino/sketches/E65DF7F019958BA2DB7ACD8165DBD9C2/libraries/DecaDuino/DecaDuino.cpp.o
                0x00001b68                DecaDuino::setDecaWaveSFD()
 *fill*         0x00001bea        0x2 
 .text._ZN9DecaDuino11setDataRateE17dw1000_datarate_t
                0x00001bec       0xa0 /tmp/arduino/sketches/E65DF7F019958BA2DB7ACD8165DBD9C2/libraries/DecaDuino/DecaDuino.cpp.o
                0x00001bec                DecaDuino::setDataRate(dw1000_datarate_t)
 .text._ZN9DecaDuino18disableNLOSTuningsEv
                0x00001c8c       0x2a /tmp/arduino/sketches/E65DF7F019958BA2DB7ACD8165DBD9C2/libraries/DecaDuino/DecaDuino.cpp.o
                0x00001c8c                DecaDuino::disableNLOSTunings()
 .text._ZN9DecaDuino23setDefaultChannelConfigEv
                0x00001cb6       0x46 /tmp/arduino/sketches/E65DF7F019958BA2DB7ACD8165DBD9C2/libraries/DecaDuino/DecaDuino.cpp.o
                0x00001cb6                DecaDuino::setDefaultChannelConfig()
 .text._ZN9DecaDuino8getDevIDEv
                0x00001cfc        0x6 /tmp/arduino/sketches/E65DF7F019958BA2DB7ACD8165DBD9C2/libraries/DecaDuino/DecaDuino.cpp.o
                0x00001cfc                DecaDuino::getDevID()
 *fill*         0x00001d02        0x2 
 .text._ZN9DecaDuino4initEm
                0x00001d04      0x140 /tmp/arduino/sketches/E65DF7F019958BA2DB7ACD8165DBD9C2/libraries/DecaDuino/DecaDuino.cpp.o
                0x00001d04                DecaDuino::init(unsigned long)
 .text._ZN9DecaDuino4initEv
                0x00001e44        0x8 /tmp/arduino/sketches/E65DF7F019958BA2DB7ACD8165DBD9C2/libraries/DecaDuino/DecaDuino.cpp.o
                0x00001e44                DecaDuino::init()
 .text._write   0x00001e4c        0xc /tmp/arduino/sketches/E65DF7F019958BA2DB7ACD8165DBD9C2/libraries/printfToSerial/printfToSerial.cpp.o
                0x00001e4c                _write
 .text.__fpclassifyd
                0x00001e58       0x5c /home/sae512/.arduino15/packages/RMESS/tools/gcc-arm-none-eabi/5_2-2015q4/bin/../lib/gcc/arm-none-eabi/5.2.1/../../../../arm-none-eabi/lib/armv7e-m/fpu/libm.a(lib_a-s_fpclassify.o)
                0x00001e58                __fpclassifyd
 .text._ZN5Print5writeEPKhj
                0x00001eb4       0x2c /tmp/arduino/sketches/E65DF7F019958BA2DB7ACD8165DBD9C2/../../cores/RMESS_nRF5_DWM1001-DEV_softdevice_none_a3bb6c47e8a15569f3a1fd5e1f800b74/core.a(Print.cpp.o)
                0x00001eb4                Print::write(unsigned char const*, unsigned int)
 .text._ZN5Print5writeEPKc
                0x00001ee0       0x20 /tmp/arduino/sketches/E65DF7F019958BA2DB7ACD8165DBD9C2/../../cores/RMESS_nRF5_DWM1001-DEV_softdevice_none_a3bb6c47e8a15569f3a1fd5e1f800b74/core.a(Print.cpp.o)
                0x00001ee0                Print::write(char const*)
 .text._ZN5Print7printlnEv
                0x00001f00       0x10 /tmp/arduino/sketches/E65DF7F019958BA2DB7ACD8165DBD9C2/../../cores/RMESS_nRF5_DWM1001-DEV_softdevice_none_a3bb6c47e8a15569f3a1fd5e1f800b74/core.a(Print.cpp.o)
                0x00001f00                Print::println()
 .text._ZN5Print7printlnEPKc
                0x00001f10       0x14 /tmp/arduino/sketches/E65DF7F019958BA2DB7ACD8165DBD9C2/../../cores/RMESS_nRF5_DWM1001-DEV_softdevice_none_a3bb6c47e8a15569f3a1fd5e1f800b74/core.a(Print.cpp.o)
                0x00001f10                Print::println(char const*)
 .text          0x00001f24       0x3c /tmp/arduino/sketches/E65DF7F019958BA2DB7ACD8165DBD9C2/../../cores/RMESS_nRF5_DWM1001-DEV_softdevice_none_a3bb6c47e8a15569f3a1fd5e1f800b74/core.a(gcc_startup_nrf52.S.o)
                0x00001f24                Reset_Handler
                0x00001f4c                NMI_Handler
                0x00001f4e                HardFault_Handler
                0x00001f50                MemoryManagement_Handler
                0x00001f52                BusFault_Handler
                0x00001f54                UsageFault_Handler
                0x00001f56                SVC_Handler
                0x00001f58                DebugMon_Handler
                0x00001f5a                PendSV_Handler
                0x00001f5c                SysTick_Handler
                0x00001f5e                TIMER2_IRQHandler
                0x00001f5e                RTC0_IRQHandler
                0x00001f5e                SWI0_EGU0_IRQHandler
                0x00001f5e                SWI2_EGU2_IRQHandler
                0x00001f5e                PWM1_IRQHandler
                0x00001f5e                POWER_CLOCK_IRQHandler
                0x00001f5e                RADIO_IRQHandler
                0x00001f5e                PDM_IRQHandler
                0x00001f5e                TEMP_IRQHandler
                0x00001f5e                QDEC_IRQHandler
                0x00001f5e                TIMER3_IRQHandler
                0x00001f5e                FPU_IRQHandler
                0x00001f5e                SPIM0_SPIS0_TWIM0_TWIS0_SPI0_TWI0_IRQHandler
                0x00001f5e                TIMER4_IRQHandler
                0x00001f5e                I2S_IRQHandler
                0x00001f5e                SWI4_EGU4_IRQHandler
                0x00001f5e                TIMER0_IRQHandler
                0x00001f5e                TIMER1_IRQHandler
                0x00001f5e                PWM2_IRQHandler
                0x00001f5e                ECB_IRQHandler
                0x00001f5e                SPIM1_SPIS1_TWIM1_TWIS1_SPI1_TWI1_IRQHandler
                0x00001f5e                Default_Handler
                0x00001f5e                SAADC_IRQHandler
                0x00001f5e                CCM_AAR_IRQHandler
                0x00001f5e                WDT_IRQHandler
                0x00001f5e                SWI5_EGU5_IRQHandler
                0x00001f5e                RNG_IRQHandler
                0x00001f5e                RTC2_IRQHandler
                0x00001f5e                PWM0_IRQHandler
                0x00001f5e                SWI3_EGU3_IRQHandler
                0x00001f5e                SWI1_EGU1_IRQHandler
                0x00001f5e                SPIM2_SPIS2_SPI2_IRQHandler
                0x00001f5e                NFCT_IRQHandler
                0x00001f5e                MWU_IRQHandler
                0x00001f5e                COMP_LPCOMP_IRQHandler
 .text.nrf52_errata_57
                0x00001f60       0x2c /tmp/arduino/sketches/E65DF7F019958BA2DB7ACD8165DBD9C2/../../cores/RMESS_nRF5_DWM1001-DEV_softdevice_none_a3bb6c47e8a15569f3a1fd5e1f800b74/core.a(system_nrf52.c.o)
 .text.nrf52_errata_136
                0x00001f8c       0x1c /tmp/arduino/sketches/E65DF7F019958BA2DB7ACD8165DBD9C2/../../cores/RMESS_nRF5_DWM1001-DEV_softdevice_none_a3bb6c47e8a15569f3a1fd5e1f800b74/core.a(system_nrf52.c.o)
 .text.SystemInit
                0x00001fa8      0x1f0 /tmp/arduino/sketches/E65DF7F019958BA2DB7ACD8165DBD9C2/../../cores/RMESS_nRF5_DWM1001-DEV_softdevice_none_a3bb6c47e8a15569f3a1fd5e1f800b74/core.a(system_nrf52.c.o)
                0x00001fa8                SystemInit
 .text._ZN4UartcvbEv
                0x00002198        0x4 /tmp/arduino/sketches/E65DF7F019958BA2DB7ACD8165DBD9C2/../../cores/RMESS_nRF5_DWM1001-DEV_softdevice_none_a3bb6c47e8a15569f3a1fd5e1f800b74/core.a(Uart.cpp.o)
                0x00002198                Uart::operator bool()
 .text._ZN4Uart5beginEm
                0x0000219c        0x8 /tmp/arduino/sketches/E65DF7F019958BA2DB7ACD8165DBD9C2/../../cores/RMESS_nRF5_DWM1001-DEV_softdevice_none_a3bb6c47e8a15569f3a1fd5e1f800b74/core.a(Uart.cpp.o)
                0x0000219c                Uart::begin(unsigned long)
 .text._ZN4Uart5flushEv
                0x000021a4        0x2 /tmp/arduino/sketches/E65DF7F019958BA2DB7ACD8165DBD9C2/../../cores/RMESS_nRF5_DWM1001-DEV_softdevice_none_a3bb6c47e8a15569f3a1fd5e1f800b74/core.a(Uart.cpp.o)
                0x000021a4                Uart::flush()
 .text._ZN4Uart5writeEh
                0x000021a6       0x18 /tmp/arduino/sketches/E65DF7F019958BA2DB7ACD8165DBD9C2/../../cores/RMESS_nRF5_DWM1001-DEV_softdevice_none_a3bb6c47e8a15569f3a1fd5e1f800b74/core.a(Uart.cpp.o)
                0x000021a6                Uart::write(unsigned char)
 *fill*         0x000021be        0x2 
 .text._ZN4Uart3endEv
                0x000021c0       0x50 /tmp/arduino/sketches/E65DF7F019958BA2DB7ACD8165DBD9C2/../../cores/RMESS_nRF5_DWM1001-DEV_softdevice_none_a3bb6c47e8a15569f3a1fd5e1f800b74/core.a(Uart.cpp.o)
                0x000021c0                Uart::end()
 .text._ZN4Uart9availableEv
                0x00002210        0x6 /tmp/arduino/sketches/E65DF7F019958BA2DB7ACD8165DBD9C2/../../cores/RMESS_nRF5_DWM1001-DEV_softdevice_none_a3bb6c47e8a15569f3a1fd5e1f800b74/core.a(Uart.cpp.o)
                0x00002210                Uart::available()
 .text._ZN4Uart4peekEv
                0x00002216        0x6 /tmp/arduino/sketches/E65DF7F019958BA2DB7ACD8165DBD9C2/../../cores/RMESS_nRF5_DWM1001-DEV_softdevice_none_a3bb6c47e8a15569f3a1fd5e1f800b74/core.a(Uart.cpp.o)
                0x00002216                Uart::peek()
 .text._ZN4Uart4readEv
                0x0000221c        0x6 /tmp/arduino/sketches/E65DF7F019958BA2DB7ACD8165DBD9C2/../../cores/RMESS_nRF5_DWM1001-DEV_softdevice_none_a3bb6c47e8a15569f3a1fd5e1f800b74/core.a(Uart.cpp.o)
                0x0000221c                Uart::read()
 *fill*         0x00002222        0x2 
 .text._ZN4Uart5beginEmt
                0x00002224      0x174 /tmp/arduino/sketches/E65DF7F019958BA2DB7ACD8165DBD9C2/../../cores/RMESS_nRF5_DWM1001-DEV_softdevice_none_a3bb6c47e8a15569f3a1fd5e1f800b74/core.a(Uart.cpp.o)
                0x00002224                Uart::begin(unsigned long, unsigned short)
 .text._ZN4UartC2EP13NRF_UART_Type9IRQn_Typehh
                0x00002398       0x50 /tmp/arduino/sketches/E65DF7F019958BA2DB7ACD8165DBD9C2/../../cores/RMESS_nRF5_DWM1001-DEV_softdevice_none_a3bb6c47e8a15569f3a1fd5e1f800b74/core.a(Uart.cpp.o)
                0x00002398                Uart::Uart(NRF_UART_Type*, IRQn_Type, unsigned char, unsigned char)
                0x00002398                Uart::Uart(NRF_UART_Type*, IRQn_Type, unsigned char, unsigned char)
 .text._ZN4Uart10IrqHandlerEv
                0x000023e8       0x22 /tmp/arduino/sketches/E65DF7F019958BA2DB7ACD8165DBD9C2/../../cores/RMESS_nRF5_DWM1001-DEV_softdevice_none_a3bb6c47e8a15569f3a1fd5e1f800b74/core.a(Uart.cpp.o)
                0x000023e8                Uart::IrqHandler()
 *fill*         0x0000240a        0x2 
 .text.UARTE0_UART0_IRQHandler
                0x0000240c        0xc /tmp/arduino/sketches/E65DF7F019958BA2DB7ACD8165DBD9C2/../../cores/RMESS_nRF5_DWM1001-DEV_softdevice_none_a3bb6c47e8a15569f3a1fd5e1f800b74/core.a(Uart.cpp.o)
                0x0000240c                UARTE0_UART0_IRQHandler
 .text.startup._GLOBAL__sub_I__ZN4UartC2EP13NRF_UART_Type9IRQn_Typehh
                0x00002418       0x20 /tmp/arduino/sketches/E65DF7F019958BA2DB7ACD8165DBD9C2/../../cores/RMESS_nRF5_DWM1001-DEV_softdevice_none_a3bb6c47e8a15569f3a1fd5e1f800b74/core.a(Uart.cpp.o)
 .text.attachInterrupt
                0x00002438       0xd8 /tmp/arduino/sketches/E65DF7F019958BA2DB7ACD8165DBD9C2/../../cores/RMESS_nRF5_DWM1001-DEV_softdevice_none_a3bb6c47e8a15569f3a1fd5e1f800b74/core.a(WInterrupts.c.o)
                0x00002438                attachInterrupt
 .text.GPIOTE_IRQHandler
                0x00002510       0x5c /tmp/arduino/sketches/E65DF7F019958BA2DB7ACD8165DBD9C2/../../cores/RMESS_nRF5_DWM1001-DEV_softdevice_none_a3bb6c47e8a15569f3a1fd5e1f800b74/core.a(WInterrupts.c.o)
                0x00002510                GPIOTE_IRQHandler
 .text.millis   0x0000256c       0x30 /tmp/arduino/sketches/E65DF7F019958BA2DB7ACD8165DBD9C2/../../cores/RMESS_nRF5_DWM1001-DEV_softdevice_none_a3bb6c47e8a15569f3a1fd5e1f800b74/core.a(delay.c.o)
                0x0000256c                millis
 .text.delay    0x0000259c       0x1c /tmp/arduino/sketches/E65DF7F019958BA2DB7ACD8165DBD9C2/../../cores/RMESS_nRF5_DWM1001-DEV_softdevice_none_a3bb6c47e8a15569f3a1fd5e1f800b74/core.a(delay.c.o)
                0x0000259c                delay
 .text.RTC1_IRQHandler
                0x000025b8       0x28 /tmp/arduino/sketches/E65DF7F019958BA2DB7ACD8165DBD9C2/../../cores/RMESS_nRF5_DWM1001-DEV_softdevice_none_a3bb6c47e8a15569f3a1fd5e1f800b74/core.a(delay.c.o)
                0x000025b8                RTC1_IRQHandler
 .text.__empty  0x000025e0        0x2 /tmp/arduino/sketches/E65DF7F019958BA2DB7ACD8165DBD9C2/../../cores/RMESS_nRF5_DWM1001-DEV_softdevice_none_a3bb6c47e8a15569f3a1fd5e1f800b74/core.a(hooks.c.o)
                0x000025e0                yield
 .text._Z11initVariantv
                0x000025e2        0x2 /tmp/arduino/sketches/E65DF7F019958BA2DB7ACD8165DBD9C2/../../cores/RMESS_nRF5_DWM1001-DEV_softdevice_none_a3bb6c47e8a15569f3a1fd5e1f800b74/core.a(main.cpp.o)
                0x000025e2                initVariant()
 .text.startup.main
                0x000025e4       0x28 /tmp/arduino/sketches/E65DF7F019958BA2DB7ACD8165DBD9C2/../../cores/RMESS_nRF5_DWM1001-DEV_softdevice_none_a3bb6c47e8a15569f3a1fd5e1f800b74/core.a(main.cpp.o)
                0x000025e4                main
 .text.init     0x0000260c       0xbc /tmp/arduino/sketches/E65DF7F019958BA2DB7ACD8165DBD9C2/../../cores/RMESS_nRF5_DWM1001-DEV_softdevice_none_a3bb6c47e8a15569f3a1fd5e1f800b74/core.a(wiring.c.o)
                0x0000260c                init
 .text.pinMode  0x000026c8       0x44 /tmp/arduino/sketches/E65DF7F019958BA2DB7ACD8165DBD9C2/../../cores/RMESS_nRF5_DWM1001-DEV_softdevice_none_a3bb6c47e8a15569f3a1fd5e1f800b74/core.a(wiring_digital.c.o)
                0x000026c8                pinMode
 .text.digitalWrite
                0x0000270c       0x24 /tmp/arduino/sketches/E65DF7F019958BA2DB7ACD8165DBD9C2/../../cores/RMESS_nRF5_DWM1001-DEV_softdevice_none_a3bb6c47e8a15569f3a1fd5e1f800b74/core.a(wiring_digital.c.o)
                0x0000270c                digitalWrite
 .text._ZN10RingBufferC2Ev
                0x00002730       0x16 /tmp/arduino/sketches/E65DF7F019958BA2DB7ACD8165DBD9C2/../../cores/RMESS_nRF5_DWM1001-DEV_softdevice_none_a3bb6c47e8a15569f3a1fd5e1f800b74/core.a(RingBuffer.cpp.o)
                0x00002730                RingBuffer::RingBuffer()
                0x00002730                RingBuffer::RingBuffer()
 .text._ZN10RingBuffer10store_charEh
                0x00002746       0x16 /tmp/arduino/sketches/E65DF7F019958BA2DB7ACD8165DBD9C2/../../cores/RMESS_nRF5_DWM1001-DEV_softdevice_none_a3bb6c47e8a15569f3a1fd5e1f800b74/core.a(RingBuffer.cpp.o)
                0x00002746                RingBuffer::store_char(unsigned char)
 .text._ZN10RingBuffer5clearEv
                0x0000275c        0x8 /tmp/arduino/sketches/E65DF7F019958BA2DB7ACD8165DBD9C2/../../cores/RMESS_nRF5_DWM1001-DEV_softdevice_none_a3bb6c47e8a15569f3a1fd5e1f800b74/core.a(RingBuffer.cpp.o)
                0x0000275c                RingBuffer::clear()
 .text._ZN10RingBuffer9read_charEv
                0x00002764       0x1c /tmp/arduino/sketches/E65DF7F019958BA2DB7ACD8165DBD9C2/../../cores/RMESS_nRF5_DWM1001-DEV_softdevice_none_a3bb6c47e8a15569f3a1fd5e1f800b74/core.a(RingBuffer.cpp.o)
                0x00002764                RingBuffer::read_char()
 .text._ZN10RingBuffer9availableEv
                0x00002780        0xc /tmp/arduino/sketches/E65DF7F019958BA2DB7ACD8165DBD9C2/../../cores/RMESS_nRF5_DWM1001-DEV_softdevice_none_a3bb6c47e8a15569f3a1fd5e1f800b74/core.a(RingBuffer.cpp.o)
                0x00002780                RingBuffer::available()
 .text._ZN10RingBuffer4peekEv
                0x0000278c       0x10 /tmp/arduino/sketches/E65DF7F019958BA2DB7ACD8165DBD9C2/../../cores/RMESS_nRF5_DWM1001-DEV_softdevice_none_a3bb6c47e8a15569f3a1fd5e1f800b74/core.a(RingBuffer.cpp.o)
                0x0000278c                RingBuffer::peek()
 .text          0x0000279c      0x370 /home/sae512/.arduino15/packages/RMESS/tools/gcc-arm-none-eabi/5_2-2015q4/bin/../lib/gcc/arm-none-eabi/5.2.1/armv7e-m/fpu/libgcc.a(_arm_addsubdf3.o)
                0x0000279c                __aeabi_drsub
                0x000027a4                __aeabi_dsub
                0x000027a4                __subdf3
                0x000027a8                __adddf3
                0x000027a8                __aeabi_dadd
                0x00002a20                __aeabi_ui2d
                0x00002a20                __floatunsidf
                0x00002a40                __floatsidf
                0x00002a40                __aeabi_i2d
                0x00002a64                __extendsfdf2
                0x00002a64                __aeabi_f2d
                0x00002aa0                __aeabi_ul2d
                0x00002aa0                __floatundidf
                0x00002ab0                __floatdidf
                0x00002ab0                __aeabi_l2d
 .text          0x00002b0c      0x424 /home/sae512/.arduino15/packages/RMESS/tools/gcc-arm-none-eabi/5_2-2015q4/bin/../lib/gcc/arm-none-eabi/5.2.1/armv7e-m/fpu/libgcc.a(_arm_muldivdf3.o)
                0x00002b0c                __aeabi_dmul
                0x00002b0c                __muldf3
                0x00002d60                __aeabi_ddiv
                0x00002d60                __divdf3
 .text          0x00002f30      0x110 /home/sae512/.arduino15/packages/RMESS/tools/gcc-arm-none-eabi/5_2-2015q4/bin/../lib/gcc/arm-none-eabi/5.2.1/armv7e-m/fpu/libgcc.a(_arm_cmpdf2.o)
                0x00002f30                __gtdf2
                0x00002f30                __gedf2
                0x00002f38                __ltdf2
                0x00002f38                __ledf2
                0x00002f40                __cmpdf2
                0x00002f40                __eqdf2
                0x00002f40                __nedf2
                0x00002fbc                __aeabi_cdrcmple
                0x00002fcc                __aeabi_cdcmple
                0x00002fcc                __aeabi_cdcmpeq
                0x00002fdc                __aeabi_dcmpeq
                0x00002ff0                __aeabi_dcmplt
                0x00003004                __aeabi_dcmple
                0x00003018                __aeabi_dcmpge
                0x0000302c                __aeabi_dcmpgt
 .text          0x00003040       0x50 /home/sae512/.arduino15/packages/RMESS/tools/gcc-arm-none-eabi/5_2-2015q4/bin/../lib/gcc/arm-none-eabi/5.2.1/armv7e-m/fpu/libgcc.a(_arm_fixdfsi.o)
                0x00003040                __fixdfsi
                0x00003040                __aeabi_d2iz
 .text          0x00003090       0xa0 /home/sae512/.arduino15/packages/RMESS/tools/gcc-arm-none-eabi/5_2-2015q4/bin/../lib/gcc/arm-none-eabi/5.2.1/armv7e-m/fpu/libgcc.a(_arm_truncdfsf2.o)
                0x00003090                __aeabi_d2f
                0x00003090                __truncdfsf2
 .text.__assert_func
                0x00003130       0x3c /home/sae512/.arduino15/packages/RMESS/tools/gcc-arm-none-eabi/5_2-2015q4/bin/../lib/gcc/arm-none-eabi/5.2.1/../../../../arm-none-eabi/lib/armv7e-m/fpu/libc_nano.a(lib_a-assert.o)
                0x00003130                __assert_func
 .text.exit     0x0000316c       0x28 /home/sae512/.arduino15/packages/RMESS/tools/gcc-arm-none-eabi/5_2-2015q4/bin/../lib/gcc/arm-none-eabi/5.2.1/../../../../arm-none-eabi/lib/armv7e-m/fpu/libc_nano.a(lib_a-exit.o)
                0x0000316c                exit
 .text.fprintf  0x00003194       0x24 /home/sae512/.arduino15/packages/RMESS/tools/gcc-arm-none-eabi/5_2-2015q4/bin/../lib/gcc/arm-none-eabi/5.2.1/../../../../arm-none-eabi/lib/armv7e-m/fpu/libc_nano.a(lib_a-fprintf.o)
                0x00003194                fprintf
                0x00003194                fiprintf
 .text.__libc_init_array
                0x000031b8       0x4c /home/sae512/.arduino15/packages/RMESS/tools/gcc-arm-none-eabi/5_2-2015q4/bin/../lib/gcc/arm-none-eabi/5.2.1/../../../../arm-none-eabi/lib/armv7e-m/fpu/libc_nano.a(lib_a-init.o)
                0x000031b8                __libc_init_array
 .text.memset   0x00003204       0x10 /home/sae512/.arduino15/packages/RMESS/tools/gcc-arm-none-eabi/5_2-2015q4/bin/../lib/gcc/arm-none-eabi/5.2.1/../../../../arm-none-eabi/lib/armv7e-m/fpu/libc_nano.a(lib_a-memset.o)
                0x00003204                memset
 .text.__sfputc_r
                0x00003214       0x30 /home/sae512/.arduino15/packages/RMESS/tools/gcc-arm-none-eabi/5_2-2015q4/bin/../lib/gcc/arm-none-eabi/5.2.1/../../../../arm-none-eabi/lib/armv7e-m/fpu/libc_nano.a(lib_a-nano-vfprintf.o)
 .text.__sfputs_r
                0x00003244       0x24 /home/sae512/.arduino15/packages/RMESS/tools/gcc-arm-none-eabi/5_2-2015q4/bin/../lib/gcc/arm-none-eabi/5.2.1/../../../../arm-none-eabi/lib/armv7e-m/fpu/libc_nano.a(lib_a-nano-vfprintf.o)
                0x00003244                __sfputs_r
 .text._vfprintf_r
                0x00003268      0x238 /home/sae512/.arduino15/packages/RMESS/tools/gcc-arm-none-eabi/5_2-2015q4/bin/../lib/gcc/arm-none-eabi/5.2.1/../../../../arm-none-eabi/lib/armv7e-m/fpu/libc_nano.a(lib_a-nano-vfprintf.o)
                0x00003268                _vfiprintf_r
                0x00003268                _vfprintf_r
 .text.__cvt    0x000034a0       0xc8 /home/sae512/.arduino15/packages/RMESS/tools/gcc-arm-none-eabi/5_2-2015q4/bin/../lib/gcc/arm-none-eabi/5.2.1/../../../../arm-none-eabi/lib/armv7e-m/fpu/libc_nano.a(lib_a-nano-vfprintf_float.o)
                0x000034a0                __cvt
 .text.__exponent
                0x00003568       0x60 /home/sae512/.arduino15/packages/RMESS/tools/gcc-arm-none-eabi/5_2-2015q4/bin/../lib/gcc/arm-none-eabi/5.2.1/../../../../arm-none-eabi/lib/armv7e-m/fpu/libc_nano.a(lib_a-nano-vfprintf_float.o)
                0x00003568                __exponent
 .text._printf_float
                0x000035c8      0x454 /home/sae512/.arduino15/packages/RMESS/tools/gcc-arm-none-eabi/5_2-2015q4/bin/../lib/gcc/arm-none-eabi/5.2.1/../../../../arm-none-eabi/lib/armv7e-m/fpu/libc_nano.a(lib_a-nano-vfprintf_float.o)
                0x000035c8                _printf_float
 .text._printf_common
                0x00003a1c       0xec /home/sae512/.arduino15/packages/RMESS/tools/gcc-arm-none-eabi/5_2-2015q4/bin/../lib/gcc/arm-none-eabi/5.2.1/../../../../arm-none-eabi/lib/armv7e-m/fpu/libc_nano.a(lib_a-nano-vfprintf_i.o)
                0x00003a1c                _printf_common
 .text._printf_i
                0x00003b08      0x24c /home/sae512/.arduino15/packages/RMESS/tools/gcc-arm-none-eabi/5_2-2015q4/bin/../lib/gcc/arm-none-eabi/5.2.1/../../../../arm-none-eabi/lib/armv7e-m/fpu/libc_nano.a(lib_a-nano-vfprintf_i.o)
                0x00003b08                _printf_i
 .text          0x00003d54       0x10 /home/sae512/.arduino15/packages/RMESS/tools/gcc-arm-none-eabi/5_2-2015q4/bin/../lib/gcc/arm-none-eabi/5.2.1/../../../../arm-none-eabi/lib/armv7e-m/fpu/libc_nano.a(lib_a-strlen.o)
                0x00003d54                strlen
 .text.__swbuf_r
                0x00003d64       0xa8 /home/sae512/.arduino15/packages/RMESS/tools/gcc-arm-none-eabi/5_2-2015q4/bin/../lib/gcc/arm-none-eabi/5.2.1/../../../../arm-none-eabi/lib/armv7e-m/fpu/libc_nano.a(lib_a-wbuf.o)
                0x00003d64                __swbuf_r
 .text.__swsetup_r
                0x00003e0c       0xd8 /home/sae512/.arduino15/packages/RMESS/tools/gcc-arm-none-eabi/5_2-2015q4/bin/../lib/gcc/arm-none-eabi/5.2.1/../../../../arm-none-eabi/lib/armv7e-m/fpu/libc_nano.a(lib_a-wsetup.o)
                0x00003e0c                __swsetup_r
 .text.abort    0x00003ee4        0xe /home/sae512/.arduino15/packages/RMESS/tools/gcc-arm-none-eabi/5_2-2015q4/bin/../lib/gcc/arm-none-eabi/5.2.1/../../../../arm-none-eabi/lib/armv7e-m/fpu/libc_nano.a(lib_a-abort.o)
                0x00003ee4                abort
 .text.quorem   0x00003ef2      0x11e /home/sae512/.arduino15/packages/RMESS/tools/gcc-arm-none-eabi/5_2-2015q4/bin/../lib/gcc/arm-none-eabi/5.2.1/../../../../arm-none-eabi/lib/armv7e-m/fpu/libc_nano.a(lib_a-dtoa.o)
 .text._dtoa_r  0x00004010      0xb40 /home/sae512/.arduino15/packages/RMESS/tools/gcc-arm-none-eabi/5_2-2015q4/bin/../lib/gcc/arm-none-eabi/5.2.1/../../../../arm-none-eabi/lib/armv7e-m/fpu/libc_nano.a(lib_a-dtoa.o)
                0x00004010                _dtoa_r
 .text.__sflush_r
                0x00004b50      0x110 /home/sae512/.arduino15/packages/RMESS/tools/gcc-arm-none-eabi/5_2-2015q4/bin/../lib/gcc/arm-none-eabi/5.2.1/../../../../arm-none-eabi/lib/armv7e-m/fpu/libc_nano.a(lib_a-fflush.o)
                0x00004b50                __sflush_r
 .text._fflush_r
                0x00004c60       0x54 /home/sae512/.arduino15/packages/RMESS/tools/gcc-arm-none-eabi/5_2-2015q4/bin/../lib/gcc/arm-none-eabi/5.2.1/../../../../arm-none-eabi/lib/armv7e-m/fpu/libc_nano.a(lib_a-fflush.o)
                0x00004c60                _fflush_r
 .text._cleanup_r
                0x00004cb4        0xc /home/sae512/.arduino15/packages/RMESS/tools/gcc-arm-none-eabi/5_2-2015q4/bin/../lib/gcc/arm-none-eabi/5.2.1/../../../../arm-none-eabi/lib/armv7e-m/fpu/libc_nano.a(lib_a-findfp.o)
                0x00004cb4                _cleanup_r
 .text.std.isra.0
                0x00004cc0       0x48 /home/sae512/.arduino15/packages/RMESS/tools/gcc-arm-none-eabi/5_2-2015q4/bin/../lib/gcc/arm-none-eabi/5.2.1/../../../../arm-none-eabi/lib/armv7e-m/fpu/libc_nano.a(lib_a-findfp.o)
 .text.__sfmoreglue
                0x00004d08       0x2c /home/sae512/.arduino15/packages/RMESS/tools/gcc-arm-none-eabi/5_2-2015q4/bin/../lib/gcc/arm-none-eabi/5.2.1/../../../../arm-none-eabi/lib/armv7e-m/fpu/libc_nano.a(lib_a-findfp.o)
                0x00004d08                __sfmoreglue
 .text.__sinit  0x00004d34       0x60 /home/sae512/.arduino15/packages/RMESS/tools/gcc-arm-none-eabi/5_2-2015q4/bin/../lib/gcc/arm-none-eabi/5.2.1/../../../../arm-none-eabi/lib/armv7e-m/fpu/libc_nano.a(lib_a-findfp.o)
                0x00004d34                __sinit
 .text.__sfp    0x00004d94       0x78 /home/sae512/.arduino15/packages/RMESS/tools/gcc-arm-none-eabi/5_2-2015q4/bin/../lib/gcc/arm-none-eabi/5.2.1/../../../../arm-none-eabi/lib/armv7e-m/fpu/libc_nano.a(lib_a-findfp.o)
                0x00004d94                __sfp
 .text._fwalk_reent
                0x00004e0c       0x3c /home/sae512/.arduino15/packages/RMESS/tools/gcc-arm-none-eabi/5_2-2015q4/bin/../lib/gcc/arm-none-eabi/5.2.1/../../../../arm-none-eabi/lib/armv7e-m/fpu/libc_nano.a(lib_a-fwalk.o)
                0x00004e0c                _fwalk_reent
 .text._localeconv_r
                0x00004e48        0x8 /home/sae512/.arduino15/packages/RMESS/tools/gcc-arm-none-eabi/5_2-2015q4/bin/../lib/gcc/arm-none-eabi/5.2.1/../../../../arm-none-eabi/lib/armv7e-m/fpu/libc_nano.a(lib_a-locale.o)
                0x00004e48                _localeconv_r
 .text.__smakebuf_r
                0x00004e50       0x9c /home/sae512/.arduino15/packages/RMESS/tools/gcc-arm-none-eabi/5_2-2015q4/bin/../lib/gcc/arm-none-eabi/5.2.1/../../../../arm-none-eabi/lib/armv7e-m/fpu/libc_nano.a(lib_a-makebuf.o)
                0x00004e50                __smakebuf_r
 .text.malloc   0x00004eec       0x10 /home/sae512/.arduino15/packages/RMESS/tools/gcc-arm-none-eabi/5_2-2015q4/bin/../lib/gcc/arm-none-eabi/5.2.1/../../../../arm-none-eabi/lib/armv7e-m/fpu/libc_nano.a(lib_a-malloc.o)
                0x00004eec                malloc
 *fill*         0x00004efc        0x4 
 .text          0x00004f00       0xa0 /home/sae512/.arduino15/packages/RMESS/tools/gcc-arm-none-eabi/5_2-2015q4/bin/../lib/gcc/arm-none-eabi/5.2.1/../../../../arm-none-eabi/lib/armv7e-m/fpu/libc_nano.a(lib_a-memchr.o)
                0x00004f00                memchr
 .text.memcpy   0x00004fa0       0x16 /home/sae512/.arduino15/packages/RMESS/tools/gcc-arm-none-eabi/5_2-2015q4/bin/../lib/gcc/arm-none-eabi/5.2.1/../../../../arm-none-eabi/lib/armv7e-m/fpu/libc_nano.a(lib_a-memcpy-stub.o)
                0x00004fa0                memcpy
 .text._Balloc  0x00004fb6       0x6a /home/sae512/.arduino15/packages/RMESS/tools/gcc-arm-none-eabi/5_2-2015q4/bin/../lib/gcc/arm-none-eabi/5.2.1/../../../../arm-none-eabi/lib/armv7e-m/fpu/libc_nano.a(lib_a-mprec.o)
                0x00004fb6                _Balloc
 .text._Bfree   0x00005020       0x2e /home/sae512/.arduino15/packages/RMESS/tools/gcc-arm-none-eabi/5_2-2015q4/bin/../lib/gcc/arm-none-eabi/5.2.1/../../../../arm-none-eabi/lib/armv7e-m/fpu/libc_nano.a(lib_a-mprec.o)
                0x00005020                _Bfree
 .text.__multadd
                0x0000504e       0x76 /home/sae512/.arduino15/packages/RMESS/tools/gcc-arm-none-eabi/5_2-2015q4/bin/../lib/gcc/arm-none-eabi/5.2.1/../../../../arm-none-eabi/lib/armv7e-m/fpu/libc_nano.a(lib_a-mprec.o)
                0x0000504e                __multadd
 .text.__hi0bits
                0x000050c4       0x40 /home/sae512/.arduino15/packages/RMESS/tools/gcc-arm-none-eabi/5_2-2015q4/bin/../lib/gcc/arm-none-eabi/5.2.1/../../../../arm-none-eabi/lib/armv7e-m/fpu/libc_nano.a(lib_a-mprec.o)
                0x000050c4                __hi0bits
 .text.__lo0bits
                0x00005104       0x5a /home/sae512/.arduino15/packages/RMESS/tools/gcc-arm-none-eabi/5_2-2015q4/bin/../lib/gcc/arm-none-eabi/5.2.1/../../../../arm-none-eabi/lib/armv7e-m/fpu/libc_nano.a(lib_a-mprec.o)
                0x00005104                __lo0bits
 .text.__i2b    0x0000515e       0x12 /home/sae512/.arduino15/packages/RMESS/tools/gcc-arm-none-eabi/5_2-2015q4/bin/../lib/gcc/arm-none-eabi/5.2.1/../../../../arm-none-eabi/lib/armv7e-m/fpu/libc_nano.a(lib_a-mprec.o)
                0x0000515e                __i2b
 .text.__multiply
                0x00005170      0x122 /home/sae512/.arduino15/packages/RMESS/tools/gcc-arm-none-eabi/5_2-2015q4/bin/../lib/gcc/arm-none-eabi/5.2.1/../../../../arm-none-eabi/lib/armv7e-m/fpu/libc_nano.a(lib_a-mprec.o)
                0x00005170                __multiply
 *fill*         0x00005292        0x2 
 .text.__pow5mult
                0x00005294       0x9c /home/sae512/.arduino15/packages/RMESS/tools/gcc-arm-none-eabi/5_2-2015q4/bin/../lib/gcc/arm-none-eabi/5.2.1/../../../../arm-none-eabi/lib/armv7e-m/fpu/libc_nano.a(lib_a-mprec.o)
                0x00005294                __pow5mult
 .text.__lshift
                0x00005330       0xa2 /home/sae512/.arduino15/packages/RMESS/tools/gcc-arm-none-eabi/5_2-2015q4/bin/../lib/gcc/arm-none-eabi/5.2.1/../../../../arm-none-eabi/lib/armv7e-m/fpu/libc_nano.a(lib_a-mprec.o)
                0x00005330                __lshift
 .text.__mcmp   0x000053d2       0x38 /home/sae512/.arduino15/packages/RMESS/tools/gcc-arm-none-eabi/5_2-2015q4/bin/../lib/gcc/arm-none-eabi/5.2.1/../../../../arm-none-eabi/lib/armv7e-m/fpu/libc_nano.a(lib_a-mprec.o)
                0x000053d2                __mcmp
 .text.__mdiff  0x0000540a       0xbe /home/sae512/.arduino15/packages/RMESS/tools/gcc-arm-none-eabi/5_2-2015q4/bin/../lib/gcc/arm-none-eabi/5.2.1/../../../../arm-none-eabi/lib/armv7e-m/fpu/libc_nano.a(lib_a-mprec.o)
                0x0000540a                __mdiff
 .text.__d2b    0x000054c8       0x9c /home/sae512/.arduino15/packages/RMESS/tools/gcc-arm-none-eabi/5_2-2015q4/bin/../lib/gcc/arm-none-eabi/5.2.1/../../../../arm-none-eabi/lib/armv7e-m/fpu/libc_nano.a(lib_a-mprec.o)
                0x000054c8                __d2b
 .text._calloc_r
                0x00005564       0x1c /home/sae512/.arduino15/packages/RMESS/tools/gcc-arm-none-eabi/5_2-2015q4/bin/../lib/gcc/arm-none-eabi/5.2.1/../../../../arm-none-eabi/lib/armv7e-m/fpu/libc_nano.a(lib_a-nano-callocr.o)
                0x00005564                _calloc_r
 .text._free_r  0x00005580       0x8c /home/sae512/.arduino15/packages/RMESS/tools/gcc-arm-none-eabi/5_2-2015q4/bin/../lib/gcc/arm-none-eabi/5.2.1/../../../../arm-none-eabi/lib/armv7e-m/fpu/libc_nano.a(lib_a-nano-freer.o)
                0x00005580                _free_r
 .text._malloc_r
                0x0000560c       0xa8 /home/sae512/.arduino15/packages/RMESS/tools/gcc-arm-none-eabi/5_2-2015q4/bin/../lib/gcc/arm-none-eabi/5.2.1/../../../../arm-none-eabi/lib/armv7e-m/fpu/libc_nano.a(lib_a-nano-mallocr.o)
                0x0000560c                _malloc_r
 .text._sbrk_r  0x000056b4       0x20 /home/sae512/.arduino15/packages/RMESS/tools/gcc-arm-none-eabi/5_2-2015q4/bin/../lib/gcc/arm-none-eabi/5.2.1/../../../../arm-none-eabi/lib/armv7e-m/fpu/libc_nano.a(lib_a-sbrkr.o)
                0x000056b4                _sbrk_r
 .text._raise_r
                0x000056d4       0x54 /home/sae512/.arduino15/packages/RMESS/tools/gcc-arm-none-eabi/5_2-2015q4/bin/../lib/gcc/arm-none-eabi/5.2.1/../../../../arm-none-eabi/lib/armv7e-m/fpu/libc_nano.a(lib_a-signal.o)
                0x000056d4                _raise_r
 .text.raise    0x00005728       0x10 /home/sae512/.arduino15/packages/RMESS/tools/gcc-arm-none-eabi/5_2-2015q4/bin/../lib/gcc/arm-none-eabi/5.2.1/../../../../arm-none-eabi/lib/armv7e-m/fpu/libc_nano.a(lib_a-signal.o)
                0x00005728                raise
 .text._kill_r  0x00005738       0x24 /home/sae512/.arduino15/packages/RMESS/tools/gcc-arm-none-eabi/5_2-2015q4/bin/../lib/gcc/arm-none-eabi/5.2.1/../../../../arm-none-eabi/lib/armv7e-m/fpu/libc_nano.a(lib_a-signalr.o)
                0x00005738                _kill_r
 .text._getpid_r
                0x0000575c        0x4 /home/sae512/.arduino15/packages/RMESS/tools/gcc-arm-none-eabi/5_2-2015q4/bin/../lib/gcc/arm-none-eabi/5.2.1/../../../../arm-none-eabi/lib/armv7e-m/fpu/libc_nano.a(lib_a-signalr.o)
                0x0000575c                _getpid_r
 .text.__sread  0x00005760       0x22 /home/sae512/.arduino15/packages/RMESS/tools/gcc-arm-none-eabi/5_2-2015q4/bin/../lib/gcc/arm-none-eabi/5.2.1/../../../../arm-none-eabi/lib/armv7e-m/fpu/libc_nano.a(lib_a-stdio.o)
                0x00005760                __sread
 .text.__swrite
                0x00005782       0x38 /home/sae512/.arduino15/packages/RMESS/tools/gcc-arm-none-eabi/5_2-2015q4/bin/../lib/gcc/arm-none-eabi/5.2.1/../../../../arm-none-eabi/lib/armv7e-m/fpu/libc_nano.a(lib_a-stdio.o)
                0x00005782                __swrite
 .text.__sseek  0x000057ba       0x24 /home/sae512/.arduino15/packages/RMESS/tools/gcc-arm-none-eabi/5_2-2015q4/bin/../lib/gcc/arm-none-eabi/5.2.1/../../../../arm-none-eabi/lib/armv7e-m/fpu/libc_nano.a(lib_a-stdio.o)
                0x000057ba                __sseek
 .text.__sclose
                0x000057de        0x8 /home/sae512/.arduino15/packages/RMESS/tools/gcc-arm-none-eabi/5_2-2015q4/bin/../lib/gcc/arm-none-eabi/5.2.1/../../../../arm-none-eabi/lib/armv7e-m/fpu/libc_nano.a(lib_a-stdio.o)
                0x000057de                __sclose
 *fill*         0x000057e6        0x2 
 .text._write_r
                0x000057e8       0x24 /home/sae512/.arduino15/packages/RMESS/tools/gcc-arm-none-eabi/5_2-2015q4/bin/../lib/gcc/arm-none-eabi/5.2.1/../../../../arm-none-eabi/lib/armv7e-m/fpu/libc_nano.a(lib_a-writer.o)
                0x000057e8                _write_r
 .text._close_r
                0x0000580c       0x20 /home/sae512/.arduino15/packages/RMESS/tools/gcc-arm-none-eabi/5_2-2015q4/bin/../lib/gcc/arm-none-eabi/5.2.1/../../../../arm-none-eabi/lib/armv7e-m/fpu/libc_nano.a(lib_a-closer.o)
                0x0000580c                _close_r
 .text._fstat_r
                0x0000582c       0x24 /home/sae512/.arduino15/packages/RMESS/tools/gcc-arm-none-eabi/5_2-2015q4/bin/../lib/gcc/arm-none-eabi/5.2.1/../../../../arm-none-eabi/lib/armv7e-m/fpu/libc_nano.a(lib_a-fstatr.o)
                0x0000582c                _fstat_r
 .text._isatty_r
                0x00005850       0x20 /home/sae512/.arduino15/packages/RMESS/tools/gcc-arm-none-eabi/5_2-2015q4/bin/../lib/gcc/arm-none-eabi/5.2.1/../../../../arm-none-eabi/lib/armv7e-m/fpu/libc_nano.a(lib_a-isattyr.o)
                0x00005850                _isatty_r
 .text._lseek_r
                0x00005870       0x24 /home/sae512/.arduino15/packages/RMESS/tools/gcc-arm-none-eabi/5_2-2015q4/bin/../lib/gcc/arm-none-eabi/5.2.1/../../../../arm-none-eabi/lib/armv7e-m/fpu/libc_nano.a(lib_a-lseekr.o)
                0x00005870                _lseek_r
 .text._read_r  0x00005894       0x24 /home/sae512/.arduino15/packages/RMESS/tools/gcc-arm-none-eabi/5_2-2015q4/bin/../lib/gcc/arm-none-eabi/5.2.1/../../../../arm-none-eabi/lib/armv7e-m/fpu/libc_nano.a(lib_a-readr.o)
                0x00005894                _read_r
 .text._close   0x000058b8       0x10 /home/sae512/.arduino15/packages/RMESS/tools/gcc-arm-none-eabi/5_2-2015q4/bin/../lib/gcc/arm-none-eabi/5.2.1/../../../../arm-none-eabi/lib/armv7e-m/fpu/libnosys.a(close.o)
                0x000058b8                _close
 .text._fstat   0x000058c8       0x10 /home/sae512/.arduino15/packages/RMESS/tools/gcc-arm-none-eabi/5_2-2015q4/bin/../lib/gcc/arm-none-eabi/5.2.1/../../../../arm-none-eabi/lib/armv7e-m/fpu/libnosys.a(fstat.o)
                0x000058c8                _fstat
 .text._getpid  0x000058d8       0x10 /home/sae512/.arduino15/packages/RMESS/tools/gcc-arm-none-eabi/5_2-2015q4/bin/../lib/gcc/arm-none-eabi/5.2.1/../../../../arm-none-eabi/lib/armv7e-m/fpu/libnosys.a(getpid.o)
                0x000058d8                _getpid
 .text._isatty  0x000058e8       0x10 /home/sae512/.arduino15/packages/RMESS/tools/gcc-arm-none-eabi/5_2-2015q4/bin/../lib/gcc/arm-none-eabi/5.2.1/../../../../arm-none-eabi/lib/armv7e-m/fpu/libnosys.a(isatty.o)
                0x000058e8                _isatty
 .text._kill    0x000058f8       0x10 /home/sae512/.arduino15/packages/RMESS/tools/gcc-arm-none-eabi/5_2-2015q4/bin/../lib/gcc/arm-none-eabi/5.2.1/../../../../arm-none-eabi/lib/armv7e-m/fpu/libnosys.a(kill.o)
                0x000058f8                _kill
 .text._lseek   0x00005908       0x10 /home/sae512/.arduino15/packages/RMESS/tools/gcc-arm-none-eabi/5_2-2015q4/bin/../lib/gcc/arm-none-eabi/5.2.1/../../../../arm-none-eabi/lib/armv7e-m/fpu/libnosys.a(lseek.o)
                0x00005908                _lseek
 .text._read    0x00005918       0x10 /home/sae512/.arduino15/packages/RMESS/tools/gcc-arm-none-eabi/5_2-2015q4/bin/../lib/gcc/arm-none-eabi/5.2.1/../../../../arm-none-eabi/lib/armv7e-m/fpu/libnosys.a(read.o)
                0x00005918                _read
 .text._sbrk    0x00005928       0x1c /home/sae512/.arduino15/packages/RMESS/tools/gcc-arm-none-eabi/5_2-2015q4/bin/../lib/gcc/arm-none-eabi/5.2.1/../../../../arm-none-eabi/lib/armv7e-m/fpu/libnosys.a(sbrk.o)
                0x00005928                _sbrk
 .text._exit    0x00005944        0x4 /home/sae512/.arduino15/packages/RMESS/tools/gcc-arm-none-eabi/5_2-2015q4/bin/../lib/gcc/arm-none-eabi/5.2.1/../../../../arm-none-eabi/lib/armv7e-m/fpu/libnosys.a(_exit.o)
                0x00005944                _exit
 *(.init)
 .init          0x00005948        0x4 /home/sae512/.arduino15/packages/RMESS/tools/gcc-arm-none-eabi/5_2-2015q4/bin/../lib/gcc/arm-none-eabi/5.2.1/armv7e-m/fpu/crti.o
                0x00005948                _init
 .init          0x0000594c        0x8 /home/sae512/.arduino15/packages/RMESS/tools/gcc-arm-none-eabi/5_2-2015q4/bin/../lib/gcc/arm-none-eabi/5.2.1/armv7e-m/fpu/crtn.o
 *(.fini)
 .fini          0x00005954        0x4 /home/sae512/.arduino15/packages/RMESS/tools/gcc-arm-none-eabi/5_2-2015q4/bin/../lib/gcc/arm-none-eabi/5.2.1/armv7e-m/fpu/crti.o
                0x00005954                _fini
 .fini          0x00005958        0x8 /home/sae512/.arduino15/packages/RMESS/tools/gcc-arm-none-eabi/5_2-2015q4/bin/../lib/gcc/arm-none-eabi/5.2.1/armv7e-m/fpu/crtn.o
 *crtbegin.o(.ctors)
 *crtbegin?.o(.ctors)
 *(EXCLUDE_FILE(*crtend.o *crtend?.o) .ctors)
 *(SORT(.ctors.*))
 *(.ctors)
 *crtbegin.o(.dtors)
 *crtbegin?.o(.dtors)
 *(EXCLUDE_FILE(*crtend.o *crtend?.o) .dtors)
 *(SORT(.dtors.*))
 *(.dtors)
 *(.rodata*)
 .rodata.str1.1
                0x00005960       0x97 /tmp/arduino/sketches/E65DF7F019958BA2DB7ACD8165DBD9C2/sketch/ODS_A3.ino.cpp.o
 .rodata._ZZN8SPIClassC4EP12NRF_SPI_TypehhhE19__PRETTY_FUNCTION__
                0x000059f7       0x3d /tmp/arduino/sketches/E65DF7F019958BA2DB7ACD8165DBD9C2/libraries/SPI/SPI.cpp.o
 .rodata.str1.1
                0x00005a34       0x65 /tmp/arduino/sketches/E65DF7F019958BA2DB7ACD8165DBD9C2/libraries/SPI/SPI.cpp.o
 *fill*         0x00005a99        0x3 
 .rodata._ZL13TX_FCTRL_TXBR
                0x00005a9c        0xc /tmp/arduino/sketches/E65DF7F019958BA2DB7ACD8165DBD9C2/libraries/DecaDuino/DecaDuino.cpp.o
 .rodata._ZL22calibratedAntennaDelay
                0x00005aa8       0x1c /tmp/arduino/sketches/E65DF7F019958BA2DB7ACD8165DBD9C2/libraries/DecaDuino/DecaDuino.cpp.o
 .rodata._ZL28recommendedManualTxPowerConf
                0x00005ac4       0x28 /tmp/arduino/sketches/E65DF7F019958BA2DB7ACD8165DBD9C2/libraries/DecaDuino/DecaDuino.cpp.o
 .rodata.CSWTCH.160
                0x00005aec       0x12 /tmp/arduino/sketches/E65DF7F019958BA2DB7ACD8165DBD9C2/libraries/DecaDuino/DecaDuino.cpp.o
 .rodata._ZL10TC_PGDELAY
                0x00005afe        0x6 /tmp/arduino/sketches/E65DF7F019958BA2DB7ACD8165DBD9C2/libraries/DecaDuino/DecaDuino.cpp.o
 .rodata._ZL13FS_PLLTUNE_CH
                0x00005b04        0x6 /tmp/arduino/sketches/E65DF7F019958BA2DB7ACD8165DBD9C2/libraries/DecaDuino/DecaDuino.cpp.o
 *fill*         0x00005b0a        0x2 
 .rodata._ZL16smartTxPowerConf
                0x00005b0c       0x28 /tmp/arduino/sketches/E65DF7F019958BA2DB7ACD8165DBD9C2/libraries/DecaDuino/DecaDuino.cpp.o
 .rodata._ZL10DRX_TUNE0b
                0x00005b34        0xc /tmp/arduino/sketches/E65DF7F019958BA2DB7ACD8165DBD9C2/libraries/DecaDuino/DecaDuino.cpp.o
 .rodata._ZL8LDE_REPC
                0x00005b40       0x32 /tmp/arduino/sketches/E65DF7F019958BA2DB7ACD8165DBD9C2/libraries/DecaDuino/DecaDuino.cpp.o
 *fill*         0x00005b72        0x2 
 .rodata._ZL16TX_POWER_CHANNEL
                0x00005b74       0x20 /tmp/arduino/sketches/E65DF7F019958BA2DB7ACD8165DBD9C2/libraries/DecaDuino/DecaDuino.cpp.o
 .rodata._ZL9RF_TXCTRL
                0x00005b94       0x18 /tmp/arduino/sketches/E65DF7F019958BA2DB7ACD8165DBD9C2/libraries/DecaDuino/DecaDuino.cpp.o
 .rodata._ZL12FS_PLLCFG_CH
                0x00005bac       0x18 /tmp/arduino/sketches/E65DF7F019958BA2DB7ACD8165DBD9C2/libraries/DecaDuino/DecaDuino.cpp.o
 .rodata.CSWTCH.191
                0x00005bc4       0x1a /tmp/arduino/sketches/E65DF7F019958BA2DB7ACD8165DBD9C2/libraries/DecaDuino/DecaDuino.cpp.o
 *fill*         0x00005bde        0x2 
 .rodata._ZL7CHANNEL
                0x00005be0       0x20 /tmp/arduino/sketches/E65DF7F019958BA2DB7ACD8165DBD9C2/libraries/DecaDuino/DecaDuino.cpp.o
 .rodata.g_ADigitalPinMap
                0x00005c00       0x6c /tmp/arduino/sketches/E65DF7F019958BA2DB7ACD8165DBD9C2/core/variant.cpp.o
                0x00005c00                g_ADigitalPinMap
 .rodata.str1.1
                0x00005c6c       0x11 /tmp/arduino/sketches/E65DF7F019958BA2DB7ACD8165DBD9C2/../../cores/RMESS_nRF5_DWM1001-DEV_softdevice_none_a3bb6c47e8a15569f3a1fd5e1f800b74/core.a(Print.cpp.o)
 .rodata.CSWTCH.12
                0x00005c7d        0x4 /tmp/arduino/sketches/E65DF7F019958BA2DB7ACD8165DBD9C2/../../cores/RMESS_nRF5_DWM1001-DEV_softdevice_none_a3bb6c47e8a15569f3a1fd5e1f800b74/core.a(system_nrf52.c.o)
 .rodata.CSWTCH.14
                0x00005c81        0x4 /tmp/arduino/sketches/E65DF7F019958BA2DB7ACD8165DBD9C2/../../cores/RMESS_nRF5_DWM1001-DEV_softdevice_none_a3bb6c47e8a15569f3a1fd5e1f800b74/core.a(system_nrf52.c.o)
 *fill*         0x00005c85        0x3 
 .rodata._ZTV4Uart
                0x00005c88       0x30 /tmp/arduino/sketches/E65DF7F019958BA2DB7ACD8165DBD9C2/../../cores/RMESS_nRF5_DWM1001-DEV_softdevice_none_a3bb6c47e8a15569f3a1fd5e1f800b74/core.a(Uart.cpp.o)
                0x00005c88                vtable for Uart
 .rodata.str1.1
                0x00005cb8       0x3c /home/sae512/.arduino15/packages/RMESS/tools/gcc-arm-none-eabi/5_2-2015q4/bin/../lib/gcc/arm-none-eabi/5.2.1/../../../../arm-none-eabi/lib/armv7e-m/fpu/libc_nano.a(lib_a-assert.o)
                                 0x3d (size before relaxing)
 .rodata.str1.1
                0x00005cf4        0x2 /home/sae512/.arduino15/packages/RMESS/tools/gcc-arm-none-eabi/5_2-2015q4/bin/../lib/gcc/arm-none-eabi/5.2.1/../../../../arm-none-eabi/lib/armv7e-m/fpu/libc_nano.a(lib_a-impure.o)
 *fill*         0x00005cf6        0x2 
 .rodata._global_impure_ptr
                0x00005cf8        0x4 /home/sae512/.arduino15/packages/RMESS/tools/gcc-arm-none-eabi/5_2-2015q4/bin/../lib/gcc/arm-none-eabi/5.2.1/../../../../arm-none-eabi/lib/armv7e-m/fpu/libc_nano.a(lib_a-impure.o)
                0x00005cf8                _global_impure_ptr
 .rodata.str1.1
                0x00005cfc       0x11 /home/sae512/.arduino15/packages/RMESS/tools/gcc-arm-none-eabi/5_2-2015q4/bin/../lib/gcc/arm-none-eabi/5.2.1/../../../../arm-none-eabi/lib/armv7e-m/fpu/libc_nano.a(lib_a-nano-vfprintf.o)
 .rodata.str1.1
                0x00005d0d        0xa /home/sae512/.arduino15/packages/RMESS/tools/gcc-arm-none-eabi/5_2-2015q4/bin/../lib/gcc/arm-none-eabi/5.2.1/../../../../arm-none-eabi/lib/armv7e-m/fpu/libc_nano.a(lib_a-nano-vfprintf_float.o)
                                 0x12 (size before relaxing)
 .rodata.str1.1
                0x00005d17       0x22 /home/sae512/.arduino15/packages/RMESS/tools/gcc-arm-none-eabi/5_2-2015q4/bin/../lib/gcc/arm-none-eabi/5.2.1/../../../../arm-none-eabi/lib/armv7e-m/fpu/libc_nano.a(lib_a-nano-vfprintf_i.o)
 .rodata.str1.1
                0x00005d39        0xd /home/sae512/.arduino15/packages/RMESS/tools/gcc-arm-none-eabi/5_2-2015q4/bin/../lib/gcc/arm-none-eabi/5.2.1/../../../../arm-none-eabi/lib/armv7e-m/fpu/libc_nano.a(lib_a-dtoa.o)
                                  0xf (size before relaxing)
 *fill*         0x00005d46        0x2 
 .rodata.__sf_fake_stdin
                0x00005d48       0x20 /home/sae512/.arduino15/packages/RMESS/tools/gcc-arm-none-eabi/5_2-2015q4/bin/../lib/gcc/arm-none-eabi/5.2.1/../../../../arm-none-eabi/lib/armv7e-m/fpu/libc_nano.a(lib_a-findfp.o)
                0x00005d48                __sf_fake_stdin
 .rodata.__sf_fake_stdout
                0x00005d68       0x20 /home/sae512/.arduino15/packages/RMESS/tools/gcc-arm-none-eabi/5_2-2015q4/bin/../lib/gcc/arm-none-eabi/5.2.1/../../../../arm-none-eabi/lib/armv7e-m/fpu/libc_nano.a(lib_a-findfp.o)
                0x00005d68                __sf_fake_stdout
 .rodata.__sf_fake_stderr
                0x00005d88       0x20 /home/sae512/.arduino15/packages/RMESS/tools/gcc-arm-none-eabi/5_2-2015q4/bin/../lib/gcc/arm-none-eabi/5.2.1/../../../../arm-none-eabi/lib/armv7e-m/fpu/libc_nano.a(lib_a-findfp.o)
                0x00005d88                __sf_fake_stderr
 .rodata.str1.1
                0x00005da8        0x6 /home/sae512/.arduino15/packages/RMESS/tools/gcc-arm-none-eabi/5_2-2015q4/bin/../lib/gcc/arm-none-eabi/5.2.1/../../../../arm-none-eabi/lib/armv7e-m/fpu/libc_nano.a(lib_a-locale.o)
                                  0xb (size before relaxing)
 *fill*         0x00005dae        0x2 
 .rodata.__mprec_tens
                0x00005db0       0xc8 /home/sae512/.arduino15/packages/RMESS/tools/gcc-arm-none-eabi/5_2-2015q4/bin/../lib/gcc/arm-none-eabi/5.2.1/../../../../arm-none-eabi/lib/armv7e-m/fpu/libc_nano.a(lib_a-mprec.o)
                0x00005db0                __mprec_tens
 .rodata.__mprec_bigtens
                0x00005e78       0x28 /home/sae512/.arduino15/packages/RMESS/tools/gcc-arm-none-eabi/5_2-2015q4/bin/../lib/gcc/arm-none-eabi/5.2.1/../../../../arm-none-eabi/lib/armv7e-m/fpu/libc_nano.a(lib_a-mprec.o)
                0x00005e78                __mprec_bigtens
 .rodata.p05.5416
                0x00005ea0        0xc /home/sae512/.arduino15/packages/RMESS/tools/gcc-arm-none-eabi/5_2-2015q4/bin/../lib/gcc/arm-none-eabi/5.2.1/../../../../arm-none-eabi/lib/armv7e-m/fpu/libc_nano.a(lib_a-mprec.o)
 *(.eh_frame*)
 .eh_frame      0x00005eac        0x0 /home/sae512/.arduino15/packages/RMESS/tools/gcc-arm-none-eabi/5_2-2015q4/bin/../lib/gcc/arm-none-eabi/5.2.1/armv7e-m/fpu/crtbegin.o
 .eh_frame      0x00005eac        0x4 /home/sae512/.arduino15/packages/RMESS/tools/gcc-arm-none-eabi/5_2-2015q4/bin/../lib/gcc/arm-none-eabi/5.2.1/armv7e-m/fpu/crtend.o

.glue_7         0x00005eb0        0x0
 .glue_7        0x00005eb0        0x0 linker stubs

.glue_7t        0x00005eb0        0x0
 .glue_7t       0x00005eb0        0x0 linker stubs

.vfp11_veneer   0x00005eb0        0x0
 .vfp11_veneer  0x00005eb0        0x0 linker stubs

.v4_bx          0x00005eb0        0x0
 .v4_bx         0x00005eb0        0x0 linker stubs

.iplt           0x00005eb0        0x0
 .iplt          0x00005eb0        0x0 /home/sae512/.arduino15/packages/RMESS/tools/gcc-arm-none-eabi/5_2-2015q4/bin/../lib/gcc/arm-none-eabi/5.2.1/armv7e-m/fpu/crtbegin.o

.ARM.extab
 *(.ARM.extab* .gnu.linkonce.armextab.*)
                0x00005eb0                __exidx_start = .

.ARM.exidx      0x00005eb0        0x8
 *(.ARM.exidx* .gnu.linkonce.armexidx.*)
 .ARM.exidx     0x00005eb0        0x8 /home/sae512/.arduino15/packages/RMESS/tools/gcc-arm-none-eabi/5_2-2015q4/bin/../lib/gcc/arm-none-eabi/5.2.1/../../../../arm-none-eabi/lib/armv7e-m/fpu/crt0.o
                0x00005eb8                __exidx_end = .

.rel.dyn        0x00005eb8        0x0
 .rel.iplt      0x00005eb8        0x0 /home/sae512/.arduino15/packages/RMESS/tools/gcc-arm-none-eabi/5_2-2015q4/bin/../lib/gcc/arm-none-eabi/5.2.1/armv7e-m/fpu/crtbegin.o
                0x00005eb8                . = ALIGN (0x4)
                0x00005eb8                __etext = .

.data           0x20000000       0xd8 load address 0x00005eb8
                0x20000000                __data_start__ = .
 *(vtable)
 *(.data*)
 .data.DRX_TUNE2
                0x20000000       0x20 /tmp/arduino/sketches/E65DF7F019958BA2DB7ACD8165DBD9C2/libraries/DecaDuino/DecaDuino.cpp.o
                0x20000000                DRX_TUNE2
 .data.SystemCoreClock
                0x20000020        0x4 /tmp/arduino/sketches/E65DF7F019958BA2DB7ACD8165DBD9C2/../../cores/RMESS_nRF5_DWM1001-DEV_softdevice_none_a3bb6c47e8a15569f3a1fd5e1f800b74/core.a(system_nrf52.c.o)
                0x20000020                SystemCoreClock
 .data.impure_data
                0x20000024       0x60 /home/sae512/.arduino15/packages/RMESS/tools/gcc-arm-none-eabi/5_2-2015q4/bin/../lib/gcc/arm-none-eabi/5.2.1/../../../../arm-none-eabi/lib/armv7e-m/fpu/libc_nano.a(lib_a-impure.o)
 .data._impure_ptr
                0x20000084        0x4 /home/sae512/.arduino15/packages/RMESS/tools/gcc-arm-none-eabi/5_2-2015q4/bin/../lib/gcc/arm-none-eabi/5.2.1/../../../../arm-none-eabi/lib/armv7e-m/fpu/libc_nano.a(lib_a-impure.o)
                0x20000084                _impure_ptr
 .data.lconv    0x20000088       0x38 /home/sae512/.arduino15/packages/RMESS/tools/gcc-arm-none-eabi/5_2-2015q4/bin/../lib/gcc/arm-none-eabi/5.2.1/../../../../arm-none-eabi/lib/armv7e-m/fpu/libc_nano.a(lib_a-locale.o)
                0x200000c0                . = ALIGN (0x4)
                0x200000c0                PROVIDE (__preinit_array_start, .)
 *(.preinit_array)
                0x200000c0                PROVIDE (__preinit_array_end, .)
                0x200000c0                . = ALIGN (0x4)
                0x200000c0                PROVIDE (__init_array_start, .)
 *(SORT(.init_array.*))
 *(.init_array)
 .init_array    0x200000c0        0x4 /home/sae512/.arduino15/packages/RMESS/tools/gcc-arm-none-eabi/5_2-2015q4/bin/../lib/gcc/arm-none-eabi/5.2.1/armv7e-m/fpu/crtbegin.o
 .init_array    0x200000c4        0x4 /tmp/arduino/sketches/E65DF7F019958BA2DB7ACD8165DBD9C2/sketch/ODS_A3.ino.cpp.o
 .init_array    0x200000c8        0x4 /tmp/arduino/sketches/E65DF7F019958BA2DB7ACD8165DBD9C2/libraries/SPI/SPI.cpp.o
 .init_array    0x200000cc        0x4 /tmp/arduino/sketches/E65DF7F019958BA2DB7ACD8165DBD9C2/../../cores/RMESS_nRF5_DWM1001-DEV_softdevice_none_a3bb6c47e8a15569f3a1fd5e1f800b74/core.a(Uart.cpp.o)
                0x200000d0                PROVIDE (__init_array_end, .)
                0x200000d0                . = ALIGN (0x4)
                [!provide]                PROVIDE (__fini_array_start, .)
 *(SORT(.fini_array.*))
 *(.fini_array)
 .fini_array    0x200000d0        0x4 /home/sae512/.arduino15/packages/RMESS/tools/gcc-arm-none-eabi/5_2-2015q4/bin/../lib/gcc/arm-none-eabi/5.2.1/armv7e-m/fpu/crtbegin.o
                [!provide]                PROVIDE (__fini_array_end, .)
 *(.jcr*)
 .jcr           0x200000d4        0x0 /home/sae512/.arduino15/packages/RMESS/tools/gcc-arm-none-eabi/5_2-2015q4/bin/../lib/gcc/arm-none-eabi/5.2.1/armv7e-m/fpu/crtbegin.o
 .jcr           0x200000d4        0x4 /home/sae512/.arduino15/packages/RMESS/tools/gcc-arm-none-eabi/5_2-2015q4/bin/../lib/gcc/arm-none-eabi/5.2.1/armv7e-m/fpu/crtend.o
                0x200000d8                . = ALIGN (0x4)
                0x200000d8                __data_end__ = .

.tm_clone_table
                0x200000d8        0x0 load address 0x00005f90
 .tm_clone_table
                0x200000d8        0x0 /home/sae512/.arduino15/packages/RMESS/tools/gcc-arm-none-eabi/5_2-2015q4/bin/../lib/gcc/arm-none-eabi/5.2.1/armv7e-m/fpu/crtbegin.o
 .tm_clone_table
                0x200000d8        0x0 /home/sae512/.arduino15/packages/RMESS/tools/gcc-arm-none-eabi/5_2-2015q4/bin/../lib/gcc/arm-none-eabi/5.2.1/armv7e-m/fpu/crtend.o

.igot.plt       0x200000d8        0x0 load address 0x00005f90
 .igot.plt      0x200000d8        0x0 /home/sae512/.arduino15/packages/RMESS/tools/gcc-arm-none-eabi/5_2-2015q4/bin/../lib/gcc/arm-none-eabi/5.2.1/armv7e-m/fpu/crtbegin.o

.bss            0x200000d8      0x400 load address 0x00005f90
                0x200000d8                . = ALIGN (0x4)
                0x200000d8                __bss_start__ = .
 *(.bss*)
 .bss           0x200000d8       0x1c /home/sae512/.arduino15/packages/RMESS/tools/gcc-arm-none-eabi/5_2-2015q4/bin/../lib/gcc/arm-none-eabi/5.2.1/armv7e-m/fpu/crtbegin.o
 *fill*         0x200000f4        0x4 
 .bss.t32       0x200000f8        0x8 /tmp/arduino/sketches/E65DF7F019958BA2DB7ACD8165DBD9C2/sketch/ODS_A3.ino.cpp.o
                0x200000f8                t32
 .bss.t33       0x20000100        0x8 /tmp/arduino/sketches/E65DF7F019958BA2DB7ACD8165DBD9C2/sketch/ODS_A3.ino.cpp.o
                0x20000100                t33
 .bss.rxLen     0x20000108        0x2 /tmp/arduino/sketches/E65DF7F019958BA2DB7ACD8165DBD9C2/sketch/ODS_A3.ino.cpp.o
                0x20000108                rxLen
 *fill*         0x2000010a        0x2 
 .bss.state     0x2000010c        0x4 /tmp/arduino/sketches/E65DF7F019958BA2DB7ACD8165DBD9C2/sketch/ODS_A3.ino.cpp.o
                0x2000010c                state
 .bss.txData    0x20000110       0x80 /tmp/arduino/sketches/E65DF7F019958BA2DB7ACD8165DBD9C2/sketch/ODS_A3.ino.cpp.o
                0x20000110                txData
 .bss.decaduino
                0x20000190      0x160 /tmp/arduino/sketches/E65DF7F019958BA2DB7ACD8165DBD9C2/sketch/ODS_A3.ino.cpp.o
                0x20000190                decaduino
 .bss.timeout   0x200002f0        0x8 /tmp/arduino/sketches/E65DF7F019958BA2DB7ACD8165DBD9C2/sketch/ODS_A3.ino.cpp.o
                0x200002f0                timeout
 .bss.rxData    0x200002f8       0x80 /tmp/arduino/sketches/E65DF7F019958BA2DB7ACD8165DBD9C2/sketch/ODS_A3.ino.cpp.o
                0x200002f8                rxData
 .bss.t31       0x20000378        0x8 /tmp/arduino/sketches/E65DF7F019958BA2DB7ACD8165DBD9C2/sketch/ODS_A3.ino.cpp.o
                0x20000378                t31
 .bss._ZL20DEFAULT_SPI_SETTINGS
                0x20000380        0xc /tmp/arduino/sketches/E65DF7F019958BA2DB7ACD8165DBD9C2/libraries/SPI/SPI.cpp.o
 .bss.SPI       0x2000038c       0x14 /tmp/arduino/sketches/E65DF7F019958BA2DB7ACD8165DBD9C2/libraries/SPI/SPI.cpp.o
                0x2000038c                SPI
 .bss.SPI1      0x200003a0       0x14 /tmp/arduino/sketches/E65DF7F019958BA2DB7ACD8165DBD9C2/libraries/SPI/SPI.cpp.o
                0x200003a0                SPI1
 .bss._ZN9DecaDuino19_DecaDuinoInterruptE
                0x200003b4       0x80 /tmp/arduino/sketches/E65DF7F019958BA2DB7ACD8165DBD9C2/libraries/DecaDuino/DecaDuino.cpp.o
                0x200003b4                DecaDuino::_DecaDuinoInterrupt
 .bss.Serial    0x20000434       0x64 /tmp/arduino/sketches/E65DF7F019958BA2DB7ACD8165DBD9C2/../../cores/RMESS_nRF5_DWM1001-DEV_softdevice_none_a3bb6c47e8a15569f3a1fd5e1f800b74/core.a(Uart.cpp.o)
                0x20000434                Serial
 .bss.channelMap
                0x20000498        0x8 /tmp/arduino/sketches/E65DF7F019958BA2DB7ACD8165DBD9C2/../../cores/RMESS_nRF5_DWM1001-DEV_softdevice_none_a3bb6c47e8a15569f3a1fd5e1f800b74/core.a(WInterrupts.c.o)
 .bss.enabled   0x200004a0        0x4 /tmp/arduino/sketches/E65DF7F019958BA2DB7ACD8165DBD9C2/../../cores/RMESS_nRF5_DWM1001-DEV_softdevice_none_a3bb6c47e8a15569f3a1fd5e1f800b74/core.a(WInterrupts.c.o)
 .bss.callbacksInt
                0x200004a4       0x20 /tmp/arduino/sketches/E65DF7F019958BA2DB7ACD8165DBD9C2/../../cores/RMESS_nRF5_DWM1001-DEV_softdevice_none_a3bb6c47e8a15569f3a1fd5e1f800b74/core.a(WInterrupts.c.o)
 .bss.overflows
                0x200004c4        0x4 /tmp/arduino/sketches/E65DF7F019958BA2DB7ACD8165DBD9C2/../../cores/RMESS_nRF5_DWM1001-DEV_softdevice_none_a3bb6c47e8a15569f3a1fd5e1f800b74/core.a(delay.c.o)
 .bss.__malloc_sbrk_start
                0x200004c8        0x4 /home/sae512/.arduino15/packages/RMESS/tools/gcc-arm-none-eabi/5_2-2015q4/bin/../lib/gcc/arm-none-eabi/5.2.1/../../../../arm-none-eabi/lib/armv7e-m/fpu/libc_nano.a(lib_a-nano-mallocr.o)
                0x200004c8                __malloc_sbrk_start
 .bss.__malloc_free_list
                0x200004cc        0x4 /home/sae512/.arduino15/packages/RMESS/tools/gcc-arm-none-eabi/5_2-2015q4/bin/../lib/gcc/arm-none-eabi/5.2.1/../../../../arm-none-eabi/lib/armv7e-m/fpu/libc_nano.a(lib_a-nano-mallocr.o)
                0x200004cc                __malloc_free_list
 .bss.heap_end.4169
                0x200004d0        0x4 /home/sae512/.arduino15/packages/RMESS/tools/gcc-arm-none-eabi/5_2-2015q4/bin/../lib/gcc/arm-none-eabi/5.2.1/../../../../arm-none-eabi/lib/armv7e-m/fpu/libnosys.a(sbrk.o)
 *(COMMON)
 COMMON         0x200004d4        0x4 /home/sae512/.arduino15/packages/RMESS/tools/gcc-arm-none-eabi/5_2-2015q4/bin/../lib/gcc/arm-none-eabi/5.2.1/../../../../arm-none-eabi/lib/armv7e-m/fpu/libc_nano.a(lib_a-reent.o)
                0x200004d4                errno
                0x200004d8                . = ALIGN (0x4)
                0x200004d8                __bss_end__ = .

.heap           0x200004d8     0x1000
                0x200004d8                __HeapBase = .
                0x200004d8                __end__ = .
                0x200004d8                PROVIDE (end, .)
 *(.heap*)
 .heap          0x200004d8     0x1000 /tmp/arduino/sketches/E65DF7F019958BA2DB7ACD8165DBD9C2/../../cores/RMESS_nRF5_DWM1001-DEV_softdevice_none_a3bb6c47e8a15569f3a1fd5e1f800b74/core.a(gcc_startup_nrf52.S.o)
                0x200014d8                __HeapLimit = .

.stack_dummy    0x200004d8     0x1000
 *(.stack*)
 .stack         0x200004d8     0x1000 /tmp/arduino/sketches/E65DF7F019958BA2DB7ACD8165DBD9C2/../../cores/RMESS_nRF5_DWM1001-DEV_softdevice_none_a3bb6c47e8a15569f3a1fd5e1f800b74/core.a(gcc_startup_nrf52.S.o)
                0x20010000                __StackTop = (ORIGIN (RAM) + LENGTH (RAM))
                0x2000f000                __StackLimit = (__StackTop - SIZEOF (.stack_dummy))
                0x20010000                PROVIDE (__stack, __StackTop)
                0x00000001                ASSERT ((__StackLimit >= __HeapLimit), region RAM overflowed with stack)
                0x000000d8                DataInitFlashUsed = (__bss_start__ - __data_start__)
                0x00005eb8                CodeFlashUsed = (__etext - ORIGIN (FLASH))
                0x00005f90                TotalFlashUsed = (CodeFlashUsed + DataInitFlashUsed)
                0x00000001                ASSERT ((TotalFlashUsed <= LENGTH (FLASH)), region FLASH overflowed with .data and user data)
OUTPUT(/tmp/arduino/sketches/E65DF7F019958BA2DB7ACD8165DBD9C2/ODS_A3.ino.elf elf32-littlearm)

.ARM.attributes
                0x00000000       0x30
 .ARM.attributes
                0x00000000       0x22 /home/sae512/.arduino15/packages/RMESS/tools/gcc-arm-none-eabi/5_2-2015q4/bin/../lib/gcc/arm-none-eabi/5.2.1/armv7e-m/fpu/crti.o
 .ARM.attributes
                0x00000022       0x34 /home/sae512/.arduino15/packages/RMESS/tools/gcc-arm-none-eabi/5_2-2015q4/bin/../lib/gcc/arm-none-eabi/5.2.1/armv7e-m/fpu/crtbegin.o
 .ARM.attributes
                0x00000056       0x20 /home/sae512/.arduino15/packages/RMESS/tools/gcc-arm-none-eabi/5_2-2015q4/bin/../lib/gcc/arm-none-eabi/5.2.1/../../../../arm-none-eabi/lib/armv7e-m/fpu/crt0.o
 .ARM.attributes
                0x00000076       0x39 /tmp/arduino/sketches/E65DF7F019958BA2DB7ACD8165DBD9C2/sketch/ODS_A3.ino.cpp.o
 .ARM.attributes
                0x000000af       0x39 /tmp/arduino/sketches/E65DF7F019958BA2DB7ACD8165DBD9C2/libraries/SPI/SPI.cpp.o
 .ARM.attributes
                0x000000e8       0x39 /tmp/arduino/sketches/E65DF7F019958BA2DB7ACD8165DBD9C2/libraries/DecaDuino/DecaDuino.cpp.o
 .ARM.attributes
                0x00000121       0x39 /tmp/arduino/sketches/E65DF7F019958BA2DB7ACD8165DBD9C2/libraries/printfToSerial/printfToSerial.cpp.o
 .ARM.attributes
                0x0000015a       0x39 /tmp/arduino/sketches/E65DF7F019958BA2DB7ACD8165DBD9C2/core/variant.cpp.o
 .ARM.attributes
                0x00000193       0x34 /home/sae512/.arduino15/packages/RMESS/tools/gcc-arm-none-eabi/5_2-2015q4/bin/../lib/gcc/arm-none-eabi/5.2.1/../../../../arm-none-eabi/lib/armv7e-m/fpu/libm.a(lib_a-s_fpclassify.o)
 .ARM.attributes
                0x000001c7       0x39 /tmp/arduino/sketches/E65DF7F019958BA2DB7ACD8165DBD9C2/../../cores/RMESS_nRF5_DWM1001-DEV_softdevice_none_a3bb6c47e8a15569f3a1fd5e1f800b74/core.a(Print.cpp.o)
 .ARM.attributes
                0x00000200       0x1c /tmp/arduino/sketches/E65DF7F019958BA2DB7ACD8165DBD9C2/../../cores/RMESS_nRF5_DWM1001-DEV_softdevice_none_a3bb6c47e8a15569f3a1fd5e1f800b74/core.a(gcc_startup_nrf52.S.o)
 .ARM.attributes
                0x0000021c       0x39 /tmp/arduino/sketches/E65DF7F019958BA2DB7ACD8165DBD9C2/../../cores/RMESS_nRF5_DWM1001-DEV_softdevice_none_a3bb6c47e8a15569f3a1fd5e1f800b74/core.a(system_nrf52.c.o)
 .ARM.attributes
                0x00000255       0x39 /tmp/arduino/sketches/E65DF7F019958BA2DB7ACD8165DBD9C2/../../cores/RMESS_nRF5_DWM1001-DEV_softdevice_none_a3bb6c47e8a15569f3a1fd5e1f800b74/core.a(Uart.cpp.o)
 .ARM.attributes
                0x0000028e       0x39 /tmp/arduino/sketches/E65DF7F019958BA2DB7ACD8165DBD9C2/../../cores/RMESS_nRF5_DWM1001-DEV_softdevice_none_a3bb6c47e8a15569f3a1fd5e1f800b74/core.a(WInterrupts.c.o)
 .ARM.attributes
                0x000002c7       0x39 /tmp/arduino/sketches/E65DF7F019958BA2DB7ACD8165DBD9C2/../../cores/RMESS_nRF5_DWM1001-DEV_softdevice_none_a3bb6c47e8a15569f3a1fd5e1f800b74/core.a(delay.c.o)
 .ARM.attributes
                0x00000300       0x39 /tmp/arduino/sketches/E65DF7F019958BA2DB7ACD8165DBD9C2/../../cores/RMESS_nRF5_DWM1001-DEV_softdevice_none_a3bb6c47e8a15569f3a1fd5e1f800b74/core.a(hooks.c.o)
 .ARM.attributes
                0x00000339       0x39 /tmp/arduino/sketches/E65DF7F019958BA2DB7ACD8165DBD9C2/../../cores/RMESS_nRF5_DWM1001-DEV_softdevice_none_a3bb6c47e8a15569f3a1fd5e1f800b74/core.a(main.cpp.o)
 .ARM.attributes
                0x00000372       0x39 /tmp/arduino/sketches/E65DF7F019958BA2DB7ACD8165DBD9C2/../../cores/RMESS_nRF5_DWM1001-DEV_softdevice_none_a3bb6c47e8a15569f3a1fd5e1f800b74/core.a(wiring.c.o)
 .ARM.attributes
                0x000003ab       0x39 /tmp/arduino/sketches/E65DF7F019958BA2DB7ACD8165DBD9C2/../../cores/RMESS_nRF5_DWM1001-DEV_softdevice_none_a3bb6c47e8a15569f3a1fd5e1f800b74/core.a(wiring_digital.c.o)
 .ARM.attributes
                0x000003e4       0x39 /tmp/arduino/sketches/E65DF7F019958BA2DB7ACD8165DBD9C2/../../cores/RMESS_nRF5_DWM1001-DEV_softdevice_none_a3bb6c47e8a15569f3a1fd5e1f800b74/core.a(RingBuffer.cpp.o)
 .ARM.attributes
                0x0000041d       0x22 /home/sae512/.arduino15/packages/RMESS/tools/gcc-arm-none-eabi/5_2-2015q4/bin/../lib/gcc/arm-none-eabi/5.2.1/armv7e-m/fpu/libgcc.a(_arm_addsubdf3.o)
 .ARM.attributes
                0x0000043f       0x22 /home/sae512/.arduino15/packages/RMESS/tools/gcc-arm-none-eabi/5_2-2015q4/bin/../lib/gcc/arm-none-eabi/5.2.1/armv7e-m/fpu/libgcc.a(_arm_muldivdf3.o)
 .ARM.attributes
                0x00000461       0x22 /home/sae512/.arduino15/packages/RMESS/tools/gcc-arm-none-eabi/5_2-2015q4/bin/../lib/gcc/arm-none-eabi/5.2.1/armv7e-m/fpu/libgcc.a(_arm_cmpdf2.o)
 .ARM.attributes
                0x00000483       0x22 /home/sae512/.arduino15/packages/RMESS/tools/gcc-arm-none-eabi/5_2-2015q4/bin/../lib/gcc/arm-none-eabi/5.2.1/armv7e-m/fpu/libgcc.a(_arm_fixdfsi.o)
 .ARM.attributes
                0x000004a5       0x22 /home/sae512/.arduino15/packages/RMESS/tools/gcc-arm-none-eabi/5_2-2015q4/bin/../lib/gcc/arm-none-eabi/5.2.1/armv7e-m/fpu/libgcc.a(_arm_truncdfsf2.o)
 .ARM.attributes
                0x000004c7       0x34 /home/sae512/.arduino15/packages/RMESS/tools/gcc-arm-none-eabi/5_2-2015q4/bin/../lib/gcc/arm-none-eabi/5.2.1/../../../../arm-none-eabi/lib/armv7e-m/fpu/libc_nano.a(lib_a-assert.o)
 .ARM.attributes
                0x000004fb       0x34 /home/sae512/.arduino15/packages/RMESS/tools/gcc-arm-none-eabi/5_2-2015q4/bin/../lib/gcc/arm-none-eabi/5.2.1/../../../../arm-none-eabi/lib/armv7e-m/fpu/libc_nano.a(lib_a-exit.o)
 .ARM.attributes
                0x0000052f       0x34 /home/sae512/.arduino15/packages/RMESS/tools/gcc-arm-none-eabi/5_2-2015q4/bin/../lib/gcc/arm-none-eabi/5.2.1/../../../../arm-none-eabi/lib/armv7e-m/fpu/libc_nano.a(lib_a-fprintf.o)
 .ARM.attributes
                0x00000563       0x34 /home/sae512/.arduino15/packages/RMESS/tools/gcc-arm-none-eabi/5_2-2015q4/bin/../lib/gcc/arm-none-eabi/5.2.1/../../../../arm-none-eabi/lib/armv7e-m/fpu/libc_nano.a(lib_a-impure.o)
 .ARM.attributes
                0x00000597       0x34 /home/sae512/.arduino15/packages/RMESS/tools/gcc-arm-none-eabi/5_2-2015q4/bin/../lib/gcc/arm-none-eabi/5.2.1/../../../../arm-none-eabi/lib/armv7e-m/fpu/libc_nano.a(lib_a-init.o)
 .ARM.attributes
                0x000005cb       0x34 /home/sae512/.arduino15/packages/RMESS/tools/gcc-arm-none-eabi/5_2-2015q4/bin/../lib/gcc/arm-none-eabi/5.2.1/../../../../arm-none-eabi/lib/armv7e-m/fpu/libc_nano.a(lib_a-memset.o)
 .ARM.attributes
                0x000005ff       0x34 /home/sae512/.arduino15/packages/RMESS/tools/gcc-arm-none-eabi/5_2-2015q4/bin/../lib/gcc/arm-none-eabi/5.2.1/../../../../arm-none-eabi/lib/armv7e-m/fpu/libc_nano.a(lib_a-nano-vfprintf.o)
 .ARM.attributes
                0x00000633       0x34 /home/sae512/.arduino15/packages/RMESS/tools/gcc-arm-none-eabi/5_2-2015q4/bin/../lib/gcc/arm-none-eabi/5.2.1/../../../../arm-none-eabi/lib/armv7e-m/fpu/libc_nano.a(lib_a-nano-vfprintf_float.o)
 .ARM.attributes
                0x00000667       0x34 /home/sae512/.arduino15/packages/RMESS/tools/gcc-arm-none-eabi/5_2-2015q4/bin/../lib/gcc/arm-none-eabi/5.2.1/../../../../arm-none-eabi/lib/armv7e-m/fpu/libc_nano.a(lib_a-nano-vfprintf_i.o)
 .ARM.attributes
                0x0000069b       0x1b /home/sae512/.arduino15/packages/RMESS/tools/gcc-arm-none-eabi/5_2-2015q4/bin/../lib/gcc/arm-none-eabi/5.2.1/../../../../arm-none-eabi/lib/armv7e-m/fpu/libc_nano.a(lib_a-strlen.o)
 .ARM.attributes
                0x000006b6       0x34 /home/sae512/.arduino15/packages/RMESS/tools/gcc-arm-none-eabi/5_2-2015q4/bin/../lib/gcc/arm-none-eabi/5.2.1/../../../../arm-none-eabi/lib/armv7e-m/fpu/libc_nano.a(lib_a-wbuf.o)
 .ARM.attributes
                0x000006ea       0x34 /home/sae512/.arduino15/packages/RMESS/tools/gcc-arm-none-eabi/5_2-2015q4/bin/../lib/gcc/arm-none-eabi/5.2.1/../../../../arm-none-eabi/lib/armv7e-m/fpu/libc_nano.a(lib_a-wsetup.o)
 .ARM.attributes
                0x0000071e       0x34 /home/sae512/.arduino15/packages/RMESS/tools/gcc-arm-none-eabi/5_2-2015q4/bin/../lib/gcc/arm-none-eabi/5.2.1/../../../../arm-none-eabi/lib/armv7e-m/fpu/libc_nano.a(lib_a-abort.o)
 .ARM.attributes
                0x00000752       0x34 /home/sae512/.arduino15/packages/RMESS/tools/gcc-arm-none-eabi/5_2-2015q4/bin/../lib/gcc/arm-none-eabi/5.2.1/../../../../arm-none-eabi/lib/armv7e-m/fpu/libc_nano.a(lib_a-dtoa.o)
 .ARM.attributes
                0x00000786       0x34 /home/sae512/.arduino15/packages/RMESS/tools/gcc-arm-none-eabi/5_2-2015q4/bin/../lib/gcc/arm-none-eabi/5.2.1/../../../../arm-none-eabi/lib/armv7e-m/fpu/libc_nano.a(lib_a-fflush.o)
 .ARM.attributes
                0x000007ba       0x34 /home/sae512/.arduino15/packages/RMESS/tools/gcc-arm-none-eabi/5_2-2015q4/bin/../lib/gcc/arm-none-eabi/5.2.1/../../../../arm-none-eabi/lib/armv7e-m/fpu/libc_nano.a(lib_a-findfp.o)
 .ARM.attributes
                0x000007ee       0x34 /home/sae512/.arduino15/packages/RMESS/tools/gcc-arm-none-eabi/5_2-2015q4/bin/../lib/gcc/arm-none-eabi/5.2.1/../../../../arm-none-eabi/lib/armv7e-m/fpu/libc_nano.a(lib_a-fwalk.o)
 .ARM.attributes
                0x00000822       0x34 /home/sae512/.arduino15/packages/RMESS/tools/gcc-arm-none-eabi/5_2-2015q4/bin/../lib/gcc/arm-none-eabi/5.2.1/../../../../arm-none-eabi/lib/armv7e-m/fpu/libc_nano.a(lib_a-locale.o)
 .ARM.attributes
                0x00000856       0x34 /home/sae512/.arduino15/packages/RMESS/tools/gcc-arm-none-eabi/5_2-2015q4/bin/../lib/gcc/arm-none-eabi/5.2.1/../../../../arm-none-eabi/lib/armv7e-m/fpu/libc_nano.a(lib_a-makebuf.o)
 .ARM.attributes
                0x0000088a       0x34 /home/sae512/.arduino15/packages/RMESS/tools/gcc-arm-none-eabi/5_2-2015q4/bin/../lib/gcc/arm-none-eabi/5.2.1/../../../../arm-none-eabi/lib/armv7e-m/fpu/libc_nano.a(lib_a-malloc.o)
 .ARM.attributes
                0x000008be       0x20 /home/sae512/.arduino15/packages/RMESS/tools/gcc-arm-none-eabi/5_2-2015q4/bin/../lib/gcc/arm-none-eabi/5.2.1/../../../../arm-none-eabi/lib/armv7e-m/fpu/libc_nano.a(lib_a-memchr.o)
 .ARM.attributes
                0x000008de       0x34 /home/sae512/.arduino15/packages/RMESS/tools/gcc-arm-none-eabi/5_2-2015q4/bin/../lib/gcc/arm-none-eabi/5.2.1/../../../../arm-none-eabi/lib/armv7e-m/fpu/libc_nano.a(lib_a-memcpy-stub.o)
 .ARM.attributes
                0x00000912       0x34 /home/sae512/.arduino15/packages/RMESS/tools/gcc-arm-none-eabi/5_2-2015q4/bin/../lib/gcc/arm-none-eabi/5.2.1/../../../../arm-none-eabi/lib/armv7e-m/fpu/libc_nano.a(lib_a-mprec.o)
 .ARM.attributes